[1.161s] Invoking command in '/home/nicholas/Documents/ROS2_notes/ros2_ws/src/py_pubsub': DEBUGINFOD_URLS=https://debuginfod.ubuntu.com PYTHONPATH=/home/nicholas/Documents/ROS2_notes/ros2_ws/build/py_pubsub/prefix_override:/usr/lib/python3/dist-packages/colcon_core/task/python/colcon_distutils_commands:/home/nicholas/Documents/ROS2_notes/ros2_ws/install/py_pubsub/lib/python3.12/site-packages:${PYTHONPATH} /usr/bin/python3 -W ignore:setup.py install is deprecated -W ignore:easy_install command is deprecated setup.py egg_info --egg-base ../../build/py_pubsub build --build-base /home/nicholas/Documents/ROS2_notes/ros2_ws/build/py_pubsub/build install --record /home/nicholas/Documents/ROS2_notes/ros2_ws/build/py_pubsub/install.log --install-scripts $base/lib/py_pubsub --single-version-externally-managed install_data
[1.449s] running egg_info
[1.449s] creating ../../build/py_pubsub/py_pubsub.egg-info
[1.469s] writing ../../build/py_pubsub/py_pubsub.egg-info/PKG-INFO
[1.469s] writing dependency_links to ../../build/py_pubsub/py_pubsub.egg-info/dependency_links.txt
[1.470s] writing entry points to ../../build/py_pubsub/py_pubsub.egg-info/entry_points.txt
[1.470s] writing requirements to ../../build/py_pubsub/py_pubsub.egg-info/requires.txt
[1.470s] writing top-level names to ../../build/py_pubsub/py_pubsub.egg-info/top_level.txt
[1.470s] writing manifest file '../../build/py_pubsub/py_pubsub.egg-info/SOURCES.txt'
[1.515s] reading manifest file '../../build/py_pubsub/py_pubsub.egg-info/SOURCES.txt'
[1.515s] adding license file 'LICENSE'
[1.516s] writing manifest file '../../build/py_pubsub/py_pubsub.egg-info/SOURCES.txt'
[1.516s] running build
[1.516s] running build_py
[1.517s] creating /home/nicholas/Documents/ROS2_notes/ros2_ws/build/py_pubsub/build
[1.517s] creating /home/nicholas/Documents/ROS2_notes/ros2_ws/build/py_pubsub/build/lib
[1.517s] creating /home/nicholas/Documents/ROS2_notes/ros2_ws/build/py_pubsub/build/lib/py_pubsub
[1.518s] copying py_pubsub/publisher_member_function.py -> /home/nicholas/Documents/ROS2_notes/ros2_ws/build/py_pubsub/build/lib/py_pubsub
[1.518s] copying py_pubsub/__init__.py -> /home/nicholas/Documents/ROS2_notes/ros2_ws/build/py_pubsub/build/lib/py_pubsub
[1.518s] copying py_pubsub/subscriber_member_function.py -> /home/nicholas/Documents/ROS2_notes/ros2_ws/build/py_pubsub/build/lib/py_pubsub
[1.518s] running install
[1.530s] running install_lib
[1.559s] creating /home/nicholas/Documents/ROS2_notes/ros2_ws/install/py_pubsub/lib/python3.12/site-packages/py_pubsub
[1.560s] copying /home/nicholas/Documents/ROS2_notes/ros2_ws/build/py_pubsub/build/lib/py_pubsub/publisher_member_function.py -> /home/nicholas/Documents/ROS2_notes/ros2_ws/install/py_pubsub/lib/python3.12/site-packages/py_pubsub
[1.560s] copying /home/nicholas/Documents/ROS2_notes/ros2_ws/build/py_pubsub/build/lib/py_pubsub/__init__.py -> /home/nicholas/Documents/ROS2_notes/ros2_ws/install/py_pubsub/lib/python3.12/site-packages/py_pubsub
[1.561s] copying /home/nicholas/Documents/ROS2_notes/ros2_ws/build/py_pubsub/build/lib/py_pubsub/subscriber_member_function.py -> /home/nicholas/Documents/ROS2_notes/ros2_ws/install/py_pubsub/lib/python3.12/site-packages/py_pubsub
[1.562s] byte-compiling /home/nicholas/Documents/ROS2_notes/ros2_ws/install/py_pubsub/lib/python3.12/site-packages/py_pubsub/publisher_member_function.py to publisher_member_function.cpython-312.pyc
[1.563s] byte-compiling /home/nicholas/Documents/ROS2_notes/ros2_ws/install/py_pubsub/lib/python3.12/site-packages/py_pubsub/__init__.py to __init__.cpython-312.pyc
[1.563s] byte-compiling /home/nicholas/Documents/ROS2_notes/ros2_ws/install/py_pubsub/lib/python3.12/site-packages/py_pubsub/subscriber_member_function.py to subscriber_member_function.cpython-312.pyc
[1.564s] running install_data
[1.564s] creating /home/nicholas/Documents/ROS2_notes/ros2_ws/install/py_pubsub/share/ament_index
[1.565s] creating /home/nicholas/Documents/ROS2_notes/ros2_ws/install/py_pubsub/share/ament_index/resource_index
[1.565s] creating /home/nicholas/Documents/ROS2_notes/ros2_ws/install/py_pubsub/share/ament_index/resource_index/packages
[1.565s] copying resource/py_pubsub -> /home/nicholas/Documents/ROS2_notes/ros2_ws/install/py_pubsub/share/ament_index/resource_index/packages
[1.565s] copying package.xml -> /home/nicholas/Documents/ROS2_notes/ros2_ws/install/py_pubsub/share/py_pubsub
[1.565s] running install_egg_info
[1.589s] Copying ../../build/py_pubsub/py_pubsub.egg-info to /home/nicholas/Documents/ROS2_notes/ros2_ws/install/py_pubsub/lib/python3.12/site-packages/py_pubsub-0.0.0-py3.12.egg-info
[1.590s] running install_scripts
[1.755s] Installing listener script to /home/nicholas/Documents/ROS2_notes/ros2_ws/install/py_pubsub/lib/py_pubsub
[1.755s] Installing talker script to /home/nicholas/Documents/ROS2_notes/ros2_ws/install/py_pubsub/lib/py_pubsub
[1.755s] writing list of installed files to '/home/nicholas/Documents/ROS2_notes/ros2_ws/build/py_pubsub/install.log'
[1.824s] Invoked command in '/home/nicholas/Documents/ROS2_notes/ros2_ws/src/py_pubsub' returned '0': DEBUGINFOD_URLS=https://debuginfod.ubuntu.com PYTHONPATH=/home/nicholas/Documents/ROS2_notes/ros2_ws/build/py_pubsub/prefix_override:/usr/lib/python3/dist-packages/colcon_core/task/python/colcon_distutils_commands:/home/nicholas/Documents/ROS2_notes/ros2_ws/install/py_pubsub/lib/python3.12/site-packages:${PYTHONPATH} /usr/bin/python3 -W ignore:setup.py install is deprecated -W ignore:easy_install command is deprecated setup.py egg_info --egg-base ../../build/py_pubsub build --build-base /home/nicholas/Documents/ROS2_notes/ros2_ws/build/py_pubsub/build install --record /home/nicholas/Documents/ROS2_notes/ros2_ws/build/py_pubsub/install.log --install-scripts $base/lib/py_pubsub --single-version-externally-managed install_data
