[3.024s] Invoking command in '/home/nicholas/Documents/ROS2_notes/ros2_ws/src/examples/rclpy/topics/minimal_subscriber': DEBUGINFOD_URLS=https://debuginfod.ubuntu.com PYTHONPATH=/home/nicholas/Documents/ROS2_notes/ros2_ws/build/examples_rclpy_minimal_subscriber/prefix_override:/usr/lib/python3/dist-packages/colcon_core/task/python/colcon_distutils_commands:/home/nicholas/Documents/ROS2_notes/ros2_ws/install/examples_rclpy_minimal_subscriber/lib/python3.12/site-packages:${PYTHONPATH} /usr/bin/python3 -W ignore:setup.py install is deprecated -W ignore:easy_install command is deprecated setup.py egg_info --egg-base ../../../../../build/examples_rclpy_minimal_subscriber build --build-base /home/nicholas/Documents/ROS2_notes/ros2_ws/build/examples_rclpy_minimal_subscriber/build install --record /home/nicholas/Documents/ROS2_notes/ros2_ws/build/examples_rclpy_minimal_subscriber/install.log --install-scripts $base/lib/examples_rclpy_minimal_subscriber --single-version-externally-managed install_data
[3.529s] running egg_info
[3.563s] writing ../../../../../build/examples_rclpy_minimal_subscriber/examples_rclpy_minimal_subscriber.egg-info/PKG-INFO
[3.563s] writing dependency_links to ../../../../../build/examples_rclpy_minimal_subscriber/examples_rclpy_minimal_subscriber.egg-info/dependency_links.txt
[3.563s] writing entry points to ../../../../../build/examples_rclpy_minimal_subscriber/examples_rclpy_minimal_subscriber.egg-info/entry_points.txt
[3.563s] writing requirements to ../../../../../build/examples_rclpy_minimal_subscriber/examples_rclpy_minimal_subscriber.egg-info/requires.txt
[3.563s] writing top-level names to ../../../../../build/examples_rclpy_minimal_subscriber/examples_rclpy_minimal_subscriber.egg-info/top_level.txt
[3.627s] reading manifest file '../../../../../build/examples_rclpy_minimal_subscriber/examples_rclpy_minimal_subscriber.egg-info/SOURCES.txt'
[3.627s] writing manifest file '../../../../../build/examples_rclpy_minimal_subscriber/examples_rclpy_minimal_subscriber.egg-info/SOURCES.txt'
[3.628s] running build
[3.629s] running build_py
[3.630s] running install
[3.640s] running install_lib
[3.676s] running install_data
[3.676s] running install_egg_info
[3.712s] removing '/home/nicholas/Documents/ROS2_notes/ros2_ws/install/examples_rclpy_minimal_subscriber/lib/python3.12/site-packages/examples_rclpy_minimal_subscriber-0.19.7-py3.12.egg-info' (and everything under it)
[3.713s] Copying ../../../../../build/examples_rclpy_minimal_subscriber/examples_rclpy_minimal_subscriber.egg-info to /home/nicholas/Documents/ROS2_notes/ros2_ws/install/examples_rclpy_minimal_subscriber/lib/python3.12/site-packages/examples_rclpy_minimal_subscriber-0.19.7-py3.12.egg-info
[3.716s] running install_scripts
[3.920s] Installing subscriber_lambda script to /home/nicholas/Documents/ROS2_notes/ros2_ws/install/examples_rclpy_minimal_subscriber/lib/examples_rclpy_minimal_subscriber
[3.921s] Installing subscriber_member_function script to /home/nicholas/Documents/ROS2_notes/ros2_ws/install/examples_rclpy_minimal_subscriber/lib/examples_rclpy_minimal_subscriber
[3.921s] Installing subscriber_old_school script to /home/nicholas/Documents/ROS2_notes/ros2_ws/install/examples_rclpy_minimal_subscriber/lib/examples_rclpy_minimal_subscriber
[3.921s] writing list of installed files to '/home/nicholas/Documents/ROS2_notes/ros2_ws/build/examples_rclpy_minimal_subscriber/install.log'
[4.029s] Invoked command in '/home/nicholas/Documents/ROS2_notes/ros2_ws/src/examples/rclpy/topics/minimal_subscriber' returned '0': DEBUGINFOD_URLS=https://debuginfod.ubuntu.com PYTHONPATH=/home/nicholas/Documents/ROS2_notes/ros2_ws/build/examples_rclpy_minimal_subscriber/prefix_override:/usr/lib/python3/dist-packages/colcon_core/task/python/colcon_distutils_commands:/home/nicholas/Documents/ROS2_notes/ros2_ws/install/examples_rclpy_minimal_subscriber/lib/python3.12/site-packages:${PYTHONPATH} /usr/bin/python3 -W ignore:setup.py install is deprecated -W ignore:easy_install command is deprecated setup.py egg_info --egg-base ../../../../../build/examples_rclpy_minimal_subscriber build --build-base /home/nicholas/Documents/ROS2_notes/ros2_ws/build/examples_rclpy_minimal_subscriber/build install --record /home/nicholas/Documents/ROS2_notes/ros2_ws/build/examples_rclpy_minimal_subscriber/install.log --install-scripts $base/lib/examples_rclpy_minimal_subscriber --single-version-externally-managed install_data
