/home/nicholas/Documents/ROS2_notes/ros2_ws/install/examples_rclpy_minimal_action_server/lib/python3.12/site-packages/examples_rclpy_minimal_action_server/server_queue_goals.py
/home/nicholas/Documents/ROS2_notes/ros2_ws/install/examples_rclpy_minimal_action_server/lib/python3.12/site-packages/examples_rclpy_minimal_action_server/server_not_composable.py
/home/nicholas/Documents/ROS2_notes/ros2_ws/install/examples_rclpy_minimal_action_server/lib/python3.12/site-packages/examples_rclpy_minimal_action_server/server.py
/home/nicholas/Documents/ROS2_notes/ros2_ws/install/examples_rclpy_minimal_action_server/lib/python3.12/site-packages/examples_rclpy_minimal_action_server/server_defer.py
/home/nicholas/Documents/ROS2_notes/ros2_ws/install/examples_rclpy_minimal_action_server/lib/python3.12/site-packages/examples_rclpy_minimal_action_server/__init__.py
/home/nicholas/Documents/ROS2_notes/ros2_ws/install/examples_rclpy_minimal_action_server/lib/python3.12/site-packages/examples_rclpy_minimal_action_server/server_single_goal.py
/home/nicholas/Documents/ROS2_notes/ros2_ws/install/examples_rclpy_minimal_action_server/lib/python3.12/site-packages/examples_rclpy_minimal_action_server/__pycache__/server_queue_goals.cpython-312.pyc
/home/nicholas/Documents/ROS2_notes/ros2_ws/install/examples_rclpy_minimal_action_server/lib/python3.12/site-packages/examples_rclpy_minimal_action_server/__pycache__/server_not_composable.cpython-312.pyc
/home/nicholas/Documents/ROS2_notes/ros2_ws/install/examples_rclpy_minimal_action_server/lib/python3.12/site-packages/examples_rclpy_minimal_action_server/__pycache__/server.cpython-312.pyc
/home/nicholas/Documents/ROS2_notes/ros2_ws/install/examples_rclpy_minimal_action_server/lib/python3.12/site-packages/examples_rclpy_minimal_action_server/__pycache__/server_defer.cpython-312.pyc
/home/nicholas/Documents/ROS2_notes/ros2_ws/install/examples_rclpy_minimal_action_server/lib/python3.12/site-packages/examples_rclpy_minimal_action_server/__pycache__/__init__.cpython-312.pyc
/home/nicholas/Documents/ROS2_notes/ros2_ws/install/examples_rclpy_minimal_action_server/lib/python3.12/site-packages/examples_rclpy_minimal_action_server/__pycache__/server_single_goal.cpython-312.pyc
/home/nicholas/Documents/ROS2_notes/ros2_ws/install/examples_rclpy_minimal_action_server/share/ament_index/resource_index/packages/examples_rclpy_minimal_action_server
/home/nicholas/Documents/ROS2_notes/ros2_ws/install/examples_rclpy_minimal_action_server/share/examples_rclpy_minimal_action_server/package.xml
/home/nicholas/Documents/ROS2_notes/ros2_ws/install/examples_rclpy_minimal_action_server/lib/python3.12/site-packages/examples_rclpy_minimal_action_server-0.19.7-py3.12.egg-info/zip-safe
/home/nicholas/Documents/ROS2_notes/ros2_ws/install/examples_rclpy_minimal_action_server/lib/python3.12/site-packages/examples_rclpy_minimal_action_server-0.19.7-py3.12.egg-info/entry_points.txt
/home/nicholas/Documents/ROS2_notes/ros2_ws/install/examples_rclpy_minimal_action_server/lib/python3.12/site-packages/examples_rclpy_minimal_action_server-0.19.7-py3.12.egg-info/requires.txt
/home/nicholas/Documents/ROS2_notes/ros2_ws/install/examples_rclpy_minimal_action_server/lib/python3.12/site-packages/examples_rclpy_minimal_action_server-0.19.7-py3.12.egg-info/top_level.txt
/home/nicholas/Documents/ROS2_notes/ros2_ws/install/examples_rclpy_minimal_action_server/lib/python3.12/site-packages/examples_rclpy_minimal_action_server-0.19.7-py3.12.egg-info/SOURCES.txt
/home/nicholas/Documents/ROS2_notes/ros2_ws/install/examples_rclpy_minimal_action_server/lib/python3.12/site-packages/examples_rclpy_minimal_action_server-0.19.7-py3.12.egg-info/dependency_links.txt
/home/nicholas/Documents/ROS2_notes/ros2_ws/install/examples_rclpy_minimal_action_server/lib/python3.12/site-packages/examples_rclpy_minimal_action_server-0.19.7-py3.12.egg-info/PKG-INFO
/home/nicholas/Documents/ROS2_notes/ros2_ws/install/examples_rclpy_minimal_action_server/lib/examples_rclpy_minimal_action_server/server
/home/nicholas/Documents/ROS2_notes/ros2_ws/install/examples_rclpy_minimal_action_server/lib/examples_rclpy_minimal_action_server/server_defer
/home/nicholas/Documents/ROS2_notes/ros2_ws/install/examples_rclpy_minimal_action_server/lib/examples_rclpy_minimal_action_server/server_not_composable
/home/nicholas/Documents/ROS2_notes/ros2_ws/install/examples_rclpy_minimal_action_server/lib/examples_rclpy_minimal_action_server/server_queue_goals
/home/nicholas/Documents/ROS2_notes/ros2_ws/install/examples_rclpy_minimal_action_server/lib/examples_rclpy_minimal_action_server/server_single_goal
