[0.548s] Invoking command in '/home/nicholas/Documents/ROS2_notes/ros2_ws/build/turtlesim': CMAKE_PREFIX_PATH=${CMAKE_PREFIX_PATH}:/opt/ros/jazzy DEBUGINFOD_URLS=https://debuginfod.ubuntu.com /usr/bin/cmake --build /home/nicholas/Documents/ROS2_notes/ros2_ws/build/turtlesim -- -j8 -l8
[0.650s] [  1%] Built target turtlesim__rs
[0.705s] [  1%] Built target ament_cmake_python_copy_turtlesim
[0.738s] [  2%] Built target turtlesim__rosidl_generator_type_description
[1.106s] running egg_info
[1.129s] writing turtlesim.egg-info/PKG-INFO
[1.129s] writing dependency_links to turtlesim.egg-info/dependency_links.txt
[1.130s] writing top-level names to turtlesim.egg-info/top_level.txt
[1.199s] reading manifest file 'turtlesim.egg-info/SOURCES.txt'
[1.200s] writing manifest file 'turtlesim.egg-info/SOURCES.txt'
[1.265s] [  2%] Built target ament_cmake_python_build_turtlesim_egg
[1.293s] [  2%] Built target turtlesim__cpp
[1.343s] [ 25%] Built target turtlesim__rosidl_generator_c
[1.405s] [ 34%] Built target turtlesim__rosidl_typesupport_fastrtps_c
[1.462s] [ 42%] Built target turtlesim__rosidl_typesupport_cpp
[1.516s] [ 50%] Built target turtlesim__rosidl_typesupport_introspection_cpp
[1.565s] [ 52%] Built target mimic
[1.624s] [ 53%] Built target draw_square
[1.694s] [ 55%] Built target turtle_teleop_key
[1.791s] [ 56%] [32mBuilding CXX object CMakeFiles/turtlesim_node.dir/src/turtle_frame.cpp.o[0m
[14.272s] [ 56%] [32m[1mLinking CXX executable turtlesim_node[0m
[17.367s] [ 60%] Built target turtlesim_node
[17.403s] [ 69%] Built target turtlesim__rosidl_typesupport_c
[17.404s] [ 78%] Built target turtlesim__rosidl_typesupport_introspection_c
[17.419s] [ 86%] Built target turtlesim__rosidl_typesupport_fastrtps_cpp
[17.446s] [ 86%] Built target turtlesim
[17.474s] [ 87%] Built target turtlesim__py
[17.523s] [ 94%] Built target turtlesim__rosidl_generator_py
[17.558s] [100%] Built target turtlesim_s__rosidl_typesupport_c
[17.558s] [100%] Built target turtlesim_s__rosidl_typesupport_introspection_c
[17.558s] [100%] Built target turtlesim_s__rosidl_typesupport_fastrtps_c
[17.578s] Invoked command in '/home/nicholas/Documents/ROS2_notes/ros2_ws/build/turtlesim' returned '0': CMAKE_PREFIX_PATH=${CMAKE_PREFIX_PATH}:/opt/ros/jazzy DEBUGINFOD_URLS=https://debuginfod.ubuntu.com /usr/bin/cmake --build /home/nicholas/Documents/ROS2_notes/ros2_ws/build/turtlesim -- -j8 -l8
[17.580s] Invoking command in '/home/nicholas/Documents/ROS2_notes/ros2_ws/build/turtlesim': CMAKE_PREFIX_PATH=${CMAKE_PREFIX_PATH}:/opt/ros/jazzy DEBUGINFOD_URLS=https://debuginfod.ubuntu.com /usr/bin/cmake --install /home/nicholas/Documents/ROS2_notes/ros2_ws/build/turtlesim
[17.589s] -- Install configuration: ""
[17.589s] -- Up-to-date: /home/nicholas/Documents/ROS2_notes/ros2_ws/install/turtlesim/share/ament_index/resource_index/rosidl_interfaces/turtlesim
[17.589s] -- Up-to-date: /home/nicholas/Documents/ROS2_notes/ros2_ws/install/turtlesim/share/turtlesim/action/RotateAbsolute.json
[17.590s] -- Up-to-date: /home/nicholas/Documents/ROS2_notes/ros2_ws/install/turtlesim/share/turtlesim/msg/Color.json
[17.590s] -- Up-to-date: /home/nicholas/Documents/ROS2_notes/ros2_ws/install/turtlesim/share/turtlesim/msg/Pose.json
[17.590s] -- Up-to-date: /home/nicholas/Documents/ROS2_notes/ros2_ws/install/turtlesim/share/turtlesim/srv/Kill.json
[17.590s] -- Up-to-date: /home/nicholas/Documents/ROS2_notes/ros2_ws/install/turtlesim/share/turtlesim/srv/SetPen.json
[17.591s] -- Up-to-date: /home/nicholas/Documents/ROS2_notes/ros2_ws/install/turtlesim/share/turtlesim/srv/Spawn.json
[17.591s] -- Up-to-date: /home/nicholas/Documents/ROS2_notes/ros2_ws/install/turtlesim/share/turtlesim/srv/TeleportAbsolute.json
[17.591s] -- Up-to-date: /home/nicholas/Documents/ROS2_notes/ros2_ws/install/turtlesim/share/turtlesim/srv/TeleportRelative.json
[17.591s] -- Up-to-date: /home/nicholas/Documents/ROS2_notes/ros2_ws/install/turtlesim/include/turtlesim/turtlesim
[17.591s] -- Up-to-date: /home/nicholas/Documents/ROS2_notes/ros2_ws/install/turtlesim/include/turtlesim/turtlesim/msg
[17.592s] -- Up-to-date: /home/nicholas/Documents/ROS2_notes/ros2_ws/install/turtlesim/include/turtlesim/turtlesim/msg/color.h
[17.592s] -- Up-to-date: /home/nicholas/Documents/ROS2_notes/ros2_ws/install/turtlesim/include/turtlesim/turtlesim/msg/pose.h
[17.592s] -- Up-to-date: /home/nicholas/Documents/ROS2_notes/ros2_ws/install/turtlesim/include/turtlesim/turtlesim/msg/rosidl_generator_c__visibility_control.h
[17.592s] -- Up-to-date: /home/nicholas/Documents/ROS2_notes/ros2_ws/install/turtlesim/include/turtlesim/turtlesim/msg/detail
[17.592s] -- Installing: /home/nicholas/Documents/ROS2_notes/ros2_ws/install/turtlesim/include/turtlesim/turtlesim/msg/detail/pose__type_support.c
[17.592s] -- Up-to-date: /home/nicholas/Documents/ROS2_notes/ros2_ws/install/turtlesim/include/turtlesim/turtlesim/msg/detail/pose__description.c
[17.593s] -- Up-to-date: /home/nicholas/Documents/ROS2_notes/ros2_ws/install/turtlesim/include/turtlesim/turtlesim/msg/detail/pose__functions.c
[17.593s] -- Up-to-date: /home/nicholas/Documents/ROS2_notes/ros2_ws/install/turtlesim/include/turtlesim/turtlesim/msg/detail/pose__type_support.h
[17.593s] -- Up-to-date: /home/nicholas/Documents/ROS2_notes/ros2_ws/install/turtlesim/include/turtlesim/turtlesim/msg/detail/color__description.c
[17.593s] -- Up-to-date: /home/nicholas/Documents/ROS2_notes/ros2_ws/install/turtlesim/include/turtlesim/turtlesim/msg/detail/pose__struct.h
[17.593s] -- Up-to-date: /home/nicholas/Documents/ROS2_notes/ros2_ws/install/turtlesim/include/turtlesim/turtlesim/msg/detail/color__type_support.h
[17.593s] -- Up-to-date: /home/nicholas/Documents/ROS2_notes/ros2_ws/install/turtlesim/include/turtlesim/turtlesim/msg/detail/color__functions.c
[17.593s] -- Up-to-date: /home/nicholas/Documents/ROS2_notes/ros2_ws/install/turtlesim/include/turtlesim/turtlesim/msg/detail/color__struct.h
[17.594s] -- Installing: /home/nicholas/Documents/ROS2_notes/ros2_ws/install/turtlesim/include/turtlesim/turtlesim/msg/detail/color__type_support.c
[17.594s] -- Up-to-date: /home/nicholas/Documents/ROS2_notes/ros2_ws/install/turtlesim/include/turtlesim/turtlesim/msg/detail/pose__functions.h
[17.594s] -- Up-to-date: /home/nicholas/Documents/ROS2_notes/ros2_ws/install/turtlesim/include/turtlesim/turtlesim/msg/detail/color__functions.h
[17.594s] -- Up-to-date: /home/nicholas/Documents/ROS2_notes/ros2_ws/install/turtlesim/include/turtlesim/turtlesim/srv
[17.595s] -- Up-to-date: /home/nicholas/Documents/ROS2_notes/ros2_ws/install/turtlesim/include/turtlesim/turtlesim/srv/set_pen.h
[17.595s] -- Up-to-date: /home/nicholas/Documents/ROS2_notes/ros2_ws/install/turtlesim/include/turtlesim/turtlesim/srv/teleport_relative.h
[17.596s] -- Up-to-date: /home/nicholas/Documents/ROS2_notes/ros2_ws/install/turtlesim/include/turtlesim/turtlesim/srv/detail
[17.596s] -- Up-to-date: /home/nicholas/Documents/ROS2_notes/ros2_ws/install/turtlesim/include/turtlesim/turtlesim/srv/detail/teleport_relative__struct.h
[17.596s] -- Up-to-date: /home/nicholas/Documents/ROS2_notes/ros2_ws/install/turtlesim/include/turtlesim/turtlesim/srv/detail/kill__type_support.h
[17.596s] -- Installing: /home/nicholas/Documents/ROS2_notes/ros2_ws/install/turtlesim/include/turtlesim/turtlesim/srv/detail/set_pen__type_support.c
[17.596s] -- Up-to-date: /home/nicholas/Documents/ROS2_notes/ros2_ws/install/turtlesim/include/turtlesim/turtlesim/srv/detail/spawn__struct.h
[17.596s] -- Up-to-date: /home/nicholas/Documents/ROS2_notes/ros2_ws/install/turtlesim/include/turtlesim/turtlesim/srv/detail/kill__functions.h
[17.596s] -- Up-to-date: /home/nicholas/Documents/ROS2_notes/ros2_ws/install/turtlesim/include/turtlesim/turtlesim/srv/detail/spawn__functions.c
[17.596s] -- Up-to-date: /home/nicholas/Documents/ROS2_notes/ros2_ws/install/turtlesim/include/turtlesim/turtlesim/srv/detail/spawn__type_support.h
[17.596s] -- Up-to-date: /home/nicholas/Documents/ROS2_notes/ros2_ws/install/turtlesim/include/turtlesim/turtlesim/srv/detail/set_pen__type_support.h
[17.596s] -- Up-to-date: /home/nicholas/Documents/ROS2_notes/ros2_ws/install/turtlesim/include/turtlesim/turtlesim/srv/detail/teleport_absolute__functions.c
[17.597s] -- Installing: /home/nicholas/Documents/ROS2_notes/ros2_ws/install/turtlesim/include/turtlesim/turtlesim/srv/detail/teleport_relative__type_support.c
[17.597s] -- Up-to-date: /home/nicholas/Documents/ROS2_notes/ros2_ws/install/turtlesim/include/turtlesim/turtlesim/srv/detail/teleport_absolute__description.c
[17.597s] -- Up-to-date: /home/nicholas/Documents/ROS2_notes/ros2_ws/install/turtlesim/include/turtlesim/turtlesim/srv/detail/spawn__description.c
[17.597s] -- Up-to-date: /home/nicholas/Documents/ROS2_notes/ros2_ws/install/turtlesim/include/turtlesim/turtlesim/srv/detail/teleport_relative__functions.h
[17.597s] -- Installing: /home/nicholas/Documents/ROS2_notes/ros2_ws/install/turtlesim/include/turtlesim/turtlesim/srv/detail/kill__type_support.c
[17.597s] -- Up-to-date: /home/nicholas/Documents/ROS2_notes/ros2_ws/install/turtlesim/include/turtlesim/turtlesim/srv/detail/set_pen__struct.h
[17.597s] -- Installing: /home/nicholas/Documents/ROS2_notes/ros2_ws/install/turtlesim/include/turtlesim/turtlesim/srv/detail/spawn__type_support.c
[17.598s] -- Up-to-date: /home/nicholas/Documents/ROS2_notes/ros2_ws/install/turtlesim/include/turtlesim/turtlesim/srv/detail/set_pen__functions.h
[17.598s] -- Up-to-date: /home/nicholas/Documents/ROS2_notes/ros2_ws/install/turtlesim/include/turtlesim/turtlesim/srv/detail/teleport_relative__type_support.h
[17.599s] -- Up-to-date: /home/nicholas/Documents/ROS2_notes/ros2_ws/install/turtlesim/include/turtlesim/turtlesim/srv/detail/set_pen__description.c
[17.599s] -- Installing: /home/nicholas/Documents/ROS2_notes/ros2_ws/install/turtlesim/include/turtlesim/turtlesim/srv/detail/teleport_absolute__type_support.c
[17.599s] -- Up-to-date: /home/nicholas/Documents/ROS2_notes/ros2_ws/install/turtlesim/include/turtlesim/turtlesim/srv/detail/teleport_absolute__type_support.h
[17.599s] -- Up-to-date: /home/nicholas/Documents/ROS2_notes/ros2_ws/install/turtlesim/include/turtlesim/turtlesim/srv/detail/teleport_absolute__functions.h
[17.599s] -- Up-to-date: /home/nicholas/Documents/ROS2_notes/ros2_ws/install/turtlesim/include/turtlesim/turtlesim/srv/detail/set_pen__functions.c
[17.599s] -- Up-to-date: /home/nicholas/Documents/ROS2_notes/ros2_ws/install/turtlesim/include/turtlesim/turtlesim/srv/detail/kill__description.c
[17.600s] -- Up-to-date: /home/nicholas/Documents/ROS2_notes/ros2_ws/install/turtlesim/include/turtlesim/turtlesim/srv/detail/teleport_relative__description.c
[17.600s] -- Up-to-date: /home/nicholas/Documents/ROS2_notes/ros2_ws/install/turtlesim/include/turtlesim/turtlesim/srv/detail/kill__functions.c
[17.600s] -- Up-to-date: /home/nicholas/Documents/ROS2_notes/ros2_ws/install/turtlesim/include/turtlesim/turtlesim/srv/detail/kill__struct.h
[17.600s] -- Up-to-date: /home/nicholas/Documents/ROS2_notes/ros2_ws/install/turtlesim/include/turtlesim/turtlesim/srv/detail/teleport_relative__functions.c
[17.600s] -- Up-to-date: /home/nicholas/Documents/ROS2_notes/ros2_ws/install/turtlesim/include/turtlesim/turtlesim/srv/detail/teleport_absolute__struct.h
[17.600s] -- Up-to-date: /home/nicholas/Documents/ROS2_notes/ros2_ws/install/turtlesim/include/turtlesim/turtlesim/srv/detail/spawn__functions.h
[17.600s] -- Up-to-date: /home/nicholas/Documents/ROS2_notes/ros2_ws/install/turtlesim/include/turtlesim/turtlesim/srv/teleport_absolute.h
[17.600s] -- Up-to-date: /home/nicholas/Documents/ROS2_notes/ros2_ws/install/turtlesim/include/turtlesim/turtlesim/srv/spawn.h
[17.601s] -- Up-to-date: /home/nicholas/Documents/ROS2_notes/ros2_ws/install/turtlesim/include/turtlesim/turtlesim/srv/kill.h
[17.601s] -- Up-to-date: /home/nicholas/Documents/ROS2_notes/ros2_ws/install/turtlesim/include/turtlesim/turtlesim/action
[17.601s] -- Up-to-date: /home/nicholas/Documents/ROS2_notes/ros2_ws/install/turtlesim/include/turtlesim/turtlesim/action/detail
[17.601s] -- Up-to-date: /home/nicholas/Documents/ROS2_notes/ros2_ws/install/turtlesim/include/turtlesim/turtlesim/action/detail/rotate_absolute__description.c
[17.601s] -- Up-to-date: /home/nicholas/Documents/ROS2_notes/ros2_ws/install/turtlesim/include/turtlesim/turtlesim/action/detail/rotate_absolute__functions.h
[17.601s] -- Up-to-date: /home/nicholas/Documents/ROS2_notes/ros2_ws/install/turtlesim/include/turtlesim/turtlesim/action/detail/rotate_absolute__functions.c
[17.601s] -- Installing: /home/nicholas/Documents/ROS2_notes/ros2_ws/install/turtlesim/include/turtlesim/turtlesim/action/detail/rotate_absolute__type_support.c
[17.601s] -- Up-to-date: /home/nicholas/Documents/ROS2_notes/ros2_ws/install/turtlesim/include/turtlesim/turtlesim/action/detail/rotate_absolute__type_support.h
[17.601s] -- Up-to-date: /home/nicholas/Documents/ROS2_notes/ros2_ws/install/turtlesim/include/turtlesim/turtlesim/action/detail/rotate_absolute__struct.h
[17.601s] -- Up-to-date: /home/nicholas/Documents/ROS2_notes/ros2_ws/install/turtlesim/include/turtlesim/turtlesim/action/rotate_absolute.h
[17.601s] -- Up-to-date: /home/nicholas/Documents/ROS2_notes/ros2_ws/install/turtlesim/share/turtlesim/environment/library_path.sh
[17.602s] -- Up-to-date: /home/nicholas/Documents/ROS2_notes/ros2_ws/install/turtlesim/share/turtlesim/environment/library_path.dsv
[17.602s] -- Up-to-date: /home/nicholas/Documents/ROS2_notes/ros2_ws/install/turtlesim/lib/libturtlesim__rosidl_generator_c.so
[17.602s] -- Up-to-date: /home/nicholas/Documents/ROS2_notes/ros2_ws/install/turtlesim/include/turtlesim/turtlesim
[17.602s] -- Up-to-date: /home/nicholas/Documents/ROS2_notes/ros2_ws/install/turtlesim/include/turtlesim/turtlesim/msg
[17.602s] -- Up-to-date: /home/nicholas/Documents/ROS2_notes/ros2_ws/install/turtlesim/include/turtlesim/turtlesim/msg/rosidl_typesupport_fastrtps_c__visibility_control.h
[17.602s] -- Up-to-date: /home/nicholas/Documents/ROS2_notes/ros2_ws/install/turtlesim/include/turtlesim/turtlesim/msg/detail
[17.602s] -- Up-to-date: /home/nicholas/Documents/ROS2_notes/ros2_ws/install/turtlesim/include/turtlesim/turtlesim/msg/detail/pose__rosidl_typesupport_fastrtps_c.h
[17.602s] -- Up-to-date: /home/nicholas/Documents/ROS2_notes/ros2_ws/install/turtlesim/include/turtlesim/turtlesim/msg/detail/color__rosidl_typesupport_fastrtps_c.h
[17.602s] -- Up-to-date: /home/nicholas/Documents/ROS2_notes/ros2_ws/install/turtlesim/include/turtlesim/turtlesim/srv
[17.602s] -- Up-to-date: /home/nicholas/Documents/ROS2_notes/ros2_ws/install/turtlesim/include/turtlesim/turtlesim/srv/detail
[17.603s] -- Up-to-date: /home/nicholas/Documents/ROS2_notes/ros2_ws/install/turtlesim/include/turtlesim/turtlesim/srv/detail/set_pen__rosidl_typesupport_fastrtps_c.h
[17.603s] -- Up-to-date: /home/nicholas/Documents/ROS2_notes/ros2_ws/install/turtlesim/include/turtlesim/turtlesim/srv/detail/teleport_relative__rosidl_typesupport_fastrtps_c.h
[17.603s] -- Up-to-date: /home/nicholas/Documents/ROS2_notes/ros2_ws/install/turtlesim/include/turtlesim/turtlesim/srv/detail/teleport_absolute__rosidl_typesupport_fastrtps_c.h
[17.603s] -- Up-to-date: /home/nicholas/Documents/ROS2_notes/ros2_ws/install/turtlesim/include/turtlesim/turtlesim/srv/detail/spawn__rosidl_typesupport_fastrtps_c.h
[17.604s] -- Up-to-date: /home/nicholas/Documents/ROS2_notes/ros2_ws/install/turtlesim/include/turtlesim/turtlesim/srv/detail/kill__rosidl_typesupport_fastrtps_c.h
[17.604s] -- Up-to-date: /home/nicholas/Documents/ROS2_notes/ros2_ws/install/turtlesim/include/turtlesim/turtlesim/action
[17.604s] -- Up-to-date: /home/nicholas/Documents/ROS2_notes/ros2_ws/install/turtlesim/include/turtlesim/turtlesim/action/detail
[17.604s] -- Up-to-date: /home/nicholas/Documents/ROS2_notes/ros2_ws/install/turtlesim/include/turtlesim/turtlesim/action/detail/rotate_absolute__rosidl_typesupport_fastrtps_c.h
[17.604s] -- Up-to-date: /home/nicholas/Documents/ROS2_notes/ros2_ws/install/turtlesim/lib/libturtlesim__rosidl_typesupport_fastrtps_c.so
[17.604s] -- Up-to-date: /home/nicholas/Documents/ROS2_notes/ros2_ws/install/turtlesim/include/turtlesim/turtlesim
[17.605s] -- Up-to-date: /home/nicholas/Documents/ROS2_notes/ros2_ws/install/turtlesim/include/turtlesim/turtlesim/msg
[17.605s] -- Up-to-date: /home/nicholas/Documents/ROS2_notes/ros2_ws/install/turtlesim/include/turtlesim/turtlesim/msg/rosidl_generator_cpp__visibility_control.hpp
[17.605s] -- Up-to-date: /home/nicholas/Documents/ROS2_notes/ros2_ws/install/turtlesim/include/turtlesim/turtlesim/msg/color.hpp
[17.605s] -- Up-to-date: /home/nicholas/Documents/ROS2_notes/ros2_ws/install/turtlesim/include/turtlesim/turtlesim/msg/detail
[17.605s] -- Up-to-date: /home/nicholas/Documents/ROS2_notes/ros2_ws/install/turtlesim/include/turtlesim/turtlesim/msg/detail/color__traits.hpp
[17.605s] -- Up-to-date: /home/nicholas/Documents/ROS2_notes/ros2_ws/install/turtlesim/include/turtlesim/turtlesim/msg/detail/pose__struct.hpp
[17.606s] -- Up-to-date: /home/nicholas/Documents/ROS2_notes/ros2_ws/install/turtlesim/include/turtlesim/turtlesim/msg/detail/pose__traits.hpp
[17.607s] -- Up-to-date: /home/nicholas/Documents/ROS2_notes/ros2_ws/install/turtlesim/include/turtlesim/turtlesim/msg/detail/color__type_support.hpp
[17.607s] -- Up-to-date: /home/nicholas/Documents/ROS2_notes/ros2_ws/install/turtlesim/include/turtlesim/turtlesim/msg/detail/color__struct.hpp
[17.607s] -- Up-to-date: /home/nicholas/Documents/ROS2_notes/ros2_ws/install/turtlesim/include/turtlesim/turtlesim/msg/detail/pose__builder.hpp
[17.607s] -- Up-to-date: /home/nicholas/Documents/ROS2_notes/ros2_ws/install/turtlesim/include/turtlesim/turtlesim/msg/detail/pose__type_support.hpp
[17.607s] -- Up-to-date: /home/nicholas/Documents/ROS2_notes/ros2_ws/install/turtlesim/include/turtlesim/turtlesim/msg/detail/color__builder.hpp
[17.607s] -- Up-to-date: /home/nicholas/Documents/ROS2_notes/ros2_ws/install/turtlesim/include/turtlesim/turtlesim/msg/pose.hpp
[17.608s] -- Up-to-date: /home/nicholas/Documents/ROS2_notes/ros2_ws/install/turtlesim/include/turtlesim/turtlesim/srv
[17.608s] -- Up-to-date: /home/nicholas/Documents/ROS2_notes/ros2_ws/install/turtlesim/include/turtlesim/turtlesim/srv/kill.hpp
[17.608s] -- Up-to-date: /home/nicholas/Documents/ROS2_notes/ros2_ws/install/turtlesim/include/turtlesim/turtlesim/srv/teleport_absolute.hpp
[17.608s] -- Up-to-date: /home/nicholas/Documents/ROS2_notes/ros2_ws/install/turtlesim/include/turtlesim/turtlesim/srv/teleport_relative.hpp
[17.608s] -- Up-to-date: /home/nicholas/Documents/ROS2_notes/ros2_ws/install/turtlesim/include/turtlesim/turtlesim/srv/detail
[17.608s] -- Up-to-date: /home/nicholas/Documents/ROS2_notes/ros2_ws/install/turtlesim/include/turtlesim/turtlesim/srv/detail/kill__traits.hpp
[17.608s] -- Up-to-date: /home/nicholas/Documents/ROS2_notes/ros2_ws/install/turtlesim/include/turtlesim/turtlesim/srv/detail/set_pen__type_support.hpp
[17.609s] -- Up-to-date: /home/nicholas/Documents/ROS2_notes/ros2_ws/install/turtlesim/include/turtlesim/turtlesim/srv/detail/teleport_relative__struct.hpp
[17.609s] -- Up-to-date: /home/nicholas/Documents/ROS2_notes/ros2_ws/install/turtlesim/include/turtlesim/turtlesim/srv/detail/set_pen__struct.hpp
[17.609s] -- Up-to-date: /home/nicholas/Documents/ROS2_notes/ros2_ws/install/turtlesim/include/turtlesim/turtlesim/srv/detail/spawn__builder.hpp
[17.609s] -- Up-to-date: /home/nicholas/Documents/ROS2_notes/ros2_ws/install/turtlesim/include/turtlesim/turtlesim/srv/detail/teleport_relative__traits.hpp
[17.609s] -- Up-to-date: /home/nicholas/Documents/ROS2_notes/ros2_ws/install/turtlesim/include/turtlesim/turtlesim/srv/detail/set_pen__builder.hpp
[17.609s] -- Up-to-date: /home/nicholas/Documents/ROS2_notes/ros2_ws/install/turtlesim/include/turtlesim/turtlesim/srv/detail/kill__type_support.hpp
[17.609s] -- Up-to-date: /home/nicholas/Documents/ROS2_notes/ros2_ws/install/turtlesim/include/turtlesim/turtlesim/srv/detail/spawn__type_support.hpp
[17.609s] -- Up-to-date: /home/nicholas/Documents/ROS2_notes/ros2_ws/install/turtlesim/include/turtlesim/turtlesim/srv/detail/teleport_absolute__struct.hpp
[17.610s] -- Up-to-date: /home/nicholas/Documents/ROS2_notes/ros2_ws/install/turtlesim/include/turtlesim/turtlesim/srv/detail/teleport_absolute__traits.hpp
[17.610s] -- Up-to-date: /home/nicholas/Documents/ROS2_notes/ros2_ws/install/turtlesim/include/turtlesim/turtlesim/srv/detail/set_pen__traits.hpp
[17.610s] -- Up-to-date: /home/nicholas/Documents/ROS2_notes/ros2_ws/install/turtlesim/include/turtlesim/turtlesim/srv/detail/teleport_absolute__type_support.hpp
[17.610s] -- Up-to-date: /home/nicholas/Documents/ROS2_notes/ros2_ws/install/turtlesim/include/turtlesim/turtlesim/srv/detail/spawn__traits.hpp
[17.610s] -- Up-to-date: /home/nicholas/Documents/ROS2_notes/ros2_ws/install/turtlesim/include/turtlesim/turtlesim/srv/detail/kill__struct.hpp
[17.610s] -- Up-to-date: /home/nicholas/Documents/ROS2_notes/ros2_ws/install/turtlesim/include/turtlesim/turtlesim/srv/detail/kill__builder.hpp
[17.610s] -- Up-to-date: /home/nicholas/Documents/ROS2_notes/ros2_ws/install/turtlesim/include/turtlesim/turtlesim/srv/detail/teleport_relative__type_support.hpp
[17.610s] -- Up-to-date: /home/nicholas/Documents/ROS2_notes/ros2_ws/install/turtlesim/include/turtlesim/turtlesim/srv/detail/spawn__struct.hpp
[17.611s] -- Up-to-date: /home/nicholas/Documents/ROS2_notes/ros2_ws/install/turtlesim/include/turtlesim/turtlesim/srv/detail/teleport_relative__builder.hpp
[17.611s] -- Up-to-date: /home/nicholas/Documents/ROS2_notes/ros2_ws/install/turtlesim/include/turtlesim/turtlesim/srv/detail/teleport_absolute__builder.hpp
[17.611s] -- Up-to-date: /home/nicholas/Documents/ROS2_notes/ros2_ws/install/turtlesim/include/turtlesim/turtlesim/srv/spawn.hpp
[17.611s] -- Up-to-date: /home/nicholas/Documents/ROS2_notes/ros2_ws/install/turtlesim/include/turtlesim/turtlesim/srv/set_pen.hpp
[17.611s] -- Up-to-date: /home/nicholas/Documents/ROS2_notes/ros2_ws/install/turtlesim/include/turtlesim/turtlesim/action
[17.611s] -- Up-to-date: /home/nicholas/Documents/ROS2_notes/ros2_ws/install/turtlesim/include/turtlesim/turtlesim/action/rotate_absolute.hpp
[17.611s] -- Up-to-date: /home/nicholas/Documents/ROS2_notes/ros2_ws/install/turtlesim/include/turtlesim/turtlesim/action/detail
[17.611s] -- Up-to-date: /home/nicholas/Documents/ROS2_notes/ros2_ws/install/turtlesim/include/turtlesim/turtlesim/action/detail/rotate_absolute__struct.hpp
[17.611s] -- Up-to-date: /home/nicholas/Documents/ROS2_notes/ros2_ws/install/turtlesim/include/turtlesim/turtlesim/action/detail/rotate_absolute__builder.hpp
[17.612s] -- Up-to-date: /home/nicholas/Documents/ROS2_notes/ros2_ws/install/turtlesim/include/turtlesim/turtlesim/action/detail/rotate_absolute__traits.hpp
[17.612s] -- Up-to-date: /home/nicholas/Documents/ROS2_notes/ros2_ws/install/turtlesim/include/turtlesim/turtlesim/action/detail/rotate_absolute__type_support.hpp
[17.612s] -- Up-to-date: /home/nicholas/Documents/ROS2_notes/ros2_ws/install/turtlesim/include/turtlesim/turtlesim
[17.612s] -- Up-to-date: /home/nicholas/Documents/ROS2_notes/ros2_ws/install/turtlesim/include/turtlesim/turtlesim/msg
[17.612s] -- Up-to-date: /home/nicholas/Documents/ROS2_notes/ros2_ws/install/turtlesim/include/turtlesim/turtlesim/msg/detail
[17.612s] -- Up-to-date: /home/nicholas/Documents/ROS2_notes/ros2_ws/install/turtlesim/include/turtlesim/turtlesim/msg/detail/dds_fastrtps
[17.612s] -- Up-to-date: /home/nicholas/Documents/ROS2_notes/ros2_ws/install/turtlesim/include/turtlesim/turtlesim/msg/detail/pose__rosidl_typesupport_fastrtps_cpp.hpp
[17.612s] -- Up-to-date: /home/nicholas/Documents/ROS2_notes/ros2_ws/install/turtlesim/include/turtlesim/turtlesim/msg/detail/color__rosidl_typesupport_fastrtps_cpp.hpp
[17.613s] -- Up-to-date: /home/nicholas/Documents/ROS2_notes/ros2_ws/install/turtlesim/include/turtlesim/turtlesim/msg/rosidl_typesupport_fastrtps_cpp__visibility_control.h
[17.613s] -- Up-to-date: /home/nicholas/Documents/ROS2_notes/ros2_ws/install/turtlesim/include/turtlesim/turtlesim/srv
[17.613s] -- Up-to-date: /home/nicholas/Documents/ROS2_notes/ros2_ws/install/turtlesim/include/turtlesim/turtlesim/srv/detail
[17.613s] -- Up-to-date: /home/nicholas/Documents/ROS2_notes/ros2_ws/install/turtlesim/include/turtlesim/turtlesim/srv/detail/dds_fastrtps
[17.613s] -- Up-to-date: /home/nicholas/Documents/ROS2_notes/ros2_ws/install/turtlesim/include/turtlesim/turtlesim/srv/detail/teleport_relative__rosidl_typesupport_fastrtps_cpp.hpp
[17.613s] -- Up-to-date: /home/nicholas/Documents/ROS2_notes/ros2_ws/install/turtlesim/include/turtlesim/turtlesim/srv/detail/spawn__rosidl_typesupport_fastrtps_cpp.hpp
[17.613s] -- Up-to-date: /home/nicholas/Documents/ROS2_notes/ros2_ws/install/turtlesim/include/turtlesim/turtlesim/srv/detail/teleport_absolute__rosidl_typesupport_fastrtps_cpp.hpp
[17.614s] -- Up-to-date: /home/nicholas/Documents/ROS2_notes/ros2_ws/install/turtlesim/include/turtlesim/turtlesim/srv/detail/kill__rosidl_typesupport_fastrtps_cpp.hpp
[17.614s] -- Up-to-date: /home/nicholas/Documents/ROS2_notes/ros2_ws/install/turtlesim/include/turtlesim/turtlesim/srv/detail/set_pen__rosidl_typesupport_fastrtps_cpp.hpp
[17.614s] -- Up-to-date: /home/nicholas/Documents/ROS2_notes/ros2_ws/install/turtlesim/include/turtlesim/turtlesim/action
[17.614s] -- Up-to-date: /home/nicholas/Documents/ROS2_notes/ros2_ws/install/turtlesim/include/turtlesim/turtlesim/action/detail
[17.614s] -- Up-to-date: /home/nicholas/Documents/ROS2_notes/ros2_ws/install/turtlesim/include/turtlesim/turtlesim/action/detail/dds_fastrtps
[17.614s] -- Up-to-date: /home/nicholas/Documents/ROS2_notes/ros2_ws/install/turtlesim/include/turtlesim/turtlesim/action/detail/rotate_absolute__rosidl_typesupport_fastrtps_cpp.hpp
[17.614s] -- Up-to-date: /home/nicholas/Documents/ROS2_notes/ros2_ws/install/turtlesim/lib/libturtlesim__rosidl_typesupport_fastrtps_cpp.so
[17.615s] -- Up-to-date: /home/nicholas/Documents/ROS2_notes/ros2_ws/install/turtlesim/include/turtlesim/turtlesim
[17.615s] -- Up-to-date: /home/nicholas/Documents/ROS2_notes/ros2_ws/install/turtlesim/include/turtlesim/turtlesim/msg
[17.615s] -- Up-to-date: /home/nicholas/Documents/ROS2_notes/ros2_ws/install/turtlesim/include/turtlesim/turtlesim/msg/detail
[17.615s] -- Installing: /home/nicholas/Documents/ROS2_notes/ros2_ws/install/turtlesim/include/turtlesim/turtlesim/msg/detail/pose__type_support.c
[17.615s] -- Up-to-date: /home/nicholas/Documents/ROS2_notes/ros2_ws/install/turtlesim/include/turtlesim/turtlesim/msg/detail/color__rosidl_typesupport_introspection_c.h
[17.615s] -- Up-to-date: /home/nicholas/Documents/ROS2_notes/ros2_ws/install/turtlesim/include/turtlesim/turtlesim/msg/detail/pose__rosidl_typesupport_introspection_c.h
[17.615s] -- Installing: /home/nicholas/Documents/ROS2_notes/ros2_ws/install/turtlesim/include/turtlesim/turtlesim/msg/detail/color__type_support.c
[17.615s] -- Up-to-date: /home/nicholas/Documents/ROS2_notes/ros2_ws/install/turtlesim/include/turtlesim/turtlesim/msg/rosidl_typesupport_introspection_c__visibility_control.h
[17.615s] -- Up-to-date: /home/nicholas/Documents/ROS2_notes/ros2_ws/install/turtlesim/include/turtlesim/turtlesim/srv
[17.616s] -- Up-to-date: /home/nicholas/Documents/ROS2_notes/ros2_ws/install/turtlesim/include/turtlesim/turtlesim/srv/detail
[17.616s] -- Installing: /home/nicholas/Documents/ROS2_notes/ros2_ws/install/turtlesim/include/turtlesim/turtlesim/srv/detail/set_pen__type_support.c
[17.616s] -- Installing: /home/nicholas/Documents/ROS2_notes/ros2_ws/install/turtlesim/include/turtlesim/turtlesim/srv/detail/teleport_relative__type_support.c
[17.616s] -- Up-to-date: /home/nicholas/Documents/ROS2_notes/ros2_ws/install/turtlesim/include/turtlesim/turtlesim/srv/detail/set_pen__rosidl_typesupport_introspection_c.h
[17.616s] -- Up-to-date: /home/nicholas/Documents/ROS2_notes/ros2_ws/install/turtlesim/include/turtlesim/turtlesim/srv/detail/spawn__rosidl_typesupport_introspection_c.h
[17.616s] -- Installing: /home/nicholas/Documents/ROS2_notes/ros2_ws/install/turtlesim/include/turtlesim/turtlesim/srv/detail/kill__type_support.c
[17.616s] -- Up-to-date: /home/nicholas/Documents/ROS2_notes/ros2_ws/install/turtlesim/include/turtlesim/turtlesim/srv/detail/teleport_absolute__rosidl_typesupport_introspection_c.h
[17.616s] -- Installing: /home/nicholas/Documents/ROS2_notes/ros2_ws/install/turtlesim/include/turtlesim/turtlesim/srv/detail/spawn__type_support.c
[17.616s] -- Up-to-date: /home/nicholas/Documents/ROS2_notes/ros2_ws/install/turtlesim/include/turtlesim/turtlesim/srv/detail/teleport_relative__rosidl_typesupport_introspection_c.h
[17.616s] -- Installing: /home/nicholas/Documents/ROS2_notes/ros2_ws/install/turtlesim/include/turtlesim/turtlesim/srv/detail/teleport_absolute__type_support.c
[17.616s] -- Up-to-date: /home/nicholas/Documents/ROS2_notes/ros2_ws/install/turtlesim/include/turtlesim/turtlesim/srv/detail/kill__rosidl_typesupport_introspection_c.h
[17.617s] -- Up-to-date: /home/nicholas/Documents/ROS2_notes/ros2_ws/install/turtlesim/include/turtlesim/turtlesim/action
[17.617s] -- Up-to-date: /home/nicholas/Documents/ROS2_notes/ros2_ws/install/turtlesim/include/turtlesim/turtlesim/action/detail
[17.617s] -- Up-to-date: /home/nicholas/Documents/ROS2_notes/ros2_ws/install/turtlesim/include/turtlesim/turtlesim/action/detail/rotate_absolute__rosidl_typesupport_introspection_c.h
[17.617s] -- Installing: /home/nicholas/Documents/ROS2_notes/ros2_ws/install/turtlesim/include/turtlesim/turtlesim/action/detail/rotate_absolute__type_support.c
[17.617s] -- Up-to-date: /home/nicholas/Documents/ROS2_notes/ros2_ws/install/turtlesim/lib/libturtlesim__rosidl_typesupport_introspection_c.so
[17.617s] -- Up-to-date: /home/nicholas/Documents/ROS2_notes/ros2_ws/install/turtlesim/lib/libturtlesim__rosidl_typesupport_c.so
[17.617s] -- Up-to-date: /home/nicholas/Documents/ROS2_notes/ros2_ws/install/turtlesim/include/turtlesim/turtlesim
[17.617s] -- Up-to-date: /home/nicholas/Documents/ROS2_notes/ros2_ws/install/turtlesim/include/turtlesim/turtlesim/msg
[17.617s] -- Up-to-date: /home/nicholas/Documents/ROS2_notes/ros2_ws/install/turtlesim/include/turtlesim/turtlesim/msg/detail
[17.617s] -- Up-to-date: /home/nicholas/Documents/ROS2_notes/ros2_ws/install/turtlesim/include/turtlesim/turtlesim/msg/detail/pose__type_support.cpp
[17.617s] -- Up-to-date: /home/nicholas/Documents/ROS2_notes/ros2_ws/install/turtlesim/include/turtlesim/turtlesim/msg/detail/color__rosidl_typesupport_introspection_cpp.hpp
[17.618s] -- Up-to-date: /home/nicholas/Documents/ROS2_notes/ros2_ws/install/turtlesim/include/turtlesim/turtlesim/msg/detail/color__type_support.cpp
[17.618s] -- Up-to-date: /home/nicholas/Documents/ROS2_notes/ros2_ws/install/turtlesim/include/turtlesim/turtlesim/msg/detail/pose__rosidl_typesupport_introspection_cpp.hpp
[17.618s] -- Up-to-date: /home/nicholas/Documents/ROS2_notes/ros2_ws/install/turtlesim/include/turtlesim/turtlesim/srv
[17.618s] -- Up-to-date: /home/nicholas/Documents/ROS2_notes/ros2_ws/install/turtlesim/include/turtlesim/turtlesim/srv/detail
[17.618s] -- Up-to-date: /home/nicholas/Documents/ROS2_notes/ros2_ws/install/turtlesim/include/turtlesim/turtlesim/srv/detail/spawn__rosidl_typesupport_introspection_cpp.hpp
[17.618s] -- Up-to-date: /home/nicholas/Documents/ROS2_notes/ros2_ws/install/turtlesim/include/turtlesim/turtlesim/srv/detail/kill__type_support.cpp
[17.618s] -- Up-to-date: /home/nicholas/Documents/ROS2_notes/ros2_ws/install/turtlesim/include/turtlesim/turtlesim/srv/detail/set_pen__rosidl_typesupport_introspection_cpp.hpp
[17.618s] -- Up-to-date: /home/nicholas/Documents/ROS2_notes/ros2_ws/install/turtlesim/include/turtlesim/turtlesim/srv/detail/teleport_absolute__rosidl_typesupport_introspection_cpp.hpp
[17.618s] -- Up-to-date: /home/nicholas/Documents/ROS2_notes/ros2_ws/install/turtlesim/include/turtlesim/turtlesim/srv/detail/spawn__type_support.cpp
[17.618s] -- Up-to-date: /home/nicholas/Documents/ROS2_notes/ros2_ws/install/turtlesim/include/turtlesim/turtlesim/srv/detail/teleport_relative__rosidl_typesupport_introspection_cpp.hpp
[17.618s] -- Up-to-date: /home/nicholas/Documents/ROS2_notes/ros2_ws/install/turtlesim/include/turtlesim/turtlesim/srv/detail/teleport_absolute__type_support.cpp
[17.619s] -- Up-to-date: /home/nicholas/Documents/ROS2_notes/ros2_ws/install/turtlesim/include/turtlesim/turtlesim/srv/detail/teleport_relative__type_support.cpp
[17.619s] -- Up-to-date: /home/nicholas/Documents/ROS2_notes/ros2_ws/install/turtlesim/include/turtlesim/turtlesim/srv/detail/set_pen__type_support.cpp
[17.619s] -- Up-to-date: /home/nicholas/Documents/ROS2_notes/ros2_ws/install/turtlesim/include/turtlesim/turtlesim/srv/detail/kill__rosidl_typesupport_introspection_cpp.hpp
[17.619s] -- Up-to-date: /home/nicholas/Documents/ROS2_notes/ros2_ws/install/turtlesim/include/turtlesim/turtlesim/action
[17.619s] -- Up-to-date: /home/nicholas/Documents/ROS2_notes/ros2_ws/install/turtlesim/include/turtlesim/turtlesim/action/detail
[17.619s] -- Up-to-date: /home/nicholas/Documents/ROS2_notes/ros2_ws/install/turtlesim/include/turtlesim/turtlesim/action/detail/rotate_absolute__type_support.cpp
[17.619s] -- Up-to-date: /home/nicholas/Documents/ROS2_notes/ros2_ws/install/turtlesim/include/turtlesim/turtlesim/action/detail/rotate_absolute__rosidl_typesupport_introspection_cpp.hpp
[17.619s] -- Up-to-date: /home/nicholas/Documents/ROS2_notes/ros2_ws/install/turtlesim/lib/libturtlesim__rosidl_typesupport_introspection_cpp.so
[17.619s] -- Up-to-date: /home/nicholas/Documents/ROS2_notes/ros2_ws/install/turtlesim/lib/libturtlesim__rosidl_typesupport_cpp.so
[17.619s] -- Up-to-date: /home/nicholas/Documents/ROS2_notes/ros2_ws/install/turtlesim/share/turtlesim/environment/pythonpath.sh
[17.619s] -- Up-to-date: /home/nicholas/Documents/ROS2_notes/ros2_ws/install/turtlesim/share/turtlesim/environment/pythonpath.dsv
[17.620s] -- Up-to-date: /home/nicholas/Documents/ROS2_notes/ros2_ws/install/turtlesim/lib/python3.12/site-packages/turtlesim-1.8.4-py3.12.egg-info
[17.620s] -- Installing: /home/nicholas/Documents/ROS2_notes/ros2_ws/install/turtlesim/lib/python3.12/site-packages/turtlesim-1.8.4-py3.12.egg-info/top_level.txt
[17.620s] -- Installing: /home/nicholas/Documents/ROS2_notes/ros2_ws/install/turtlesim/lib/python3.12/site-packages/turtlesim-1.8.4-py3.12.egg-info/SOURCES.txt
[17.620s] -- Installing: /home/nicholas/Documents/ROS2_notes/ros2_ws/install/turtlesim/lib/python3.12/site-packages/turtlesim-1.8.4-py3.12.egg-info/dependency_links.txt
[17.620s] -- Installing: /home/nicholas/Documents/ROS2_notes/ros2_ws/install/turtlesim/lib/python3.12/site-packages/turtlesim-1.8.4-py3.12.egg-info/PKG-INFO
[17.620s] -- Up-to-date: /home/nicholas/Documents/ROS2_notes/ros2_ws/install/turtlesim/lib/python3.12/site-packages/turtlesim
[17.620s] -- Up-to-date: /home/nicholas/Documents/ROS2_notes/ros2_ws/install/turtlesim/lib/python3.12/site-packages/turtlesim/_turtlesim_s.ep.rosidl_typesupport_fastrtps_c.c
[17.620s] -- Up-to-date: /home/nicholas/Documents/ROS2_notes/ros2_ws/install/turtlesim/lib/python3.12/site-packages/turtlesim/turtlesim_s__rosidl_typesupport_fastrtps_c.so
[17.620s] -- Up-to-date: /home/nicholas/Documents/ROS2_notes/ros2_ws/install/turtlesim/lib/python3.12/site-packages/turtlesim/msg
[17.620s] -- Up-to-date: /home/nicholas/Documents/ROS2_notes/ros2_ws/install/turtlesim/lib/python3.12/site-packages/turtlesim/msg/_color_s.c
[17.621s] -- Up-to-date: /home/nicholas/Documents/ROS2_notes/ros2_ws/install/turtlesim/lib/python3.12/site-packages/turtlesim/msg/__init__.py
[17.621s] -- Up-to-date: /home/nicholas/Documents/ROS2_notes/ros2_ws/install/turtlesim/lib/python3.12/site-packages/turtlesim/msg/_pose.py
[17.621s] -- Up-to-date: /home/nicholas/Documents/ROS2_notes/ros2_ws/install/turtlesim/lib/python3.12/site-packages/turtlesim/msg/_pose_s.c
[17.621s] -- Up-to-date: /home/nicholas/Documents/ROS2_notes/ros2_ws/install/turtlesim/lib/python3.12/site-packages/turtlesim/msg/_color.py
[17.621s] -- Up-to-date: /home/nicholas/Documents/ROS2_notes/ros2_ws/install/turtlesim/lib/python3.12/site-packages/turtlesim/__init__.py
[17.621s] -- Up-to-date: /home/nicholas/Documents/ROS2_notes/ros2_ws/install/turtlesim/lib/python3.12/site-packages/turtlesim/_turtlesim_s.ep.rosidl_typesupport_introspection_c.c
[17.621s] -- Up-to-date: /home/nicholas/Documents/ROS2_notes/ros2_ws/install/turtlesim/lib/python3.12/site-packages/turtlesim/srv
[17.621s] -- Up-to-date: /home/nicholas/Documents/ROS2_notes/ros2_ws/install/turtlesim/lib/python3.12/site-packages/turtlesim/srv/_teleport_relative_s.c
[17.621s] -- Up-to-date: /home/nicholas/Documents/ROS2_notes/ros2_ws/install/turtlesim/lib/python3.12/site-packages/turtlesim/srv/_teleport_absolute_s.c
[17.621s] -- Up-to-date: /home/nicholas/Documents/ROS2_notes/ros2_ws/install/turtlesim/lib/python3.12/site-packages/turtlesim/srv/_kill_s.c
[17.622s] -- Up-to-date: /home/nicholas/Documents/ROS2_notes/ros2_ws/install/turtlesim/lib/python3.12/site-packages/turtlesim/srv/__init__.py
[17.622s] -- Up-to-date: /home/nicholas/Documents/ROS2_notes/ros2_ws/install/turtlesim/lib/python3.12/site-packages/turtlesim/srv/_teleport_absolute.py
[17.622s] -- Up-to-date: /home/nicholas/Documents/ROS2_notes/ros2_ws/install/turtlesim/lib/python3.12/site-packages/turtlesim/srv/_set_pen.py
[17.622s] -- Up-to-date: /home/nicholas/Documents/ROS2_notes/ros2_ws/install/turtlesim/lib/python3.12/site-packages/turtlesim/srv/_set_pen_s.c
[17.622s] -- Up-to-date: /home/nicholas/Documents/ROS2_notes/ros2_ws/install/turtlesim/lib/python3.12/site-packages/turtlesim/srv/_kill.py
[17.622s] -- Up-to-date: /home/nicholas/Documents/ROS2_notes/ros2_ws/install/turtlesim/lib/python3.12/site-packages/turtlesim/srv/_spawn.py
[17.622s] -- Up-to-date: /home/nicholas/Documents/ROS2_notes/ros2_ws/install/turtlesim/lib/python3.12/site-packages/turtlesim/srv/_spawn_s.c
[17.622s] -- Up-to-date: /home/nicholas/Documents/ROS2_notes/ros2_ws/install/turtlesim/lib/python3.12/site-packages/turtlesim/srv/_teleport_relative.py
[17.622s] -- Up-to-date: /home/nicholas/Documents/ROS2_notes/ros2_ws/install/turtlesim/lib/python3.12/site-packages/turtlesim/action
[17.622s] -- Up-to-date: /home/nicholas/Documents/ROS2_notes/ros2_ws/install/turtlesim/lib/python3.12/site-packages/turtlesim/action/_rotate_absolute_s.c
[17.623s] -- Up-to-date: /home/nicholas/Documents/ROS2_notes/ros2_ws/install/turtlesim/lib/python3.12/site-packages/turtlesim/action/__init__.py
[17.623s] -- Up-to-date: /home/nicholas/Documents/ROS2_notes/ros2_ws/install/turtlesim/lib/python3.12/site-packages/turtlesim/action/_rotate_absolute.py
[17.623s] -- Up-to-date: /home/nicholas/Documents/ROS2_notes/ros2_ws/install/turtlesim/lib/python3.12/site-packages/turtlesim/turtlesim_s__rosidl_typesupport_c.so
[17.623s] -- Up-to-date: /home/nicholas/Documents/ROS2_notes/ros2_ws/install/turtlesim/lib/python3.12/site-packages/turtlesim/_turtlesim_s.ep.rosidl_typesupport_c.c
[17.623s] -- Up-to-date: /home/nicholas/Documents/ROS2_notes/ros2_ws/install/turtlesim/lib/python3.12/site-packages/turtlesim/turtlesim_s__rosidl_typesupport_introspection_c.so
[17.652s] Listing '/home/nicholas/Documents/ROS2_notes/ros2_ws/install/turtlesim/lib/python3.12/site-packages/turtlesim'...
[17.652s] Listing '/home/nicholas/Documents/ROS2_notes/ros2_ws/install/turtlesim/lib/python3.12/site-packages/turtlesim/action'...
[17.652s] Listing '/home/nicholas/Documents/ROS2_notes/ros2_ws/install/turtlesim/lib/python3.12/site-packages/turtlesim/msg'...
[17.652s] Listing '/home/nicholas/Documents/ROS2_notes/ros2_ws/install/turtlesim/lib/python3.12/site-packages/turtlesim/srv'...
[17.660s] -- Up-to-date: /home/nicholas/Documents/ROS2_notes/ros2_ws/install/turtlesim/lib/python3.12/site-packages/turtlesim/turtlesim_s__rosidl_typesupport_fastrtps_c.so
[17.660s] -- Up-to-date: /home/nicholas/Documents/ROS2_notes/ros2_ws/install/turtlesim/lib/python3.12/site-packages/turtlesim/turtlesim_s__rosidl_typesupport_introspection_c.so
[17.661s] -- Up-to-date: /home/nicholas/Documents/ROS2_notes/ros2_ws/install/turtlesim/lib/python3.12/site-packages/turtlesim/turtlesim_s__rosidl_typesupport_c.so
[17.661s] -- Up-to-date: /home/nicholas/Documents/ROS2_notes/ros2_ws/install/turtlesim/lib/libturtlesim__rosidl_generator_py.so
[17.662s] -- Up-to-date: /home/nicholas/Documents/ROS2_notes/ros2_ws/install/turtlesim/share/ament_index/resource_index/rust_packages/turtlesim
[17.662s] -- Up-to-date: /home/nicholas/Documents/ROS2_notes/ros2_ws/install/turtlesim/share/turtlesim/rust
[17.663s] -- Up-to-date: /home/nicholas/Documents/ROS2_notes/ros2_ws/install/turtlesim/share/turtlesim/rust/build.rs
[17.663s] -- Up-to-date: /home/nicholas/Documents/ROS2_notes/ros2_ws/install/turtlesim/share/turtlesim/rust/Cargo.toml
[17.663s] -- Up-to-date: /home/nicholas/Documents/ROS2_notes/ros2_ws/install/turtlesim/share/turtlesim/rust/src
[17.663s] -- Up-to-date: /home/nicholas/Documents/ROS2_notes/ros2_ws/install/turtlesim/share/turtlesim/rust/src/action.rs
[17.664s] -- Up-to-date: /home/nicholas/Documents/ROS2_notes/ros2_ws/install/turtlesim/share/turtlesim/rust/src/msg
[17.664s] -- Up-to-date: /home/nicholas/Documents/ROS2_notes/ros2_ws/install/turtlesim/share/turtlesim/rust/src/msg/rmw.rs
[17.664s] -- Up-to-date: /home/nicholas/Documents/ROS2_notes/ros2_ws/install/turtlesim/share/turtlesim/rust/src/srv
[17.664s] -- Up-to-date: /home/nicholas/Documents/ROS2_notes/ros2_ws/install/turtlesim/share/turtlesim/rust/src/srv/rmw.rs
[17.664s] -- Up-to-date: /home/nicholas/Documents/ROS2_notes/ros2_ws/install/turtlesim/share/turtlesim/rust/src/action
[17.664s] -- Up-to-date: /home/nicholas/Documents/ROS2_notes/ros2_ws/install/turtlesim/share/turtlesim/rust/src/action/rmw.rs
[17.664s] -- Up-to-date: /home/nicholas/Documents/ROS2_notes/ros2_ws/install/turtlesim/share/turtlesim/rust/src/srv.rs
[17.664s] -- Up-to-date: /home/nicholas/Documents/ROS2_notes/ros2_ws/install/turtlesim/share/turtlesim/rust/src/lib.rs
[17.665s] -- Up-to-date: /home/nicholas/Documents/ROS2_notes/ros2_ws/install/turtlesim/share/turtlesim/rust/src/msg.rs
[17.665s] -- Up-to-date: /home/nicholas/Documents/ROS2_notes/ros2_ws/install/turtlesim/share/turtlesim/action/RotateAbsolute.idl
[17.665s] -- Up-to-date: /home/nicholas/Documents/ROS2_notes/ros2_ws/install/turtlesim/share/turtlesim/msg/Color.idl
[17.665s] -- Up-to-date: /home/nicholas/Documents/ROS2_notes/ros2_ws/install/turtlesim/share/turtlesim/msg/Pose.idl
[17.665s] -- Up-to-date: /home/nicholas/Documents/ROS2_notes/ros2_ws/install/turtlesim/share/turtlesim/srv/Kill.idl
[17.665s] -- Up-to-date: /home/nicholas/Documents/ROS2_notes/ros2_ws/install/turtlesim/share/turtlesim/srv/SetPen.idl
[17.665s] -- Up-to-date: /home/nicholas/Documents/ROS2_notes/ros2_ws/install/turtlesim/share/turtlesim/srv/Spawn.idl
[17.665s] -- Up-to-date: /home/nicholas/Documents/ROS2_notes/ros2_ws/install/turtlesim/share/turtlesim/srv/TeleportAbsolute.idl
[17.666s] -- Up-to-date: /home/nicholas/Documents/ROS2_notes/ros2_ws/install/turtlesim/share/turtlesim/srv/TeleportRelative.idl
[17.666s] -- Up-to-date: /home/nicholas/Documents/ROS2_notes/ros2_ws/install/turtlesim/share/turtlesim/action/RotateAbsolute.action
[17.666s] -- Up-to-date: /home/nicholas/Documents/ROS2_notes/ros2_ws/install/turtlesim/share/turtlesim/msg/Color.msg
[17.666s] -- Up-to-date: /home/nicholas/Documents/ROS2_notes/ros2_ws/install/turtlesim/share/turtlesim/msg/Pose.msg
[17.666s] -- Up-to-date: /home/nicholas/Documents/ROS2_notes/ros2_ws/install/turtlesim/share/turtlesim/srv/Kill.srv
[17.666s] -- Up-to-date: /home/nicholas/Documents/ROS2_notes/ros2_ws/install/turtlesim/share/turtlesim/srv/SetPen.srv
[17.666s] -- Up-to-date: /home/nicholas/Documents/ROS2_notes/ros2_ws/install/turtlesim/share/turtlesim/srv/Spawn.srv
[17.666s] -- Up-to-date: /home/nicholas/Documents/ROS2_notes/ros2_ws/install/turtlesim/share/turtlesim/srv/TeleportAbsolute.srv
[17.667s] -- Up-to-date: /home/nicholas/Documents/ROS2_notes/ros2_ws/install/turtlesim/share/turtlesim/srv/TeleportRelative.srv
[17.667s] -- Installing: /home/nicholas/Documents/ROS2_notes/ros2_ws/install/turtlesim/lib/turtlesim/turtlesim_node
[17.685s] -- Set non-toolchain portion of runtime path of "/home/nicholas/Documents/ROS2_notes/ros2_ws/install/turtlesim/lib/turtlesim/turtlesim_node" to ""
[17.686s] -- Up-to-date: /home/nicholas/Documents/ROS2_notes/ros2_ws/install/turtlesim/lib/turtlesim/turtle_teleop_key
[17.686s] -- Up-to-date: /home/nicholas/Documents/ROS2_notes/ros2_ws/install/turtlesim/lib/turtlesim/draw_square
[17.687s] -- Up-to-date: /home/nicholas/Documents/ROS2_notes/ros2_ws/install/turtlesim/lib/turtlesim/mimic
[17.687s] -- Up-to-date: /home/nicholas/Documents/ROS2_notes/ros2_ws/install/turtlesim/share/turtlesim/images
[17.687s] -- Up-to-date: /home/nicholas/Documents/ROS2_notes/ros2_ws/install/turtlesim/share/turtlesim/images/crystal.png
[17.687s] -- Up-to-date: /home/nicholas/Documents/ROS2_notes/ros2_ws/install/turtlesim/share/turtlesim/images/galactic.png
[17.688s] -- Up-to-date: /home/nicholas/Documents/ROS2_notes/ros2_ws/install/turtlesim/share/turtlesim/images/dashing.png
[17.688s] -- Up-to-date: /home/nicholas/Documents/ROS2_notes/ros2_ws/install/turtlesim/share/turtlesim/images/rolling.png
[17.688s] -- Up-to-date: /home/nicholas/Documents/ROS2_notes/ros2_ws/install/turtlesim/share/turtlesim/images/iron.png
[17.688s] -- Up-to-date: /home/nicholas/Documents/ROS2_notes/ros2_ws/install/turtlesim/share/turtlesim/images/foxy.png
[17.688s] -- Up-to-date: /home/nicholas/Documents/ROS2_notes/ros2_ws/install/turtlesim/share/turtlesim/images/jazzy.png
[17.688s] -- Up-to-date: /home/nicholas/Documents/ROS2_notes/ros2_ws/install/turtlesim/share/turtlesim/images/bouncy.png
[17.688s] -- Up-to-date: /home/nicholas/Documents/ROS2_notes/ros2_ws/install/turtlesim/share/turtlesim/images/humble.png
[17.688s] -- Up-to-date: /home/nicholas/Documents/ROS2_notes/ros2_ws/install/turtlesim/share/turtlesim/images/eloquent.png
[17.689s] -- Up-to-date: /home/nicholas/Documents/ROS2_notes/ros2_ws/install/turtlesim/share/turtlesim/images/ardent.png
[17.689s] -- Up-to-date: /home/nicholas/Documents/ROS2_notes/ros2_ws/install/turtlesim/share/turtlesim/launch
[17.689s] -- Up-to-date: /home/nicholas/Documents/ROS2_notes/ros2_ws/install/turtlesim/share/turtlesim/launch/multisim.launch.py
[17.689s] -- Up-to-date: /home/nicholas/Documents/ROS2_notes/ros2_ws/install/turtlesim/share/ament_index/resource_index/package_run_dependencies/turtlesim
[17.689s] -- Up-to-date: /home/nicholas/Documents/ROS2_notes/ros2_ws/install/turtlesim/share/ament_index/resource_index/parent_prefix_path/turtlesim
[17.689s] -- Up-to-date: /home/nicholas/Documents/ROS2_notes/ros2_ws/install/turtlesim/share/turtlesim/environment/ament_prefix_path.sh
[17.689s] -- Up-to-date: /home/nicholas/Documents/ROS2_notes/ros2_ws/install/turtlesim/share/turtlesim/environment/ament_prefix_path.dsv
[17.689s] -- Up-to-date: /home/nicholas/Documents/ROS2_notes/ros2_ws/install/turtlesim/share/turtlesim/environment/path.sh
[17.690s] -- Up-to-date: /home/nicholas/Documents/ROS2_notes/ros2_ws/install/turtlesim/share/turtlesim/environment/path.dsv
[17.690s] -- Up-to-date: /home/nicholas/Documents/ROS2_notes/ros2_ws/install/turtlesim/share/turtlesim/local_setup.bash
[17.690s] -- Up-to-date: /home/nicholas/Documents/ROS2_notes/ros2_ws/install/turtlesim/share/turtlesim/local_setup.sh
[17.690s] -- Up-to-date: /home/nicholas/Documents/ROS2_notes/ros2_ws/install/turtlesim/share/turtlesim/local_setup.zsh
[17.690s] -- Up-to-date: /home/nicholas/Documents/ROS2_notes/ros2_ws/install/turtlesim/share/turtlesim/local_setup.dsv
[17.690s] -- Installing: /home/nicholas/Documents/ROS2_notes/ros2_ws/install/turtlesim/share/turtlesim/package.dsv
[17.690s] -- Up-to-date: /home/nicholas/Documents/ROS2_notes/ros2_ws/install/turtlesim/share/ament_index/resource_index/packages/turtlesim
[17.690s] -- Up-to-date: /home/nicholas/Documents/ROS2_notes/ros2_ws/install/turtlesim/share/turtlesim/cmake/export_turtlesim__rosidl_generator_cExport.cmake
[17.691s] -- Up-to-date: /home/nicholas/Documents/ROS2_notes/ros2_ws/install/turtlesim/share/turtlesim/cmake/export_turtlesim__rosidl_generator_cExport-noconfig.cmake
[17.691s] -- Up-to-date: /home/nicholas/Documents/ROS2_notes/ros2_ws/install/turtlesim/share/turtlesim/cmake/export_turtlesim__rosidl_typesupport_fastrtps_cExport.cmake
[17.691s] -- Up-to-date: /home/nicholas/Documents/ROS2_notes/ros2_ws/install/turtlesim/share/turtlesim/cmake/export_turtlesim__rosidl_typesupport_fastrtps_cExport-noconfig.cmake
[17.691s] -- Up-to-date: /home/nicholas/Documents/ROS2_notes/ros2_ws/install/turtlesim/share/turtlesim/cmake/export_turtlesim__rosidl_generator_cppExport.cmake
[17.691s] -- Up-to-date: /home/nicholas/Documents/ROS2_notes/ros2_ws/install/turtlesim/share/turtlesim/cmake/export_turtlesim__rosidl_typesupport_fastrtps_cppExport.cmake
[17.691s] -- Up-to-date: /home/nicholas/Documents/ROS2_notes/ros2_ws/install/turtlesim/share/turtlesim/cmake/export_turtlesim__rosidl_typesupport_fastrtps_cppExport-noconfig.cmake
[17.691s] -- Up-to-date: /home/nicholas/Documents/ROS2_notes/ros2_ws/install/turtlesim/share/turtlesim/cmake/turtlesim__rosidl_typesupport_introspection_cExport.cmake
[17.692s] -- Up-to-date: /home/nicholas/Documents/ROS2_notes/ros2_ws/install/turtlesim/share/turtlesim/cmake/turtlesim__rosidl_typesupport_introspection_cExport-noconfig.cmake
[17.692s] -- Up-to-date: /home/nicholas/Documents/ROS2_notes/ros2_ws/install/turtlesim/share/turtlesim/cmake/turtlesim__rosidl_typesupport_cExport.cmake
[17.692s] -- Up-to-date: /home/nicholas/Documents/ROS2_notes/ros2_ws/install/turtlesim/share/turtlesim/cmake/turtlesim__rosidl_typesupport_cExport-noconfig.cmake
[17.692s] -- Up-to-date: /home/nicholas/Documents/ROS2_notes/ros2_ws/install/turtlesim/share/turtlesim/cmake/turtlesim__rosidl_typesupport_introspection_cppExport.cmake
[17.692s] -- Up-to-date: /home/nicholas/Documents/ROS2_notes/ros2_ws/install/turtlesim/share/turtlesim/cmake/turtlesim__rosidl_typesupport_introspection_cppExport-noconfig.cmake
[17.692s] -- Up-to-date: /home/nicholas/Documents/ROS2_notes/ros2_ws/install/turtlesim/share/turtlesim/cmake/turtlesim__rosidl_typesupport_cppExport.cmake
[17.692s] -- Up-to-date: /home/nicholas/Documents/ROS2_notes/ros2_ws/install/turtlesim/share/turtlesim/cmake/turtlesim__rosidl_typesupport_cppExport-noconfig.cmake
[17.692s] -- Up-to-date: /home/nicholas/Documents/ROS2_notes/ros2_ws/install/turtlesim/share/turtlesim/cmake/export_turtlesim__rosidl_generator_pyExport.cmake
[17.692s] -- Up-to-date: /home/nicholas/Documents/ROS2_notes/ros2_ws/install/turtlesim/share/turtlesim/cmake/export_turtlesim__rosidl_generator_pyExport-noconfig.cmake
[17.692s] -- Up-to-date: /home/nicholas/Documents/ROS2_notes/ros2_ws/install/turtlesim/share/turtlesim/cmake/rosidl_cmake-extras.cmake
[17.693s] -- Up-to-date: /home/nicholas/Documents/ROS2_notes/ros2_ws/install/turtlesim/share/turtlesim/cmake/ament_cmake_export_dependencies-extras.cmake
[17.693s] -- Up-to-date: /home/nicholas/Documents/ROS2_notes/ros2_ws/install/turtlesim/share/turtlesim/cmake/ament_cmake_export_include_directories-extras.cmake
[17.693s] -- Up-to-date: /home/nicholas/Documents/ROS2_notes/ros2_ws/install/turtlesim/share/turtlesim/cmake/ament_cmake_export_libraries-extras.cmake
[17.693s] -- Up-to-date: /home/nicholas/Documents/ROS2_notes/ros2_ws/install/turtlesim/share/turtlesim/cmake/ament_cmake_export_targets-extras.cmake
[17.693s] -- Up-to-date: /home/nicholas/Documents/ROS2_notes/ros2_ws/install/turtlesim/share/turtlesim/cmake/rosidl_cmake_export_typesupport_targets-extras.cmake
[17.693s] -- Up-to-date: /home/nicholas/Documents/ROS2_notes/ros2_ws/install/turtlesim/share/turtlesim/cmake/rosidl_cmake_export_typesupport_libraries-extras.cmake
[17.693s] -- Up-to-date: /home/nicholas/Documents/ROS2_notes/ros2_ws/install/turtlesim/share/turtlesim/cmake/rosidl_cmake_aggregate_target-extras.cmake
[17.693s] -- Up-to-date: /home/nicholas/Documents/ROS2_notes/ros2_ws/install/turtlesim/share/turtlesim/cmake/turtlesimConfig.cmake
[17.693s] -- Up-to-date: /home/nicholas/Documents/ROS2_notes/ros2_ws/install/turtlesim/share/turtlesim/cmake/turtlesimConfig-version.cmake
[17.694s] -- Up-to-date: /home/nicholas/Documents/ROS2_notes/ros2_ws/install/turtlesim/share/turtlesim/package.xml
[17.695s] Invoked command in '/home/nicholas/Documents/ROS2_notes/ros2_ws/build/turtlesim' returned '0': CMAKE_PREFIX_PATH=${CMAKE_PREFIX_PATH}:/opt/ros/jazzy DEBUGINFOD_URLS=https://debuginfod.ubuntu.com /usr/bin/cmake --install /home/nicholas/Documents/ROS2_notes/ros2_ws/build/turtlesim
