[0.126s] Invoking command in '/home/nicholas/Documents/ROS2_notes/ros2_ws/build/examples_rclcpp_wait_set': CMAKE_PREFIX_PATH=${CMAKE_PREFIX_PATH}:/opt/ros/jazzy DEBUGINFOD_URLS=https://debuginfod.ubuntu.com /usr/bin/cmake --build /home/nicholas/Documents/ROS2_notes/ros2_ws/build/examples_rclcpp_wait_set -- -j8 -l8
[0.249s] [  8%] Built target talker
[0.305s] [ 16%] Built target wait_set_topics_and_timer
[0.353s] [ 25%] Built target wait_set_random_order
[0.403s] [ 33%] Built target executor_random_order
[0.457s] [ 41%] Built target wait_set_topics_with_different_rates
[0.508s] [ 50%] Built target thread_safe_wait_set
[0.555s] [ 58%] Built target static_wait_set
[0.602s] [ 66%] Built target wait_set
[0.648s] [ 75%] Built target wait_set_listener
[0.697s] [ 83%] Built target listener
[0.750s] [ 91%] Built target wait_set_talker
[0.800s] [100%] Built target wait_set_composed
[1.152s] Invoked command in '/home/nicholas/Documents/ROS2_notes/ros2_ws/build/examples_rclcpp_wait_set' returned '0': CMAKE_PREFIX_PATH=${CMAKE_PREFIX_PATH}:/opt/ros/jazzy DEBUGINFOD_URLS=https://debuginfod.ubuntu.com /usr/bin/cmake --build /home/nicholas/Documents/ROS2_notes/ros2_ws/build/examples_rclcpp_wait_set -- -j8 -l8
[1.154s] Invoking command in '/home/nicholas/Documents/ROS2_notes/ros2_ws/build/examples_rclcpp_wait_set': CMAKE_PREFIX_PATH=${CMAKE_PREFIX_PATH}:/opt/ros/jazzy DEBUGINFOD_URLS=https://debuginfod.ubuntu.com /usr/bin/cmake --install /home/nicholas/Documents/ROS2_notes/ros2_ws/build/examples_rclcpp_wait_set
[1.200s] -- Install configuration: ""
[1.200s] -- Up-to-date: /home/nicholas/Documents/ROS2_notes/ros2_ws/install/examples_rclcpp_wait_set/lib/examples_rclcpp_wait_set/wait_set_talker
[1.200s] -- Up-to-date: /home/nicholas/Documents/ROS2_notes/ros2_ws/install/examples_rclcpp_wait_set/lib/examples_rclcpp_wait_set/wait_set_listener
[1.200s] -- Up-to-date: /home/nicholas/Documents/ROS2_notes/ros2_ws/install/examples_rclcpp_wait_set/lib/libtalker.so
[1.201s] -- Up-to-date: /home/nicholas/Documents/ROS2_notes/ros2_ws/install/examples_rclcpp_wait_set/lib/liblistener.so
[1.201s] -- Up-to-date: /home/nicholas/Documents/ROS2_notes/ros2_ws/install/examples_rclcpp_wait_set/lib/examples_rclcpp_wait_set/wait_set
[1.201s] -- Up-to-date: /home/nicholas/Documents/ROS2_notes/ros2_ws/install/examples_rclcpp_wait_set/lib/examples_rclcpp_wait_set/static_wait_set
[1.201s] -- Up-to-date: /home/nicholas/Documents/ROS2_notes/ros2_ws/install/examples_rclcpp_wait_set/lib/examples_rclcpp_wait_set/thread_safe_wait_set
[1.201s] -- Up-to-date: /home/nicholas/Documents/ROS2_notes/ros2_ws/install/examples_rclcpp_wait_set/lib/examples_rclcpp_wait_set/wait_set_topics_and_timer
[1.202s] -- Up-to-date: /home/nicholas/Documents/ROS2_notes/ros2_ws/install/examples_rclcpp_wait_set/lib/examples_rclcpp_wait_set/wait_set_random_order
[1.202s] -- Up-to-date: /home/nicholas/Documents/ROS2_notes/ros2_ws/install/examples_rclcpp_wait_set/lib/examples_rclcpp_wait_set/executor_random_order
[1.203s] -- Up-to-date: /home/nicholas/Documents/ROS2_notes/ros2_ws/install/examples_rclcpp_wait_set/lib/examples_rclcpp_wait_set/wait_set_topics_with_different_rates
[1.203s] -- Up-to-date: /home/nicholas/Documents/ROS2_notes/ros2_ws/install/examples_rclcpp_wait_set/lib/examples_rclcpp_wait_set/wait_set_composed
[1.203s] -- Up-to-date: /home/nicholas/Documents/ROS2_notes/ros2_ws/install/examples_rclcpp_wait_set/share/ament_index/resource_index/package_run_dependencies/examples_rclcpp_wait_set
[1.204s] -- Up-to-date: /home/nicholas/Documents/ROS2_notes/ros2_ws/install/examples_rclcpp_wait_set/share/ament_index/resource_index/parent_prefix_path/examples_rclcpp_wait_set
[1.204s] -- Up-to-date: /home/nicholas/Documents/ROS2_notes/ros2_ws/install/examples_rclcpp_wait_set/share/examples_rclcpp_wait_set/environment/ament_prefix_path.sh
[1.204s] -- Up-to-date: /home/nicholas/Documents/ROS2_notes/ros2_ws/install/examples_rclcpp_wait_set/share/examples_rclcpp_wait_set/environment/ament_prefix_path.dsv
[1.204s] -- Up-to-date: /home/nicholas/Documents/ROS2_notes/ros2_ws/install/examples_rclcpp_wait_set/share/examples_rclcpp_wait_set/environment/path.sh
[1.204s] -- Up-to-date: /home/nicholas/Documents/ROS2_notes/ros2_ws/install/examples_rclcpp_wait_set/share/examples_rclcpp_wait_set/environment/path.dsv
[1.204s] -- Up-to-date: /home/nicholas/Documents/ROS2_notes/ros2_ws/install/examples_rclcpp_wait_set/share/examples_rclcpp_wait_set/local_setup.bash
[1.204s] -- Up-to-date: /home/nicholas/Documents/ROS2_notes/ros2_ws/install/examples_rclcpp_wait_set/share/examples_rclcpp_wait_set/local_setup.sh
[1.205s] -- Up-to-date: /home/nicholas/Documents/ROS2_notes/ros2_ws/install/examples_rclcpp_wait_set/share/examples_rclcpp_wait_set/local_setup.zsh
[1.205s] -- Up-to-date: /home/nicholas/Documents/ROS2_notes/ros2_ws/install/examples_rclcpp_wait_set/share/examples_rclcpp_wait_set/local_setup.dsv
[1.206s] -- Installing: /home/nicholas/Documents/ROS2_notes/ros2_ws/install/examples_rclcpp_wait_set/share/examples_rclcpp_wait_set/package.dsv
[1.206s] -- Up-to-date: /home/nicholas/Documents/ROS2_notes/ros2_ws/install/examples_rclcpp_wait_set/share/ament_index/resource_index/packages/examples_rclcpp_wait_set
[1.206s] -- Up-to-date: /home/nicholas/Documents/ROS2_notes/ros2_ws/install/examples_rclcpp_wait_set/share/ament_index/resource_index/rclcpp_components/examples_rclcpp_wait_set
[1.206s] -- Up-to-date: /home/nicholas/Documents/ROS2_notes/ros2_ws/install/examples_rclcpp_wait_set/share/examples_rclcpp_wait_set/cmake/examples_rclcpp_wait_setConfig.cmake
[1.207s] -- Up-to-date: /home/nicholas/Documents/ROS2_notes/ros2_ws/install/examples_rclcpp_wait_set/share/examples_rclcpp_wait_set/cmake/examples_rclcpp_wait_setConfig-version.cmake
[1.207s] -- Up-to-date: /home/nicholas/Documents/ROS2_notes/ros2_ws/install/examples_rclcpp_wait_set/share/examples_rclcpp_wait_set/package.xml
[1.569s] Invoked command in '/home/nicholas/Documents/ROS2_notes/ros2_ws/build/examples_rclcpp_wait_set' returned '0': CMAKE_PREFIX_PATH=${CMAKE_PREFIX_PATH}:/opt/ros/jazzy DEBUGINFOD_URLS=https://debuginfod.ubuntu.com /usr/bin/cmake --install /home/nicholas/Documents/ROS2_notes/ros2_ws/build/examples_rclcpp_wait_set
