[0.013s] Invoking command in '/home/nicholas/Documents/ROS2_notes/ros2_ws/build/cpp_pubsub': CMAKE_PREFIX_PATH=${CMAKE_PREFIX_PATH}:/opt/ros/jazzy DEBUGINFOD_URLS=https://debuginfod.ubuntu.com /usr/bin/cmake /home/nicholas/Documents/ROS2_notes/ros2_ws/src/cpp_pubsub -DCMAKE_INSTALL_PREFIX=/home/nicholas/Documents/ROS2_notes/ros2_ws/install/cpp_pubsub
[0.149s] -- The C compiler identification is GNU 13.3.0
[0.266s] -- The CXX compiler identification is GNU 13.3.0
[0.292s] -- Detecting C compiler ABI info
[0.418s] -- Detecting C compiler ABI info - done
[0.430s] -- Check for working C compiler: /usr/bin/cc - skipped
[0.431s] -- Detecting C compile features
[0.434s] -- Detecting C compile features - done
[0.447s] -- Detecting CXX compiler ABI info
[0.590s] -- Detecting CXX compiler ABI info - done
[0.603s] -- Check for working CXX compiler: /usr/bin/c++ - skipped
[0.604s] -- Detecting CXX compile features
[0.605s] -- Detecting CXX compile features - done
[0.614s] -- Found ament_cmake: 2.5.6 (/opt/ros/jazzy/share/ament_cmake/cmake)
[0.793s] -- Found Python3: /usr/bin/python3 (found version "3.12.3") found components: Interpreter 
[0.937s] -- Found rclcpp: 28.1.21 (/opt/ros/jazzy/share/rclcpp/cmake)
[0.994s] -- Found rosidl_generator_c: 4.6.9 (/opt/ros/jazzy/share/rosidl_generator_c/cmake)
[1.011s] -- Found rosidl_generator_cpp: 4.6.9 (/opt/ros/jazzy/share/rosidl_generator_cpp/cmake)
[1.035s] -- Using all available rosidl_typesupport_c: rosidl_typesupport_fastrtps_c;rosidl_typesupport_introspection_c
[1.069s] -- Using all available rosidl_typesupport_cpp: rosidl_typesupport_fastrtps_cpp;rosidl_typesupport_introspection_cpp
[1.185s] -- Found rmw_implementation_cmake: 7.3.3 (/opt/ros/jazzy/share/rmw_implementation_cmake/cmake)
[1.188s] -- Found rmw_cyclonedds_cpp: 2.2.3 (/opt/ros/jazzy/share/rmw_cyclonedds_cpp/cmake)
[1.231s] -- Using RMW implementation 'rmw_cyclonedds_cpp' as default
[1.332s] -- Found std_msgs: 5.3.8 (/opt/ros/jazzy/share/std_msgs/cmake)
[1.355s] -- Found ament_lint_auto: 0.17.5 (/opt/ros/jazzy/share/ament_lint_auto/cmake)
[1.507s] -- Added test 'cppcheck' to perform static code analysis on C / C++ code
[1.507s] -- Configured cppcheck include dirs: 
[1.507s] -- Configured cppcheck exclude dirs and/or files: 
[1.509s] -- Added test 'lint_cmake' to check CMake code style
[1.511s] -- Added test 'uncrustify' to check C / C++ code style
[1.512s] -- Configured uncrustify additional arguments: 
[1.513s] -- Added test 'xmllint' to check XML markup files
[1.517s] -- Configuring done (1.5s)
[1.521s] [31mCMake Error at CMakeLists.txt:16 (add_executable):
[1.522s]   Cannot find source file:
[1.522s] 
[1.522s]     src/publisher_lambda_function.cpp
[1.522s] 
[1.522s]   Tried extensions .c .C .c++ .cc .cpp .cxx .cu .mpp .m .M .mm .ixx .cppm
[1.522s]   .ccm .cxxm .c++m .h .hh .h++ .hm .hpp .hxx .in .txx .f .F .for .f77 .f90
[1.522s]   .f95 .f03 .hip .ispc
[1.522s] 
[1.523s] [0m
[1.526s] [31mCMake Error at CMakeLists.txt:16 (add_executable):
[1.526s]   No SOURCES given to target: talker
[1.526s] 
[1.526s] [0m
[1.526s] [0mCMake Generate step failed.  Build files cannot be regenerated correctly.[0m
[1.543s] Invoked command in '/home/nicholas/Documents/ROS2_notes/ros2_ws/build/cpp_pubsub' returned '1': CMAKE_PREFIX_PATH=${CMAKE_PREFIX_PATH}:/opt/ros/jazzy DEBUGINFOD_URLS=https://debuginfod.ubuntu.com /usr/bin/cmake /home/nicholas/Documents/ROS2_notes/ros2_ws/src/cpp_pubsub -DCMAKE_INSTALL_PREFIX=/home/nicholas/Documents/ROS2_notes/ros2_ws/install/cpp_pubsub
