[2.847s] Invoking command in '/home/nicholas/Documents/ROS2_notes/ros2_ws/src/examples/rclpy/guard_conditions': DEBUGINFOD_URLS=https://debuginfod.ubuntu.com PYTHONPATH=/home/nicholas/Documents/ROS2_notes/ros2_ws/build/examples_rclpy_guard_conditions/prefix_override:/usr/lib/python3/dist-packages/colcon_core/task/python/colcon_distutils_commands:/home/nicholas/Documents/ROS2_notes/ros2_ws/install/examples_rclpy_guard_conditions/lib/python3.12/site-packages:${PYTHONPATH} /usr/bin/python3 -W ignore:setup.py install is deprecated -W ignore:easy_install command is deprecated setup.py egg_info --egg-base ../../../../build/examples_rclpy_guard_conditions build --build-base /home/nicholas/Documents/ROS2_notes/ros2_ws/build/examples_rclpy_guard_conditions/build install --record /home/nicholas/Documents/ROS2_notes/ros2_ws/build/examples_rclpy_guard_conditions/install.log --install-scripts $base/lib/examples_rclpy_guard_conditions --single-version-externally-managed install_data
[3.441s] running egg_info
[3.477s] writing ../../../../build/examples_rclpy_guard_conditions/examples_rclpy_guard_conditions.egg-info/PKG-INFO
[3.483s] writing dependency_links to ../../../../build/examples_rclpy_guard_conditions/examples_rclpy_guard_conditions.egg-info/dependency_links.txt
[3.484s] writing entry points to ../../../../build/examples_rclpy_guard_conditions/examples_rclpy_guard_conditions.egg-info/entry_points.txt
[3.484s] writing requirements to ../../../../build/examples_rclpy_guard_conditions/examples_rclpy_guard_conditions.egg-info/requires.txt
[3.484s] writing top-level names to ../../../../build/examples_rclpy_guard_conditions/examples_rclpy_guard_conditions.egg-info/top_level.txt
[3.547s] reading manifest file '../../../../build/examples_rclpy_guard_conditions/examples_rclpy_guard_conditions.egg-info/SOURCES.txt'
[3.551s] writing manifest file '../../../../build/examples_rclpy_guard_conditions/examples_rclpy_guard_conditions.egg-info/SOURCES.txt'
[3.552s] running build
[3.552s] running build_py
[3.553s] running install
[3.582s] running install_lib
[3.684s] running install_data
[3.684s] running install_egg_info
[3.740s] removing '/home/nicholas/Documents/ROS2_notes/ros2_ws/install/examples_rclpy_guard_conditions/lib/python3.12/site-packages/examples_rclpy_guard_conditions-0.19.7-py3.12.egg-info' (and everything under it)
[3.741s] Copying ../../../../build/examples_rclpy_guard_conditions/examples_rclpy_guard_conditions.egg-info to /home/nicholas/Documents/ROS2_notes/ros2_ws/install/examples_rclpy_guard_conditions/lib/python3.12/site-packages/examples_rclpy_guard_conditions-0.19.7-py3.12.egg-info
[3.744s] running install_scripts
[4.071s] Installing trigger_guard_condition script to /home/nicholas/Documents/ROS2_notes/ros2_ws/install/examples_rclpy_guard_conditions/lib/examples_rclpy_guard_conditions
[4.071s] writing list of installed files to '/home/nicholas/Documents/ROS2_notes/ros2_ws/build/examples_rclpy_guard_conditions/install.log'
[4.563s] Invoked command in '/home/nicholas/Documents/ROS2_notes/ros2_ws/src/examples/rclpy/guard_conditions' returned '0': DEBUGINFOD_URLS=https://debuginfod.ubuntu.com PYTHONPATH=/home/nicholas/Documents/ROS2_notes/ros2_ws/build/examples_rclpy_guard_conditions/prefix_override:/usr/lib/python3/dist-packages/colcon_core/task/python/colcon_distutils_commands:/home/nicholas/Documents/ROS2_notes/ros2_ws/install/examples_rclpy_guard_conditions/lib/python3.12/site-packages:${PYTHONPATH} /usr/bin/python3 -W ignore:setup.py install is deprecated -W ignore:easy_install command is deprecated setup.py egg_info --egg-base ../../../../build/examples_rclpy_guard_conditions build --build-base /home/nicholas/Documents/ROS2_notes/ros2_ws/build/examples_rclpy_guard_conditions/build install --record /home/nicholas/Documents/ROS2_notes/ros2_ws/build/examples_rclpy_guard_conditions/install.log --install-scripts $base/lib/examples_rclpy_guard_conditions --single-version-externally-managed install_data
