[0.050s] Invoking command in '/home/nicholas/Documents/ROS2_notes/ros2_ws/build/examples_rclcpp_minimal_composition': CMAKE_PREFIX_PATH=${CMAKE_PREFIX_PATH}:/opt/ros/jazzy DEBUGINFOD_URLS=https://debuginfod.ubuntu.com /usr/bin/cmake --build /home/nicholas/Documents/ROS2_notes/ros2_ws/build/examples_rclcpp_minimal_composition -- -j8 -l8
[0.238s] [ 33%] Built target composition_nodes
[0.330s] [ 55%] Built target composition_publisher
[0.423s] [ 77%] Built target composition_composed
[0.512s] [100%] Built target composition_subscriber
[0.614s] Invoked command in '/home/nicholas/Documents/ROS2_notes/ros2_ws/build/examples_rclcpp_minimal_composition' returned '0': CMAKE_PREFIX_PATH=${CMAKE_PREFIX_PATH}:/opt/ros/jazzy DEBUGINFOD_URLS=https://debuginfod.ubuntu.com /usr/bin/cmake --build /home/nicholas/Documents/ROS2_notes/ros2_ws/build/examples_rclcpp_minimal_composition -- -j8 -l8
[0.615s] Invoking command in '/home/nicholas/Documents/ROS2_notes/ros2_ws/build/examples_rclcpp_minimal_composition': CMAKE_PREFIX_PATH=${CMAKE_PREFIX_PATH}:/opt/ros/jazzy DEBUGINFOD_URLS=https://debuginfod.ubuntu.com /usr/bin/cmake --install /home/nicholas/Documents/ROS2_notes/ros2_ws/build/examples_rclcpp_minimal_composition
[0.660s] -- Install configuration: ""
[0.660s] -- Up-to-date: /home/nicholas/Documents/ROS2_notes/ros2_ws/install/examples_rclcpp_minimal_composition/share/examples_rclcpp_minimal_composition/environment/library_path.sh
[0.660s] -- Up-to-date: /home/nicholas/Documents/ROS2_notes/ros2_ws/install/examples_rclcpp_minimal_composition/share/examples_rclcpp_minimal_composition/environment/library_path.dsv
[0.660s] -- Up-to-date: /home/nicholas/Documents/ROS2_notes/ros2_ws/install/examples_rclcpp_minimal_composition/lib/libcomposition_nodes.so
[0.660s] -- Up-to-date: /home/nicholas/Documents/ROS2_notes/ros2_ws/install/examples_rclcpp_minimal_composition/lib/examples_rclcpp_minimal_composition/composition_publisher
[0.661s] -- Up-to-date: /home/nicholas/Documents/ROS2_notes/ros2_ws/install/examples_rclcpp_minimal_composition/lib/examples_rclcpp_minimal_composition/composition_subscriber
[0.661s] -- Up-to-date: /home/nicholas/Documents/ROS2_notes/ros2_ws/install/examples_rclcpp_minimal_composition/lib/examples_rclcpp_minimal_composition/composition_composed
[0.661s] -- Up-to-date: /home/nicholas/Documents/ROS2_notes/ros2_ws/install/examples_rclcpp_minimal_composition/share/ament_index/resource_index/package_run_dependencies/examples_rclcpp_minimal_composition
[0.661s] -- Up-to-date: /home/nicholas/Documents/ROS2_notes/ros2_ws/install/examples_rclcpp_minimal_composition/share/ament_index/resource_index/parent_prefix_path/examples_rclcpp_minimal_composition
[0.661s] -- Up-to-date: /home/nicholas/Documents/ROS2_notes/ros2_ws/install/examples_rclcpp_minimal_composition/share/examples_rclcpp_minimal_composition/environment/ament_prefix_path.sh
[0.661s] -- Up-to-date: /home/nicholas/Documents/ROS2_notes/ros2_ws/install/examples_rclcpp_minimal_composition/share/examples_rclcpp_minimal_composition/environment/ament_prefix_path.dsv
[0.661s] -- Up-to-date: /home/nicholas/Documents/ROS2_notes/ros2_ws/install/examples_rclcpp_minimal_composition/share/examples_rclcpp_minimal_composition/environment/path.sh
[0.661s] -- Up-to-date: /home/nicholas/Documents/ROS2_notes/ros2_ws/install/examples_rclcpp_minimal_composition/share/examples_rclcpp_minimal_composition/environment/path.dsv
[0.661s] -- Up-to-date: /home/nicholas/Documents/ROS2_notes/ros2_ws/install/examples_rclcpp_minimal_composition/share/examples_rclcpp_minimal_composition/local_setup.bash
[0.662s] -- Up-to-date: /home/nicholas/Documents/ROS2_notes/ros2_ws/install/examples_rclcpp_minimal_composition/share/examples_rclcpp_minimal_composition/local_setup.sh
[0.662s] -- Up-to-date: /home/nicholas/Documents/ROS2_notes/ros2_ws/install/examples_rclcpp_minimal_composition/share/examples_rclcpp_minimal_composition/local_setup.zsh
[0.662s] -- Up-to-date: /home/nicholas/Documents/ROS2_notes/ros2_ws/install/examples_rclcpp_minimal_composition/share/examples_rclcpp_minimal_composition/local_setup.dsv
[0.662s] -- Installing: /home/nicholas/Documents/ROS2_notes/ros2_ws/install/examples_rclcpp_minimal_composition/share/examples_rclcpp_minimal_composition/package.dsv
[0.662s] -- Up-to-date: /home/nicholas/Documents/ROS2_notes/ros2_ws/install/examples_rclcpp_minimal_composition/share/ament_index/resource_index/packages/examples_rclcpp_minimal_composition
[0.662s] -- Up-to-date: /home/nicholas/Documents/ROS2_notes/ros2_ws/install/examples_rclcpp_minimal_composition/share/examples_rclcpp_minimal_composition/cmake/examples_rclcpp_minimal_compositionConfig.cmake
[0.666s] -- Up-to-date: /home/nicholas/Documents/ROS2_notes/ros2_ws/install/examples_rclcpp_minimal_composition/share/examples_rclcpp_minimal_composition/cmake/examples_rclcpp_minimal_compositionConfig-version.cmake
[0.666s] -- Up-to-date: /home/nicholas/Documents/ROS2_notes/ros2_ws/install/examples_rclcpp_minimal_composition/share/examples_rclcpp_minimal_composition/package.xml
[0.738s] Invoked command in '/home/nicholas/Documents/ROS2_notes/ros2_ws/build/examples_rclcpp_minimal_composition' returned '0': CMAKE_PREFIX_PATH=${CMAKE_PREFIX_PATH}:/opt/ros/jazzy DEBUGINFOD_URLS=https://debuginfod.ubuntu.com /usr/bin/cmake --install /home/nicholas/Documents/ROS2_notes/ros2_ws/build/examples_rclcpp_minimal_composition
