[0.010s] Invoking command in '/home/nicholas/Documents/ROS2_notes/ros2_ws/build/cpp_pubsub': CMAKE_PREFIX_PATH=${CMAKE_PREFIX_PATH}:/opt/ros/jazzy DEBUGINFOD_URLS=https://debuginfod.ubuntu.com /usr/bin/cmake /home/nicholas/Documents/ROS2_notes/ros2_ws/src/cpp_pubsub -DCMAKE_INSTALL_PREFIX=/home/nicholas/Documents/ROS2_notes/ros2_ws/install/cpp_pubsub
[0.026s] -- Found ament_cmake: 2.5.6 (/opt/ros/jazzy/share/ament_cmake/cmake)
[0.261s] -- Found rclcpp: 28.1.21 (/opt/ros/jazzy/share/rclcpp/cmake)
[0.285s] -- Found rosidl_generator_c: 4.6.9 (/opt/ros/jazzy/share/rosidl_generator_c/cmake)
[0.294s] -- Found rosidl_generator_cpp: 4.6.9 (/opt/ros/jazzy/share/rosidl_generator_cpp/cmake)
[0.304s] -- Using all available rosidl_typesupport_c: rosidl_typesupport_fastrtps_c;rosidl_typesupport_introspection_c
[0.317s] -- Using all available rosidl_typesupport_cpp: rosidl_typesupport_fastrtps_cpp;rosidl_typesupport_introspection_cpp
[0.377s] -- Found rmw_implementation_cmake: 7.3.3 (/opt/ros/jazzy/share/rmw_implementation_cmake/cmake)
[0.379s] -- Found rmw_cyclonedds_cpp: 2.2.3 (/opt/ros/jazzy/share/rmw_cyclonedds_cpp/cmake)
[0.399s] -- Using RMW implementation 'rmw_cyclonedds_cpp' as default
[0.464s] -- Found std_msgs: 5.3.8 (/opt/ros/jazzy/share/std_msgs/cmake)
[0.477s] -- Found ament_lint_auto: 0.17.5 (/opt/ros/jazzy/share/ament_lint_auto/cmake)
[0.587s] -- Added test 'cppcheck' to perform static code analysis on C / C++ code
[0.588s] -- Configured cppcheck include dirs: 
[0.588s] -- Configured cppcheck exclude dirs and/or files: 
[0.588s] -- Added test 'lint_cmake' to check CMake code style
[0.589s] -- Added test 'uncrustify' to check C / C++ code style
[0.589s] -- Configured uncrustify additional arguments: 
[0.590s] -- Added test 'xmllint' to check XML markup files
[0.591s] -- Configuring done (0.6s)
[0.594s] [31mCMake Error at CMakeLists.txt:16 (add_executable):
[0.594s]   Cannot find source file:
[0.594s] 
[0.595s]     src/publisher_lambda_function.cpp
[0.595s] 
[0.595s]   Tried extensions .c .C .c++ .cc .cpp .cxx .cu .mpp .m .M .mm .ixx .cppm
[0.595s]   .ccm .cxxm .c++m .h .hh .h++ .hm .hpp .hxx .in .txx .f .F .for .f77 .f90
[0.595s]   .f95 .f03 .hip .ispc
[0.595s] 
[0.595s] [0m
[0.596s] [31mCMake Error at CMakeLists.txt:16 (add_executable):
[0.596s]   No SOURCES given to target: talker
[0.596s] 
[0.596s] [0m
[0.597s] [0mCMake Generate step failed.  Build files cannot be regenerated correctly.[0m
[0.606s] Invoked command in '/home/nicholas/Documents/ROS2_notes/ros2_ws/build/cpp_pubsub' returned '1': CMAKE_PREFIX_PATH=${CMAKE_PREFIX_PATH}:/opt/ros/jazzy DEBUGINFOD_URLS=https://debuginfod.ubuntu.com /usr/bin/cmake /home/nicholas/Documents/ROS2_notes/ros2_ws/src/cpp_pubsub -DCMAKE_INSTALL_PREFIX=/home/nicholas/Documents/ROS2_notes/ros2_ws/install/cpp_pubsub
