[0.009s] Invoking command in '/home/nicholas/Documents/ROS2_notes/ros2_ws/build/cpp_pubsub': CMAKE_PREFIX_PATH=${CMAKE_PREFIX_PATH}:/opt/ros/jazzy DEBUGINFOD_URLS=https://debuginfod.ubuntu.com /usr/bin/cmake /home/nicholas/Documents/ROS2_notes/ros2_ws/src/cpp_pubsub -DCMAKE_INSTALL_PREFIX=/home/nicholas/Documents/ROS2_notes/ros2_ws/install/cpp_pubsub
[0.026s] -- Found ament_cmake: 2.5.6 (/opt/ros/jazzy/share/ament_cmake/cmake)
[0.275s] -- Found rclcpp: 28.1.21 (/opt/ros/jazzy/share/rclcpp/cmake)
[0.302s] -- Found rosidl_generator_c: 4.6.9 (/opt/ros/jazzy/share/rosidl_generator_c/cmake)
[0.312s] -- Found rosidl_generator_cpp: 4.6.9 (/opt/ros/jazzy/share/rosidl_generator_cpp/cmake)
[0.324s] -- Using all available rosidl_typesupport_c: rosidl_typesupport_fastrtps_c;rosidl_typesupport_introspection_c
[0.338s] -- Using all available rosidl_typesupport_cpp: rosidl_typesupport_fastrtps_cpp;rosidl_typesupport_introspection_cpp
[0.402s] -- Found rmw_implementation_cmake: 7.3.3 (/opt/ros/jazzy/share/rmw_implementation_cmake/cmake)
[0.403s] -- Found rmw_cyclonedds_cpp: 2.2.3 (/opt/ros/jazzy/share/rmw_cyclonedds_cpp/cmake)
[0.426s] -- Using RMW implementation 'rmw_cyclonedds_cpp' as default
[0.492s] -- Found std_msgs: 5.3.8 (/opt/ros/jazzy/share/std_msgs/cmake)
[0.507s] -- Found ament_lint_auto: 0.17.5 (/opt/ros/jazzy/share/ament_lint_auto/cmake)
[0.624s] -- Added test 'cppcheck' to perform static code analysis on C / C++ code
[0.624s] -- Configured cppcheck include dirs: 
[0.624s] -- Configured cppcheck exclude dirs and/or files: 
[0.624s] -- Added test 'lint_cmake' to check CMake code style
[0.625s] -- Added test 'uncrustify' to check C / C++ code style
[0.625s] -- Configured uncrustify additional arguments: 
[0.625s] -- Added test 'xmllint' to check XML markup files
[0.626s] -- Configuring done (0.6s)
[0.646s] -- Generating done (0.0s)
[0.654s] -- Build files have been written to: /home/nicholas/Documents/ROS2_notes/ros2_ws/build/cpp_pubsub
[0.666s] Invoked command in '/home/nicholas/Documents/ROS2_notes/ros2_ws/build/cpp_pubsub' returned '0': CMAKE_PREFIX_PATH=${CMAKE_PREFIX_PATH}:/opt/ros/jazzy DEBUGINFOD_URLS=https://debuginfod.ubuntu.com /usr/bin/cmake /home/nicholas/Documents/ROS2_notes/ros2_ws/src/cpp_pubsub -DCMAKE_INSTALL_PREFIX=/home/nicholas/Documents/ROS2_notes/ros2_ws/install/cpp_pubsub
[0.668s] Invoking command in '/home/nicholas/Documents/ROS2_notes/ros2_ws/build/cpp_pubsub': CMAKE_PREFIX_PATH=${CMAKE_PREFIX_PATH}:/opt/ros/jazzy DEBUGINFOD_URLS=https://debuginfod.ubuntu.com /usr/bin/cmake --build /home/nicholas/Documents/ROS2_notes/ros2_ws/build/cpp_pubsub -- -j8 -l8
[0.733s] [ 50%] [32mBuilding CXX object CMakeFiles/listener.dir/src/subscriber_lambda_function.cpp.o[0m
[0.733s] [ 50%] [32mBuilding CXX object CMakeFiles/talker.dir/src/publisher_lambda_function.cpp.o[0m
[5.808s] [ 75%] [32m[1mLinking CXX executable talker[0m
[6.158s] [ 75%] Built target talker
[9.210s] [100%] [32m[1mLinking CXX executable listener[0m
[9.604s] [100%] Built target listener
[9.624s] Invoked command in '/home/nicholas/Documents/ROS2_notes/ros2_ws/build/cpp_pubsub' returned '0': CMAKE_PREFIX_PATH=${CMAKE_PREFIX_PATH}:/opt/ros/jazzy DEBUGINFOD_URLS=https://debuginfod.ubuntu.com /usr/bin/cmake --build /home/nicholas/Documents/ROS2_notes/ros2_ws/build/cpp_pubsub -- -j8 -l8
[9.635s] Invoking command in '/home/nicholas/Documents/ROS2_notes/ros2_ws/build/cpp_pubsub': CMAKE_PREFIX_PATH=${CMAKE_PREFIX_PATH}:/opt/ros/jazzy DEBUGINFOD_URLS=https://debuginfod.ubuntu.com /usr/bin/cmake --install /home/nicholas/Documents/ROS2_notes/ros2_ws/build/cpp_pubsub
[9.644s] -- Install configuration: ""
[9.645s] -- Installing: /home/nicholas/Documents/ROS2_notes/ros2_ws/install/cpp_pubsub/lib/cpp_pubsub/talker
[9.648s] -- Set non-toolchain portion of runtime path of "/home/nicholas/Documents/ROS2_notes/ros2_ws/install/cpp_pubsub/lib/cpp_pubsub/talker" to ""
[9.649s] -- Installing: /home/nicholas/Documents/ROS2_notes/ros2_ws/install/cpp_pubsub/lib/cpp_pubsub/listener
[9.652s] -- Set non-toolchain portion of runtime path of "/home/nicholas/Documents/ROS2_notes/ros2_ws/install/cpp_pubsub/lib/cpp_pubsub/listener" to ""
[9.653s] -- Installing: /home/nicholas/Documents/ROS2_notes/ros2_ws/install/cpp_pubsub/share/ament_index/resource_index/package_run_dependencies/cpp_pubsub
[9.653s] -- Installing: /home/nicholas/Documents/ROS2_notes/ros2_ws/install/cpp_pubsub/share/ament_index/resource_index/parent_prefix_path/cpp_pubsub
[9.653s] -- Installing: /home/nicholas/Documents/ROS2_notes/ros2_ws/install/cpp_pubsub/share/cpp_pubsub/environment/ament_prefix_path.sh
[9.654s] -- Installing: /home/nicholas/Documents/ROS2_notes/ros2_ws/install/cpp_pubsub/share/cpp_pubsub/environment/ament_prefix_path.dsv
[9.654s] -- Installing: /home/nicholas/Documents/ROS2_notes/ros2_ws/install/cpp_pubsub/share/cpp_pubsub/environment/path.sh
[9.654s] -- Installing: /home/nicholas/Documents/ROS2_notes/ros2_ws/install/cpp_pubsub/share/cpp_pubsub/environment/path.dsv
[9.654s] -- Installing: /home/nicholas/Documents/ROS2_notes/ros2_ws/install/cpp_pubsub/share/cpp_pubsub/local_setup.bash
[9.654s] -- Installing: /home/nicholas/Documents/ROS2_notes/ros2_ws/install/cpp_pubsub/share/cpp_pubsub/local_setup.sh
[9.654s] -- Installing: /home/nicholas/Documents/ROS2_notes/ros2_ws/install/cpp_pubsub/share/cpp_pubsub/local_setup.zsh
[9.654s] -- Installing: /home/nicholas/Documents/ROS2_notes/ros2_ws/install/cpp_pubsub/share/cpp_pubsub/local_setup.dsv
[9.655s] -- Installing: /home/nicholas/Documents/ROS2_notes/ros2_ws/install/cpp_pubsub/share/cpp_pubsub/package.dsv
[9.655s] -- Installing: /home/nicholas/Documents/ROS2_notes/ros2_ws/install/cpp_pubsub/share/ament_index/resource_index/packages/cpp_pubsub
[9.655s] -- Installing: /home/nicholas/Documents/ROS2_notes/ros2_ws/install/cpp_pubsub/share/cpp_pubsub/cmake/cpp_pubsubConfig.cmake
[9.655s] -- Installing: /home/nicholas/Documents/ROS2_notes/ros2_ws/install/cpp_pubsub/share/cpp_pubsub/cmake/cpp_pubsubConfig-version.cmake
[9.655s] -- Installing: /home/nicholas/Documents/ROS2_notes/ros2_ws/install/cpp_pubsub/share/cpp_pubsub/package.xml
[9.659s] Invoked command in '/home/nicholas/Documents/ROS2_notes/ros2_ws/build/cpp_pubsub' returned '0': CMAKE_PREFIX_PATH=${CMAKE_PREFIX_PATH}:/opt/ros/jazzy DEBUGINFOD_URLS=https://debuginfod.ubuntu.com /usr/bin/cmake --install /home/nicholas/Documents/ROS2_notes/ros2_ws/build/cpp_pubsub
