running egg_info
creating ../../../../../build/examples_rclpy_minimal_subscriber/examples_rclpy_minimal_subscriber.egg-info
writing ../../../../../build/examples_rclpy_minimal_subscriber/examples_rclpy_minimal_subscriber.egg-info/PKG-INFO
writing dependency_links to ../../../../../build/examples_rclpy_minimal_subscriber/examples_rclpy_minimal_subscriber.egg-info/dependency_links.txt
writing entry points to ../../../../../build/examples_rclpy_minimal_subscriber/examples_rclpy_minimal_subscriber.egg-info/entry_points.txt
writing requirements to ../../../../../build/examples_rclpy_minimal_subscriber/examples_rclpy_minimal_subscriber.egg-info/requires.txt
writing top-level names to ../../../../../build/examples_rclpy_minimal_subscriber/examples_rclpy_minimal_subscriber.egg-info/top_level.txt
writing manifest file '../../../../../build/examples_rclpy_minimal_subscriber/examples_rclpy_minimal_subscriber.egg-info/SOURCES.txt'
reading manifest file '../../../../../build/examples_rclpy_minimal_subscriber/examples_rclpy_minimal_subscriber.egg-info/SOURCES.txt'
writing manifest file '../../../../../build/examples_rclpy_minimal_subscriber/examples_rclpy_minimal_subscriber.egg-info/SOURCES.txt'
running build
running build_py
creating /home/nicholas/Documents/ROS2_notes/ros2_ws/build/examples_rclpy_minimal_subscriber/build
creating /home/nicholas/Documents/ROS2_notes/ros2_ws/build/examples_rclpy_minimal_subscriber/build/lib
creating /home/nicholas/Documents/ROS2_notes/ros2_ws/build/examples_rclpy_minimal_subscriber/build/lib/examples_rclpy_minimal_subscriber
copying examples_rclpy_minimal_subscriber/__init__.py -> /home/nicholas/Documents/ROS2_notes/ros2_ws/build/examples_rclpy_minimal_subscriber/build/lib/examples_rclpy_minimal_subscriber
copying examples_rclpy_minimal_subscriber/subscriber_member_function.py -> /home/nicholas/Documents/ROS2_notes/ros2_ws/build/examples_rclpy_minimal_subscriber/build/lib/examples_rclpy_minimal_subscriber
copying examples_rclpy_minimal_subscriber/subscriber_old_school.py -> /home/nicholas/Documents/ROS2_notes/ros2_ws/build/examples_rclpy_minimal_subscriber/build/lib/examples_rclpy_minimal_subscriber
copying examples_rclpy_minimal_subscriber/subscriber_lambda.py -> /home/nicholas/Documents/ROS2_notes/ros2_ws/build/examples_rclpy_minimal_subscriber/build/lib/examples_rclpy_minimal_subscriber
running install
running install_lib
creating /home/nicholas/Documents/ROS2_notes/ros2_ws/install/examples_rclpy_minimal_subscriber/lib/python3.12/site-packages/examples_rclpy_minimal_subscriber
copying /home/nicholas/Documents/ROS2_notes/ros2_ws/build/examples_rclpy_minimal_subscriber/build/lib/examples_rclpy_minimal_subscriber/__init__.py -> /home/nicholas/Documents/ROS2_notes/ros2_ws/install/examples_rclpy_minimal_subscriber/lib/python3.12/site-packages/examples_rclpy_minimal_subscriber
copying /home/nicholas/Documents/ROS2_notes/ros2_ws/build/examples_rclpy_minimal_subscriber/build/lib/examples_rclpy_minimal_subscriber/subscriber_member_function.py -> /home/nicholas/Documents/ROS2_notes/ros2_ws/install/examples_rclpy_minimal_subscriber/lib/python3.12/site-packages/examples_rclpy_minimal_subscriber
copying /home/nicholas/Documents/ROS2_notes/ros2_ws/build/examples_rclpy_minimal_subscriber/build/lib/examples_rclpy_minimal_subscriber/subscriber_old_school.py -> /home/nicholas/Documents/ROS2_notes/ros2_ws/install/examples_rclpy_minimal_subscriber/lib/python3.12/site-packages/examples_rclpy_minimal_subscriber
copying /home/nicholas/Documents/ROS2_notes/ros2_ws/build/examples_rclpy_minimal_subscriber/build/lib/examples_rclpy_minimal_subscriber/subscriber_lambda.py -> /home/nicholas/Documents/ROS2_notes/ros2_ws/install/examples_rclpy_minimal_subscriber/lib/python3.12/site-packages/examples_rclpy_minimal_subscriber
byte-compiling /home/nicholas/Documents/ROS2_notes/ros2_ws/install/examples_rclpy_minimal_subscriber/lib/python3.12/site-packages/examples_rclpy_minimal_subscriber/__init__.py to __init__.cpython-312.pyc
byte-compiling /home/nicholas/Documents/ROS2_notes/ros2_ws/install/examples_rclpy_minimal_subscriber/lib/python3.12/site-packages/examples_rclpy_minimal_subscriber/subscriber_member_function.py to subscriber_member_function.cpython-312.pyc
byte-compiling /home/nicholas/Documents/ROS2_notes/ros2_ws/install/examples_rclpy_minimal_subscriber/lib/python3.12/site-packages/examples_rclpy_minimal_subscriber/subscriber_old_school.py to subscriber_old_school.cpython-312.pyc
byte-compiling /home/nicholas/Documents/ROS2_notes/ros2_ws/install/examples_rclpy_minimal_subscriber/lib/python3.12/site-packages/examples_rclpy_minimal_subscriber/subscriber_lambda.py to subscriber_lambda.cpython-312.pyc
running install_data
creating /home/nicholas/Documents/ROS2_notes/ros2_ws/install/examples_rclpy_minimal_subscriber/share/ament_index
creating /home/nicholas/Documents/ROS2_notes/ros2_ws/install/examples_rclpy_minimal_subscriber/share/ament_index/resource_index
creating /home/nicholas/Documents/ROS2_notes/ros2_ws/install/examples_rclpy_minimal_subscriber/share/ament_index/resource_index/packages
copying resource/examples_rclpy_minimal_subscriber -> /home/nicholas/Documents/ROS2_notes/ros2_ws/install/examples_rclpy_minimal_subscriber/share/ament_index/resource_index/packages
copying package.xml -> /home/nicholas/Documents/ROS2_notes/ros2_ws/install/examples_rclpy_minimal_subscriber/share/examples_rclpy_minimal_subscriber
running install_egg_info
Copying ../../../../../build/examples_rclpy_minimal_subscriber/examples_rclpy_minimal_subscriber.egg-info to /home/nicholas/Documents/ROS2_notes/ros2_ws/install/examples_rclpy_minimal_subscriber/lib/python3.12/site-packages/examples_rclpy_minimal_subscriber-0.19.7-py3.12.egg-info
running install_scripts
Installing subscriber_lambda script to /home/nicholas/Documents/ROS2_notes/ros2_ws/install/examples_rclpy_minimal_subscriber/lib/examples_rclpy_minimal_subscriber
Installing subscriber_member_function script to /home/nicholas/Documents/ROS2_notes/ros2_ws/install/examples_rclpy_minimal_subscriber/lib/examples_rclpy_minimal_subscriber
Installing subscriber_old_school script to /home/nicholas/Documents/ROS2_notes/ros2_ws/install/examples_rclpy_minimal_subscriber/lib/examples_rclpy_minimal_subscriber
writing list of installed files to '/home/nicholas/Documents/ROS2_notes/ros2_ws/build/examples_rclpy_minimal_subscriber/install.log'
