[2.475s] Invoking command in '/home/nicholas/Documents/ROS2_notes/ros2_ws/src/examples/rclpy/topics/minimal_subscriber': DEBUGINFOD_URLS=https://debuginfod.ubuntu.com PYTHONPATH=/home/nicholas/Documents/ROS2_notes/ros2_ws/build/examples_rclpy_minimal_subscriber/prefix_override:/usr/lib/python3/dist-packages/colcon_core/task/python/colcon_distutils_commands:/home/nicholas/Documents/ROS2_notes/ros2_ws/install/examples_rclpy_minimal_subscriber/lib/python3.12/site-packages:${PYTHONPATH} /usr/bin/python3 -W ignore:setup.py install is deprecated -W ignore:easy_install command is deprecated setup.py egg_info --egg-base ../../../../../build/examples_rclpy_minimal_subscriber build --build-base /home/nicholas/Documents/ROS2_notes/ros2_ws/build/examples_rclpy_minimal_subscriber/build install --record /home/nicholas/Documents/ROS2_notes/ros2_ws/build/examples_rclpy_minimal_subscriber/install.log --install-scripts $base/lib/examples_rclpy_minimal_subscriber --single-version-externally-managed install_data
[3.053s] running egg_info
[3.054s] creating ../../../../../build/examples_rclpy_minimal_subscriber/examples_rclpy_minimal_subscriber.egg-info
[3.105s] writing ../../../../../build/examples_rclpy_minimal_subscriber/examples_rclpy_minimal_subscriber.egg-info/PKG-INFO
[3.109s] writing dependency_links to ../../../../../build/examples_rclpy_minimal_subscriber/examples_rclpy_minimal_subscriber.egg-info/dependency_links.txt
[3.111s] writing entry points to ../../../../../build/examples_rclpy_minimal_subscriber/examples_rclpy_minimal_subscriber.egg-info/entry_points.txt
[3.115s] writing requirements to ../../../../../build/examples_rclpy_minimal_subscriber/examples_rclpy_minimal_subscriber.egg-info/requires.txt
[3.118s] writing top-level names to ../../../../../build/examples_rclpy_minimal_subscriber/examples_rclpy_minimal_subscriber.egg-info/top_level.txt
[3.118s] writing manifest file '../../../../../build/examples_rclpy_minimal_subscriber/examples_rclpy_minimal_subscriber.egg-info/SOURCES.txt'
[3.249s] reading manifest file '../../../../../build/examples_rclpy_minimal_subscriber/examples_rclpy_minimal_subscriber.egg-info/SOURCES.txt'
[3.252s] writing manifest file '../../../../../build/examples_rclpy_minimal_subscriber/examples_rclpy_minimal_subscriber.egg-info/SOURCES.txt'
[3.252s] running build
[3.253s] running build_py
[3.253s] creating /home/nicholas/Documents/ROS2_notes/ros2_ws/build/examples_rclpy_minimal_subscriber/build
[3.256s] creating /home/nicholas/Documents/ROS2_notes/ros2_ws/build/examples_rclpy_minimal_subscriber/build/lib
[3.258s] creating /home/nicholas/Documents/ROS2_notes/ros2_ws/build/examples_rclpy_minimal_subscriber/build/lib/examples_rclpy_minimal_subscriber
[3.262s] copying examples_rclpy_minimal_subscriber/__init__.py -> /home/nicholas/Documents/ROS2_notes/ros2_ws/build/examples_rclpy_minimal_subscriber/build/lib/examples_rclpy_minimal_subscriber
[3.263s] copying examples_rclpy_minimal_subscriber/subscriber_member_function.py -> /home/nicholas/Documents/ROS2_notes/ros2_ws/build/examples_rclpy_minimal_subscriber/build/lib/examples_rclpy_minimal_subscriber
[3.265s] copying examples_rclpy_minimal_subscriber/subscriber_old_school.py -> /home/nicholas/Documents/ROS2_notes/ros2_ws/build/examples_rclpy_minimal_subscriber/build/lib/examples_rclpy_minimal_subscriber
[3.266s] copying examples_rclpy_minimal_subscriber/subscriber_lambda.py -> /home/nicholas/Documents/ROS2_notes/ros2_ws/build/examples_rclpy_minimal_subscriber/build/lib/examples_rclpy_minimal_subscriber
[3.268s] running install
[3.288s] running install_lib
[3.347s] creating /home/nicholas/Documents/ROS2_notes/ros2_ws/install/examples_rclpy_minimal_subscriber/lib/python3.12/site-packages/examples_rclpy_minimal_subscriber
[3.348s] copying /home/nicholas/Documents/ROS2_notes/ros2_ws/build/examples_rclpy_minimal_subscriber/build/lib/examples_rclpy_minimal_subscriber/__init__.py -> /home/nicholas/Documents/ROS2_notes/ros2_ws/install/examples_rclpy_minimal_subscriber/lib/python3.12/site-packages/examples_rclpy_minimal_subscriber
[3.349s] copying /home/nicholas/Documents/ROS2_notes/ros2_ws/build/examples_rclpy_minimal_subscriber/build/lib/examples_rclpy_minimal_subscriber/subscriber_member_function.py -> /home/nicholas/Documents/ROS2_notes/ros2_ws/install/examples_rclpy_minimal_subscriber/lib/python3.12/site-packages/examples_rclpy_minimal_subscriber
[3.349s] copying /home/nicholas/Documents/ROS2_notes/ros2_ws/build/examples_rclpy_minimal_subscriber/build/lib/examples_rclpy_minimal_subscriber/subscriber_old_school.py -> /home/nicholas/Documents/ROS2_notes/ros2_ws/install/examples_rclpy_minimal_subscriber/lib/python3.12/site-packages/examples_rclpy_minimal_subscriber
[3.349s] copying /home/nicholas/Documents/ROS2_notes/ros2_ws/build/examples_rclpy_minimal_subscriber/build/lib/examples_rclpy_minimal_subscriber/subscriber_lambda.py -> /home/nicholas/Documents/ROS2_notes/ros2_ws/install/examples_rclpy_minimal_subscriber/lib/python3.12/site-packages/examples_rclpy_minimal_subscriber
[3.357s] byte-compiling /home/nicholas/Documents/ROS2_notes/ros2_ws/install/examples_rclpy_minimal_subscriber/lib/python3.12/site-packages/examples_rclpy_minimal_subscriber/__init__.py to __init__.cpython-312.pyc
[3.359s] byte-compiling /home/nicholas/Documents/ROS2_notes/ros2_ws/install/examples_rclpy_minimal_subscriber/lib/python3.12/site-packages/examples_rclpy_minimal_subscriber/subscriber_member_function.py to subscriber_member_function.cpython-312.pyc
[3.366s] byte-compiling /home/nicholas/Documents/ROS2_notes/ros2_ws/install/examples_rclpy_minimal_subscriber/lib/python3.12/site-packages/examples_rclpy_minimal_subscriber/subscriber_old_school.py to subscriber_old_school.cpython-312.pyc
[3.367s] byte-compiling /home/nicholas/Documents/ROS2_notes/ros2_ws/install/examples_rclpy_minimal_subscriber/lib/python3.12/site-packages/examples_rclpy_minimal_subscriber/subscriber_lambda.py to subscriber_lambda.cpython-312.pyc
[3.367s] running install_data
[3.367s] creating /home/nicholas/Documents/ROS2_notes/ros2_ws/install/examples_rclpy_minimal_subscriber/share/ament_index
[3.367s] creating /home/nicholas/Documents/ROS2_notes/ros2_ws/install/examples_rclpy_minimal_subscriber/share/ament_index/resource_index
[3.367s] creating /home/nicholas/Documents/ROS2_notes/ros2_ws/install/examples_rclpy_minimal_subscriber/share/ament_index/resource_index/packages
[3.367s] copying resource/examples_rclpy_minimal_subscriber -> /home/nicholas/Documents/ROS2_notes/ros2_ws/install/examples_rclpy_minimal_subscriber/share/ament_index/resource_index/packages
[3.367s] copying package.xml -> /home/nicholas/Documents/ROS2_notes/ros2_ws/install/examples_rclpy_minimal_subscriber/share/examples_rclpy_minimal_subscriber
[3.368s] running install_egg_info
[3.414s] Copying ../../../../../build/examples_rclpy_minimal_subscriber/examples_rclpy_minimal_subscriber.egg-info to /home/nicholas/Documents/ROS2_notes/ros2_ws/install/examples_rclpy_minimal_subscriber/lib/python3.12/site-packages/examples_rclpy_minimal_subscriber-0.19.7-py3.12.egg-info
[3.421s] running install_scripts
[3.734s] Installing subscriber_lambda script to /home/nicholas/Documents/ROS2_notes/ros2_ws/install/examples_rclpy_minimal_subscriber/lib/examples_rclpy_minimal_subscriber
[3.736s] Installing subscriber_member_function script to /home/nicholas/Documents/ROS2_notes/ros2_ws/install/examples_rclpy_minimal_subscriber/lib/examples_rclpy_minimal_subscriber
[3.736s] Installing subscriber_old_school script to /home/nicholas/Documents/ROS2_notes/ros2_ws/install/examples_rclpy_minimal_subscriber/lib/examples_rclpy_minimal_subscriber
[3.737s] writing list of installed files to '/home/nicholas/Documents/ROS2_notes/ros2_ws/build/examples_rclpy_minimal_subscriber/install.log'
[3.921s] Invoked command in '/home/nicholas/Documents/ROS2_notes/ros2_ws/src/examples/rclpy/topics/minimal_subscriber' returned '0': DEBUGINFOD_URLS=https://debuginfod.ubuntu.com PYTHONPATH=/home/nicholas/Documents/ROS2_notes/ros2_ws/build/examples_rclpy_minimal_subscriber/prefix_override:/usr/lib/python3/dist-packages/colcon_core/task/python/colcon_distutils_commands:/home/nicholas/Documents/ROS2_notes/ros2_ws/install/examples_rclpy_minimal_subscriber/lib/python3.12/site-packages:${PYTHONPATH} /usr/bin/python3 -W ignore:setup.py install is deprecated -W ignore:easy_install command is deprecated setup.py egg_info --egg-base ../../../../../build/examples_rclpy_minimal_subscriber build --build-base /home/nicholas/Documents/ROS2_notes/ros2_ws/build/examples_rclpy_minimal_subscriber/build install --record /home/nicholas/Documents/ROS2_notes/ros2_ws/build/examples_rclpy_minimal_subscriber/install.log --install-scripts $base/lib/examples_rclpy_minimal_subscriber --single-version-externally-managed install_data
