[0.037s] Invoking command in '/home/nicholas/Documents/ROS2_notes/ros2_ws/build/examples_rclcpp_async_client': CMAKE_PREFIX_PATH=${CMAKE_PREFIX_PATH}:/opt/ros/jazzy DEBUGINFOD_URLS=https://debuginfod.ubuntu.com /usr/bin/cmake /home/nicholas/Documents/ROS2_notes/ros2_ws/src/examples/rclcpp/services/async_client -DCMAKE_INSTALL_PREFIX=/home/nicholas/Documents/ROS2_notes/ros2_ws/install/examples_rclcpp_async_client
[0.190s] -- The C compiler identification is GNU 13.3.0
[0.381s] -- The CXX compiler identification is GNU 13.3.0
[0.421s] -- Detecting C compiler ABI info
[0.670s] -- Detecting C compiler ABI info - done
[0.691s] -- Check for working C compiler: /usr/bin/cc - skipped
[0.698s] -- Detecting C compile features
[0.698s] -- Detecting C compile features - done
[0.716s] -- Detecting CXX compiler ABI info
[1.017s] -- Detecting CXX compiler ABI info - done
[1.031s] -- Check for working CXX compiler: /usr/bin/c++ - skipped
[1.031s] -- Detecting CXX compile features
[1.032s] -- Detecting CXX compile features - done
[1.034s] -- Found ament_cmake: 2.5.6 (/opt/ros/jazzy/share/ament_cmake/cmake)
[1.466s] -- Found Python3: /usr/bin/python3 (found version "3.12.3") found components: Interpreter 
[1.744s] -- Found example_interfaces: 0.12.1 (/opt/ros/jazzy/share/example_interfaces/cmake)
[1.914s] -- Found rosidl_generator_c: 4.6.9 (/opt/ros/jazzy/share/rosidl_generator_c/cmake)
[1.951s] -- Found rosidl_generator_cpp: 4.6.9 (/opt/ros/jazzy/share/rosidl_generator_cpp/cmake)
[1.981s] -- Using all available rosidl_typesupport_c: rosidl_typesupport_fastrtps_c;rosidl_typesupport_introspection_c
[2.014s] -- Using all available rosidl_typesupport_cpp: rosidl_typesupport_fastrtps_cpp;rosidl_typesupport_introspection_cpp
[2.227s] -- Found rclcpp: 28.1.21 (/opt/ros/jazzy/share/rclcpp/cmake)
[2.369s] -- Found rmw_implementation_cmake: 7.3.3 (/opt/ros/jazzy/share/rmw_implementation_cmake/cmake)
[2.375s] -- Found rmw_cyclonedds_cpp: 2.2.3 (/opt/ros/jazzy/share/rmw_cyclonedds_cpp/cmake)
[2.475s] -- Using RMW implementation 'rmw_cyclonedds_cpp' as default
[2.729s] -- Found ament_lint_auto: 0.17.5 (/opt/ros/jazzy/share/ament_lint_auto/cmake)
[3.173s] -- Added test 'copyright' to check source files copyright and LICENSE
[3.183s] -- Added test 'cppcheck' to perform static code analysis on C / C++ code
[3.183s] -- Configured cppcheck include dirs: 
[3.183s] -- Configured cppcheck exclude dirs and/or files: 
[3.192s] -- Added test 'cpplint' to check C / C++ code against the Google style
[3.192s] -- Configured cpplint exclude dirs and/or files: 
[3.195s] -- Added test 'lint_cmake' to check CMake code style
[3.196s] -- Added test 'uncrustify' to check C / C++ code style
[3.201s] -- Configured uncrustify additional arguments: 
[3.208s] -- Added test 'xmllint' to check XML markup files
[3.214s] -- Configuring done (3.2s)
[3.305s] -- Generating done (0.1s)
[3.339s] -- Build files have been written to: /home/nicholas/Documents/ROS2_notes/ros2_ws/build/examples_rclcpp_async_client
[3.426s] Invoked command in '/home/nicholas/Documents/ROS2_notes/ros2_ws/build/examples_rclcpp_async_client' returned '0': CMAKE_PREFIX_PATH=${CMAKE_PREFIX_PATH}:/opt/ros/jazzy DEBUGINFOD_URLS=https://debuginfod.ubuntu.com /usr/bin/cmake /home/nicholas/Documents/ROS2_notes/ros2_ws/src/examples/rclcpp/services/async_client -DCMAKE_INSTALL_PREFIX=/home/nicholas/Documents/ROS2_notes/ros2_ws/install/examples_rclcpp_async_client
[3.427s] Invoking command in '/home/nicholas/Documents/ROS2_notes/ros2_ws/build/examples_rclcpp_async_client': CMAKE_PREFIX_PATH=${CMAKE_PREFIX_PATH}:/opt/ros/jazzy DEBUGINFOD_URLS=https://debuginfod.ubuntu.com /usr/bin/cmake --build /home/nicholas/Documents/ROS2_notes/ros2_ws/build/examples_rclcpp_async_client -- -j8 -l8
[3.842s] [ 50%] [32mBuilding CXX object CMakeFiles/client_main.dir/main.cpp.o[0m
[33.153s] [100%] [32m[1mLinking CXX executable client_main[0m
[34.594s] [100%] Built target client_main
[34.697s] Invoked command in '/home/nicholas/Documents/ROS2_notes/ros2_ws/build/examples_rclcpp_async_client' returned '0': CMAKE_PREFIX_PATH=${CMAKE_PREFIX_PATH}:/opt/ros/jazzy DEBUGINFOD_URLS=https://debuginfod.ubuntu.com /usr/bin/cmake --build /home/nicholas/Documents/ROS2_notes/ros2_ws/build/examples_rclcpp_async_client -- -j8 -l8
[34.698s] Invoking command in '/home/nicholas/Documents/ROS2_notes/ros2_ws/build/examples_rclcpp_async_client': CMAKE_PREFIX_PATH=${CMAKE_PREFIX_PATH}:/opt/ros/jazzy DEBUGINFOD_URLS=https://debuginfod.ubuntu.com /usr/bin/cmake --install /home/nicholas/Documents/ROS2_notes/ros2_ws/build/examples_rclcpp_async_client
[37.221s] -- Install configuration: ""
[37.222s] -- Installing: /home/nicholas/Documents/ROS2_notes/ros2_ws/install/examples_rclcpp_async_client/lib/examples_rclcpp_async_client/client_main
[37.222s] -- Set non-toolchain portion of runtime path of "/home/nicholas/Documents/ROS2_notes/ros2_ws/install/examples_rclcpp_async_client/lib/examples_rclcpp_async_client/client_main" to ""
[37.222s] -- Installing: /home/nicholas/Documents/ROS2_notes/ros2_ws/install/examples_rclcpp_async_client/share/ament_index/resource_index/package_run_dependencies/examples_rclcpp_async_client
[37.222s] -- Installing: /home/nicholas/Documents/ROS2_notes/ros2_ws/install/examples_rclcpp_async_client/share/ament_index/resource_index/parent_prefix_path/examples_rclcpp_async_client
[37.222s] -- Installing: /home/nicholas/Documents/ROS2_notes/ros2_ws/install/examples_rclcpp_async_client/share/examples_rclcpp_async_client/environment/ament_prefix_path.sh
[37.222s] -- Installing: /home/nicholas/Documents/ROS2_notes/ros2_ws/install/examples_rclcpp_async_client/share/examples_rclcpp_async_client/environment/ament_prefix_path.dsv
[37.223s] -- Installing: /home/nicholas/Documents/ROS2_notes/ros2_ws/install/examples_rclcpp_async_client/share/examples_rclcpp_async_client/environment/path.sh
[37.223s] -- Installing: /home/nicholas/Documents/ROS2_notes/ros2_ws/install/examples_rclcpp_async_client/share/examples_rclcpp_async_client/environment/path.dsv
[37.223s] -- Installing: /home/nicholas/Documents/ROS2_notes/ros2_ws/install/examples_rclcpp_async_client/share/examples_rclcpp_async_client/local_setup.bash
[37.223s] -- Installing: /home/nicholas/Documents/ROS2_notes/ros2_ws/install/examples_rclcpp_async_client/share/examples_rclcpp_async_client/local_setup.sh
[37.223s] -- Installing: /home/nicholas/Documents/ROS2_notes/ros2_ws/install/examples_rclcpp_async_client/share/examples_rclcpp_async_client/local_setup.zsh
[37.223s] -- Installing: /home/nicholas/Documents/ROS2_notes/ros2_ws/install/examples_rclcpp_async_client/share/examples_rclcpp_async_client/local_setup.dsv
[37.224s] -- Installing: /home/nicholas/Documents/ROS2_notes/ros2_ws/install/examples_rclcpp_async_client/share/examples_rclcpp_async_client/package.dsv
[37.224s] -- Installing: /home/nicholas/Documents/ROS2_notes/ros2_ws/install/examples_rclcpp_async_client/share/ament_index/resource_index/packages/examples_rclcpp_async_client
[37.224s] -- Installing: /home/nicholas/Documents/ROS2_notes/ros2_ws/install/examples_rclcpp_async_client/share/examples_rclcpp_async_client/cmake/examples_rclcpp_async_clientConfig.cmake
[37.227s] -- Installing: /home/nicholas/Documents/ROS2_notes/ros2_ws/install/examples_rclcpp_async_client/share/examples_rclcpp_async_client/cmake/examples_rclcpp_async_clientConfig-version.cmake
[37.227s] -- Installing: /home/nicholas/Documents/ROS2_notes/ros2_ws/install/examples_rclcpp_async_client/share/examples_rclcpp_async_client/package.xml
[37.340s] Invoked command in '/home/nicholas/Documents/ROS2_notes/ros2_ws/build/examples_rclcpp_async_client' returned '0': CMAKE_PREFIX_PATH=${CMAKE_PREFIX_PATH}:/opt/ros/jazzy DEBUGINFOD_URLS=https://debuginfod.ubuntu.com /usr/bin/cmake --install /home/nicholas/Documents/ROS2_notes/ros2_ws/build/examples_rclcpp_async_client
