[4.122s] Invoking command in '/home/nicholas/Documents/ROS2_notes/ros2_ws/src/examples/rclpy/guard_conditions': DEBUGINFOD_URLS=https://debuginfod.ubuntu.com PYTHONPATH=/home/nicholas/Documents/ROS2_notes/ros2_ws/build/examples_rclpy_guard_conditions/prefix_override:/usr/lib/python3/dist-packages/colcon_core/task/python/colcon_distutils_commands:/home/nicholas/Documents/ROS2_notes/ros2_ws/install/examples_rclpy_guard_conditions/lib/python3.12/site-packages:${PYTHONPATH} /usr/bin/python3 -W ignore:setup.py install is deprecated -W ignore:easy_install command is deprecated setup.py egg_info --egg-base ../../../../build/examples_rclpy_guard_conditions build --build-base /home/nicholas/Documents/ROS2_notes/ros2_ws/build/examples_rclpy_guard_conditions/build install --record /home/nicholas/Documents/ROS2_notes/ros2_ws/build/examples_rclpy_guard_conditions/install.log --install-scripts $base/lib/examples_rclpy_guard_conditions --single-version-externally-managed install_data
[5.793s] running egg_info
[5.793s] creating ../../../../build/examples_rclpy_guard_conditions/examples_rclpy_guard_conditions.egg-info
[5.793s] writing ../../../../build/examples_rclpy_guard_conditions/examples_rclpy_guard_conditions.egg-info/PKG-INFO
[5.793s] writing dependency_links to ../../../../build/examples_rclpy_guard_conditions/examples_rclpy_guard_conditions.egg-info/dependency_links.txt
[5.794s] writing entry points to ../../../../build/examples_rclpy_guard_conditions/examples_rclpy_guard_conditions.egg-info/entry_points.txt
[5.794s] writing requirements to ../../../../build/examples_rclpy_guard_conditions/examples_rclpy_guard_conditions.egg-info/requires.txt
[5.794s] writing top-level names to ../../../../build/examples_rclpy_guard_conditions/examples_rclpy_guard_conditions.egg-info/top_level.txt
[5.794s] writing manifest file '../../../../build/examples_rclpy_guard_conditions/examples_rclpy_guard_conditions.egg-info/SOURCES.txt'
[5.794s] reading manifest file '../../../../build/examples_rclpy_guard_conditions/examples_rclpy_guard_conditions.egg-info/SOURCES.txt'
[5.798s] writing manifest file '../../../../build/examples_rclpy_guard_conditions/examples_rclpy_guard_conditions.egg-info/SOURCES.txt'
[5.798s] running build
[5.798s] running build_py
[5.798s] creating /home/nicholas/Documents/ROS2_notes/ros2_ws/build/examples_rclpy_guard_conditions/build
[5.798s] creating /home/nicholas/Documents/ROS2_notes/ros2_ws/build/examples_rclpy_guard_conditions/build/lib
[5.799s] creating /home/nicholas/Documents/ROS2_notes/ros2_ws/build/examples_rclpy_guard_conditions/build/lib/examples_rclpy_guard_conditions
[5.801s] copying examples_rclpy_guard_conditions/__init__.py -> /home/nicholas/Documents/ROS2_notes/ros2_ws/build/examples_rclpy_guard_conditions/build/lib/examples_rclpy_guard_conditions
[5.802s] copying examples_rclpy_guard_conditions/trigger_guard_condition.py -> /home/nicholas/Documents/ROS2_notes/ros2_ws/build/examples_rclpy_guard_conditions/build/lib/examples_rclpy_guard_conditions
[5.802s] running install
[5.802s] running install_lib
[5.802s] creating /home/nicholas/Documents/ROS2_notes/ros2_ws/install/examples_rclpy_guard_conditions/lib/python3.12/site-packages/examples_rclpy_guard_conditions
[5.802s] copying /home/nicholas/Documents/ROS2_notes/ros2_ws/build/examples_rclpy_guard_conditions/build/lib/examples_rclpy_guard_conditions/__init__.py -> /home/nicholas/Documents/ROS2_notes/ros2_ws/install/examples_rclpy_guard_conditions/lib/python3.12/site-packages/examples_rclpy_guard_conditions
[5.802s] copying /home/nicholas/Documents/ROS2_notes/ros2_ws/build/examples_rclpy_guard_conditions/build/lib/examples_rclpy_guard_conditions/trigger_guard_condition.py -> /home/nicholas/Documents/ROS2_notes/ros2_ws/install/examples_rclpy_guard_conditions/lib/python3.12/site-packages/examples_rclpy_guard_conditions
[5.802s] byte-compiling /home/nicholas/Documents/ROS2_notes/ros2_ws/install/examples_rclpy_guard_conditions/lib/python3.12/site-packages/examples_rclpy_guard_conditions/__init__.py to __init__.cpython-312.pyc
[5.803s] byte-compiling /home/nicholas/Documents/ROS2_notes/ros2_ws/install/examples_rclpy_guard_conditions/lib/python3.12/site-packages/examples_rclpy_guard_conditions/trigger_guard_condition.py to trigger_guard_condition.cpython-312.pyc
[5.803s] running install_data
[5.803s] creating /home/nicholas/Documents/ROS2_notes/ros2_ws/install/examples_rclpy_guard_conditions/share/ament_index
[5.803s] creating /home/nicholas/Documents/ROS2_notes/ros2_ws/install/examples_rclpy_guard_conditions/share/ament_index/resource_index
[5.803s] creating /home/nicholas/Documents/ROS2_notes/ros2_ws/install/examples_rclpy_guard_conditions/share/ament_index/resource_index/packages
[5.803s] copying resource/examples_rclpy_guard_conditions -> /home/nicholas/Documents/ROS2_notes/ros2_ws/install/examples_rclpy_guard_conditions/share/ament_index/resource_index/packages
[5.803s] copying package.xml -> /home/nicholas/Documents/ROS2_notes/ros2_ws/install/examples_rclpy_guard_conditions/share/examples_rclpy_guard_conditions
[5.803s] running install_egg_info
[5.808s] Copying ../../../../build/examples_rclpy_guard_conditions/examples_rclpy_guard_conditions.egg-info to /home/nicholas/Documents/ROS2_notes/ros2_ws/install/examples_rclpy_guard_conditions/lib/python3.12/site-packages/examples_rclpy_guard_conditions-0.19.7-py3.12.egg-info
[5.808s] running install_scripts
[5.858s] Installing trigger_guard_condition script to /home/nicholas/Documents/ROS2_notes/ros2_ws/install/examples_rclpy_guard_conditions/lib/examples_rclpy_guard_conditions
[5.859s] writing list of installed files to '/home/nicholas/Documents/ROS2_notes/ros2_ws/build/examples_rclpy_guard_conditions/install.log'
[6.989s] Invoked command in '/home/nicholas/Documents/ROS2_notes/ros2_ws/src/examples/rclpy/guard_conditions' returned '0': DEBUGINFOD_URLS=https://debuginfod.ubuntu.com PYTHONPATH=/home/nicholas/Documents/ROS2_notes/ros2_ws/build/examples_rclpy_guard_conditions/prefix_override:/usr/lib/python3/dist-packages/colcon_core/task/python/colcon_distutils_commands:/home/nicholas/Documents/ROS2_notes/ros2_ws/install/examples_rclpy_guard_conditions/lib/python3.12/site-packages:${PYTHONPATH} /usr/bin/python3 -W ignore:setup.py install is deprecated -W ignore:easy_install command is deprecated setup.py egg_info --egg-base ../../../../build/examples_rclpy_guard_conditions build --build-base /home/nicholas/Documents/ROS2_notes/ros2_ws/build/examples_rclpy_guard_conditions/build install --record /home/nicholas/Documents/ROS2_notes/ros2_ws/build/examples_rclpy_guard_conditions/install.log --install-scripts $base/lib/examples_rclpy_guard_conditions --single-version-externally-managed install_data
