[0.071s] Invoking command in '/home/nicholas/Documents/ROS2_notes/ros2_ws/build/examples_rclcpp_minimal_service': CMAKE_PREFIX_PATH=${CMAKE_PREFIX_PATH}:/opt/ros/jazzy DEBUGINFOD_URLS=https://debuginfod.ubuntu.com /usr/bin/cmake --build /home/nicholas/Documents/ROS2_notes/ros2_ws/build/examples_rclcpp_minimal_service -- -j8 -l8
[0.286s] [100%] Built target service_main
[0.296s] Invoked command in '/home/nicholas/Documents/ROS2_notes/ros2_ws/build/examples_rclcpp_minimal_service' returned '0': CMAKE_PREFIX_PATH=${CMAKE_PREFIX_PATH}:/opt/ros/jazzy DEBUGINFOD_URLS=https://debuginfod.ubuntu.com /usr/bin/cmake --build /home/nicholas/Documents/ROS2_notes/ros2_ws/build/examples_rclcpp_minimal_service -- -j8 -l8
[0.296s] Invoking command in '/home/nicholas/Documents/ROS2_notes/ros2_ws/build/examples_rclcpp_minimal_service': CMAKE_PREFIX_PATH=${CMAKE_PREFIX_PATH}:/opt/ros/jazzy DEBUGINFOD_URLS=https://debuginfod.ubuntu.com /usr/bin/cmake --install /home/nicholas/Documents/ROS2_notes/ros2_ws/build/examples_rclcpp_minimal_service
[0.353s] -- Install configuration: ""
[0.353s] -- Up-to-date: /home/nicholas/Documents/ROS2_notes/ros2_ws/install/examples_rclcpp_minimal_service/lib/examples_rclcpp_minimal_service/service_main
[0.353s] -- Up-to-date: /home/nicholas/Documents/ROS2_notes/ros2_ws/install/examples_rclcpp_minimal_service/share/ament_index/resource_index/package_run_dependencies/examples_rclcpp_minimal_service
[0.353s] -- Up-to-date: /home/nicholas/Documents/ROS2_notes/ros2_ws/install/examples_rclcpp_minimal_service/share/ament_index/resource_index/parent_prefix_path/examples_rclcpp_minimal_service
[0.353s] -- Up-to-date: /home/nicholas/Documents/ROS2_notes/ros2_ws/install/examples_rclcpp_minimal_service/share/examples_rclcpp_minimal_service/environment/ament_prefix_path.sh
[0.354s] -- Up-to-date: /home/nicholas/Documents/ROS2_notes/ros2_ws/install/examples_rclcpp_minimal_service/share/examples_rclcpp_minimal_service/environment/ament_prefix_path.dsv
[0.354s] -- Up-to-date: /home/nicholas/Documents/ROS2_notes/ros2_ws/install/examples_rclcpp_minimal_service/share/examples_rclcpp_minimal_service/environment/path.sh
[0.354s] -- Up-to-date: /home/nicholas/Documents/ROS2_notes/ros2_ws/install/examples_rclcpp_minimal_service/share/examples_rclcpp_minimal_service/environment/path.dsv
[0.354s] -- Up-to-date: /home/nicholas/Documents/ROS2_notes/ros2_ws/install/examples_rclcpp_minimal_service/share/examples_rclcpp_minimal_service/local_setup.bash
[0.354s] -- Up-to-date: /home/nicholas/Documents/ROS2_notes/ros2_ws/install/examples_rclcpp_minimal_service/share/examples_rclcpp_minimal_service/local_setup.sh
[0.354s] -- Up-to-date: /home/nicholas/Documents/ROS2_notes/ros2_ws/install/examples_rclcpp_minimal_service/share/examples_rclcpp_minimal_service/local_setup.zsh
[0.354s] -- Up-to-date: /home/nicholas/Documents/ROS2_notes/ros2_ws/install/examples_rclcpp_minimal_service/share/examples_rclcpp_minimal_service/local_setup.dsv
[0.354s] -- Installing: /home/nicholas/Documents/ROS2_notes/ros2_ws/install/examples_rclcpp_minimal_service/share/examples_rclcpp_minimal_service/package.dsv
[0.354s] -- Up-to-date: /home/nicholas/Documents/ROS2_notes/ros2_ws/install/examples_rclcpp_minimal_service/share/ament_index/resource_index/packages/examples_rclcpp_minimal_service
[0.354s] -- Up-to-date: /home/nicholas/Documents/ROS2_notes/ros2_ws/install/examples_rclcpp_minimal_service/share/examples_rclcpp_minimal_service/cmake/examples_rclcpp_minimal_serviceConfig.cmake
[0.355s] -- Up-to-date: /home/nicholas/Documents/ROS2_notes/ros2_ws/install/examples_rclcpp_minimal_service/share/examples_rclcpp_minimal_service/cmake/examples_rclcpp_minimal_serviceConfig-version.cmake
[0.355s] -- Up-to-date: /home/nicholas/Documents/ROS2_notes/ros2_ws/install/examples_rclcpp_minimal_service/share/examples_rclcpp_minimal_service/package.xml
[0.359s] Invoked command in '/home/nicholas/Documents/ROS2_notes/ros2_ws/build/examples_rclcpp_minimal_service' returned '0': CMAKE_PREFIX_PATH=${CMAKE_PREFIX_PATH}:/opt/ros/jazzy DEBUGINFOD_URLS=https://debuginfod.ubuntu.com /usr/bin/cmake --install /home/nicholas/Documents/ROS2_notes/ros2_ws/build/examples_rclcpp_minimal_service
