[3.303s] Invoking command in '/home/nicholas/Documents/ROS2_notes/ros2_ws/src/examples/rclpy/services/minimal_service': DEBUGINFOD_URLS=https://debuginfod.ubuntu.com PYTHONPATH=/home/nicholas/Documents/ROS2_notes/ros2_ws/build/examples_rclpy_minimal_service/prefix_override:/usr/lib/python3/dist-packages/colcon_core/task/python/colcon_distutils_commands:/home/nicholas/Documents/ROS2_notes/ros2_ws/install/examples_rclpy_minimal_service/lib/python3.12/site-packages:${PYTHONPATH} /usr/bin/python3 -W ignore:setup.py install is deprecated -W ignore:easy_install command is deprecated setup.py egg_info --egg-base ../../../../../build/examples_rclpy_minimal_service build --build-base /home/nicholas/Documents/ROS2_notes/ros2_ws/build/examples_rclpy_minimal_service/build install --record /home/nicholas/Documents/ROS2_notes/ros2_ws/build/examples_rclpy_minimal_service/install.log --install-scripts $base/lib/examples_rclpy_minimal_service --single-version-externally-managed install_data
[4.286s] running egg_info
[4.289s] creating ../../../../../build/examples_rclpy_minimal_service/examples_rclpy_minimal_service.egg-info
[4.352s] writing ../../../../../build/examples_rclpy_minimal_service/examples_rclpy_minimal_service.egg-info/PKG-INFO
[4.352s] writing dependency_links to ../../../../../build/examples_rclpy_minimal_service/examples_rclpy_minimal_service.egg-info/dependency_links.txt
[4.352s] writing entry points to ../../../../../build/examples_rclpy_minimal_service/examples_rclpy_minimal_service.egg-info/entry_points.txt
[4.353s] writing requirements to ../../../../../build/examples_rclpy_minimal_service/examples_rclpy_minimal_service.egg-info/requires.txt
[4.354s] writing top-level names to ../../../../../build/examples_rclpy_minimal_service/examples_rclpy_minimal_service.egg-info/top_level.txt
[4.354s] writing manifest file '../../../../../build/examples_rclpy_minimal_service/examples_rclpy_minimal_service.egg-info/SOURCES.txt'
[4.470s] reading manifest file '../../../../../build/examples_rclpy_minimal_service/examples_rclpy_minimal_service.egg-info/SOURCES.txt'
[4.473s] writing manifest file '../../../../../build/examples_rclpy_minimal_service/examples_rclpy_minimal_service.egg-info/SOURCES.txt'
[4.473s] running build
[4.473s] running build_py
[4.474s] creating /home/nicholas/Documents/ROS2_notes/ros2_ws/build/examples_rclpy_minimal_service/build
[4.479s] creating /home/nicholas/Documents/ROS2_notes/ros2_ws/build/examples_rclpy_minimal_service/build/lib
[4.481s] creating /home/nicholas/Documents/ROS2_notes/ros2_ws/build/examples_rclpy_minimal_service/build/lib/examples_rclpy_minimal_service
[4.481s] copying examples_rclpy_minimal_service/__init__.py -> /home/nicholas/Documents/ROS2_notes/ros2_ws/build/examples_rclpy_minimal_service/build/lib/examples_rclpy_minimal_service
[4.483s] copying examples_rclpy_minimal_service/service.py -> /home/nicholas/Documents/ROS2_notes/ros2_ws/build/examples_rclpy_minimal_service/build/lib/examples_rclpy_minimal_service
[4.484s] copying examples_rclpy_minimal_service/service_member_function.py -> /home/nicholas/Documents/ROS2_notes/ros2_ws/build/examples_rclpy_minimal_service/build/lib/examples_rclpy_minimal_service
[4.486s] running install
[4.507s] running install_lib
[4.566s] creating /home/nicholas/Documents/ROS2_notes/ros2_ws/install/examples_rclpy_minimal_service/lib/python3.12/site-packages/examples_rclpy_minimal_service
[4.571s] copying /home/nicholas/Documents/ROS2_notes/ros2_ws/build/examples_rclpy_minimal_service/build/lib/examples_rclpy_minimal_service/__init__.py -> /home/nicholas/Documents/ROS2_notes/ros2_ws/install/examples_rclpy_minimal_service/lib/python3.12/site-packages/examples_rclpy_minimal_service
[4.571s] copying /home/nicholas/Documents/ROS2_notes/ros2_ws/build/examples_rclpy_minimal_service/build/lib/examples_rclpy_minimal_service/service.py -> /home/nicholas/Documents/ROS2_notes/ros2_ws/install/examples_rclpy_minimal_service/lib/python3.12/site-packages/examples_rclpy_minimal_service
[4.573s] copying /home/nicholas/Documents/ROS2_notes/ros2_ws/build/examples_rclpy_minimal_service/build/lib/examples_rclpy_minimal_service/service_member_function.py -> /home/nicholas/Documents/ROS2_notes/ros2_ws/install/examples_rclpy_minimal_service/lib/python3.12/site-packages/examples_rclpy_minimal_service
[4.576s] byte-compiling /home/nicholas/Documents/ROS2_notes/ros2_ws/install/examples_rclpy_minimal_service/lib/python3.12/site-packages/examples_rclpy_minimal_service/__init__.py to __init__.cpython-312.pyc
[4.578s] byte-compiling /home/nicholas/Documents/ROS2_notes/ros2_ws/install/examples_rclpy_minimal_service/lib/python3.12/site-packages/examples_rclpy_minimal_service/service.py to service.cpython-312.pyc
[4.580s] byte-compiling /home/nicholas/Documents/ROS2_notes/ros2_ws/install/examples_rclpy_minimal_service/lib/python3.12/site-packages/examples_rclpy_minimal_service/service_member_function.py to service_member_function.cpython-312.pyc
[4.583s] running install_data
[4.584s] creating /home/nicholas/Documents/ROS2_notes/ros2_ws/install/examples_rclpy_minimal_service/share/ament_index
[4.585s] creating /home/nicholas/Documents/ROS2_notes/ros2_ws/install/examples_rclpy_minimal_service/share/ament_index/resource_index
[4.585s] creating /home/nicholas/Documents/ROS2_notes/ros2_ws/install/examples_rclpy_minimal_service/share/ament_index/resource_index/packages
[4.588s] copying resource/examples_rclpy_minimal_service -> /home/nicholas/Documents/ROS2_notes/ros2_ws/install/examples_rclpy_minimal_service/share/ament_index/resource_index/packages
[4.589s] copying package.xml -> /home/nicholas/Documents/ROS2_notes/ros2_ws/install/examples_rclpy_minimal_service/share/examples_rclpy_minimal_service
[4.590s] running install_egg_info
[4.642s] Copying ../../../../../build/examples_rclpy_minimal_service/examples_rclpy_minimal_service.egg-info to /home/nicholas/Documents/ROS2_notes/ros2_ws/install/examples_rclpy_minimal_service/lib/python3.12/site-packages/examples_rclpy_minimal_service-0.19.7-py3.12.egg-info
[4.648s] running install_scripts
[4.930s] Installing service script to /home/nicholas/Documents/ROS2_notes/ros2_ws/install/examples_rclpy_minimal_service/lib/examples_rclpy_minimal_service
[4.931s] Installing service_member_function script to /home/nicholas/Documents/ROS2_notes/ros2_ws/install/examples_rclpy_minimal_service/lib/examples_rclpy_minimal_service
[4.932s] writing list of installed files to '/home/nicholas/Documents/ROS2_notes/ros2_ws/build/examples_rclpy_minimal_service/install.log'
[5.084s] Invoked command in '/home/nicholas/Documents/ROS2_notes/ros2_ws/src/examples/rclpy/services/minimal_service' returned '0': DEBUGINFOD_URLS=https://debuginfod.ubuntu.com PYTHONPATH=/home/nicholas/Documents/ROS2_notes/ros2_ws/build/examples_rclpy_minimal_service/prefix_override:/usr/lib/python3/dist-packages/colcon_core/task/python/colcon_distutils_commands:/home/nicholas/Documents/ROS2_notes/ros2_ws/install/examples_rclpy_minimal_service/lib/python3.12/site-packages:${PYTHONPATH} /usr/bin/python3 -W ignore:setup.py install is deprecated -W ignore:easy_install command is deprecated setup.py egg_info --egg-base ../../../../../build/examples_rclpy_minimal_service build --build-base /home/nicholas/Documents/ROS2_notes/ros2_ws/build/examples_rclpy_minimal_service/build install --record /home/nicholas/Documents/ROS2_notes/ros2_ws/build/examples_rclpy_minimal_service/install.log --install-scripts $base/lib/examples_rclpy_minimal_service --single-version-externally-managed install_data
