/home/nicholas/Documents/ROS2_notes/ros2_ws/install/examples_rclpy_minimal_action_client/lib/python3.12/site-packages/examples_rclpy_minimal_action_client/__init__.py
/home/nicholas/Documents/ROS2_notes/ros2_ws/install/examples_rclpy_minimal_action_client/lib/python3.12/site-packages/examples_rclpy_minimal_action_client/client_asyncio.py
/home/nicholas/Documents/ROS2_notes/ros2_ws/install/examples_rclpy_minimal_action_client/lib/python3.12/site-packages/examples_rclpy_minimal_action_client/client_not_composable.py
/home/nicholas/Documents/ROS2_notes/ros2_ws/install/examples_rclpy_minimal_action_client/lib/python3.12/site-packages/examples_rclpy_minimal_action_client/client.py
/home/nicholas/Documents/ROS2_notes/ros2_ws/install/examples_rclpy_minimal_action_client/lib/python3.12/site-packages/examples_rclpy_minimal_action_client/client_cancel.py
/home/nicholas/Documents/ROS2_notes/ros2_ws/install/examples_rclpy_minimal_action_client/lib/python3.12/site-packages/examples_rclpy_minimal_action_client/__pycache__/__init__.cpython-312.pyc
/home/nicholas/Documents/ROS2_notes/ros2_ws/install/examples_rclpy_minimal_action_client/lib/python3.12/site-packages/examples_rclpy_minimal_action_client/__pycache__/client_asyncio.cpython-312.pyc
/home/nicholas/Documents/ROS2_notes/ros2_ws/install/examples_rclpy_minimal_action_client/lib/python3.12/site-packages/examples_rclpy_minimal_action_client/__pycache__/client_not_composable.cpython-312.pyc
/home/nicholas/Documents/ROS2_notes/ros2_ws/install/examples_rclpy_minimal_action_client/lib/python3.12/site-packages/examples_rclpy_minimal_action_client/__pycache__/client.cpython-312.pyc
/home/nicholas/Documents/ROS2_notes/ros2_ws/install/examples_rclpy_minimal_action_client/lib/python3.12/site-packages/examples_rclpy_minimal_action_client/__pycache__/client_cancel.cpython-312.pyc
/home/nicholas/Documents/ROS2_notes/ros2_ws/install/examples_rclpy_minimal_action_client/share/ament_index/resource_index/packages/examples_rclpy_minimal_action_client
/home/nicholas/Documents/ROS2_notes/ros2_ws/install/examples_rclpy_minimal_action_client/share/examples_rclpy_minimal_action_client/package.xml
/home/nicholas/Documents/ROS2_notes/ros2_ws/install/examples_rclpy_minimal_action_client/lib/python3.12/site-packages/examples_rclpy_minimal_action_client-0.19.7-py3.12.egg-info/zip-safe
/home/nicholas/Documents/ROS2_notes/ros2_ws/install/examples_rclpy_minimal_action_client/lib/python3.12/site-packages/examples_rclpy_minimal_action_client-0.19.7-py3.12.egg-info/entry_points.txt
/home/nicholas/Documents/ROS2_notes/ros2_ws/install/examples_rclpy_minimal_action_client/lib/python3.12/site-packages/examples_rclpy_minimal_action_client-0.19.7-py3.12.egg-info/requires.txt
/home/nicholas/Documents/ROS2_notes/ros2_ws/install/examples_rclpy_minimal_action_client/lib/python3.12/site-packages/examples_rclpy_minimal_action_client-0.19.7-py3.12.egg-info/top_level.txt
/home/nicholas/Documents/ROS2_notes/ros2_ws/install/examples_rclpy_minimal_action_client/lib/python3.12/site-packages/examples_rclpy_minimal_action_client-0.19.7-py3.12.egg-info/SOURCES.txt
/home/nicholas/Documents/ROS2_notes/ros2_ws/install/examples_rclpy_minimal_action_client/lib/python3.12/site-packages/examples_rclpy_minimal_action_client-0.19.7-py3.12.egg-info/dependency_links.txt
/home/nicholas/Documents/ROS2_notes/ros2_ws/install/examples_rclpy_minimal_action_client/lib/python3.12/site-packages/examples_rclpy_minimal_action_client-0.19.7-py3.12.egg-info/PKG-INFO
/home/nicholas/Documents/ROS2_notes/ros2_ws/install/examples_rclpy_minimal_action_client/lib/examples_rclpy_minimal_action_client/client
/home/nicholas/Documents/ROS2_notes/ros2_ws/install/examples_rclpy_minimal_action_client/lib/examples_rclpy_minimal_action_client/client_asyncio
/home/nicholas/Documents/ROS2_notes/ros2_ws/install/examples_rclpy_minimal_action_client/lib/examples_rclpy_minimal_action_client/client_cancel
/home/nicholas/Documents/ROS2_notes/ros2_ws/install/examples_rclpy_minimal_action_client/lib/examples_rclpy_minimal_action_client/client_not_composable
