[0.050s] Invoking command in '/home/nicholas/Documents/ROS2_notes/ros2_ws/build/examples_rclcpp_minimal_publisher': CMAKE_PREFIX_PATH=${CMAKE_PREFIX_PATH}:/opt/ros/jazzy DEBUGINFOD_URLS=https://debuginfod.ubuntu.com /usr/bin/cmake --build /home/nicholas/Documents/ROS2_notes/ros2_ws/build/examples_rclcpp_minimal_publisher -- -j8 -l8
[0.239s] [ 16%] Built target publisher_lambda
[0.332s] [ 33%] Built target publisher_not_composable
[0.418s] [ 50%] Built target publisher_wait_for_all_acked
[0.495s] [ 66%] Built target publisher_member_function_with_unique_network_flow_endpoints
[0.587s] [ 83%] Built target publisher_member_function_with_type_adapter
[0.672s] [100%] Built target publisher_member_function
[0.726s] Invoked command in '/home/nicholas/Documents/ROS2_notes/ros2_ws/build/examples_rclcpp_minimal_publisher' returned '0': CMAKE_PREFIX_PATH=${CMAKE_PREFIX_PATH}:/opt/ros/jazzy DEBUGINFOD_URLS=https://debuginfod.ubuntu.com /usr/bin/cmake --build /home/nicholas/Documents/ROS2_notes/ros2_ws/build/examples_rclcpp_minimal_publisher -- -j8 -l8
[0.730s] Invoking command in '/home/nicholas/Documents/ROS2_notes/ros2_ws/build/examples_rclcpp_minimal_publisher': CMAKE_PREFIX_PATH=${CMAKE_PREFIX_PATH}:/opt/ros/jazzy DEBUGINFOD_URLS=https://debuginfod.ubuntu.com /usr/bin/cmake --install /home/nicholas/Documents/ROS2_notes/ros2_ws/build/examples_rclcpp_minimal_publisher
[0.770s] -- Install configuration: ""
[0.771s] -- Up-to-date: /home/nicholas/Documents/ROS2_notes/ros2_ws/install/examples_rclcpp_minimal_publisher/lib/examples_rclcpp_minimal_publisher/publisher_lambda
[0.774s] -- Up-to-date: /home/nicholas/Documents/ROS2_notes/ros2_ws/install/examples_rclcpp_minimal_publisher/lib/examples_rclcpp_minimal_publisher/publisher_member_function
[0.775s] -- Up-to-date: /home/nicholas/Documents/ROS2_notes/ros2_ws/install/examples_rclcpp_minimal_publisher/lib/examples_rclcpp_minimal_publisher/publisher_member_function_with_type_adapter
[0.775s] -- Up-to-date: /home/nicholas/Documents/ROS2_notes/ros2_ws/install/examples_rclcpp_minimal_publisher/lib/examples_rclcpp_minimal_publisher/publisher_member_function_with_unique_network_flow_endpoints
[0.776s] -- Up-to-date: /home/nicholas/Documents/ROS2_notes/ros2_ws/install/examples_rclcpp_minimal_publisher/lib/examples_rclcpp_minimal_publisher/publisher_wait_for_all_acked
[0.776s] -- Up-to-date: /home/nicholas/Documents/ROS2_notes/ros2_ws/install/examples_rclcpp_minimal_publisher/lib/examples_rclcpp_minimal_publisher/publisher_not_composable
[0.776s] -- Up-to-date: /home/nicholas/Documents/ROS2_notes/ros2_ws/install/examples_rclcpp_minimal_publisher/share/ament_index/resource_index/package_run_dependencies/examples_rclcpp_minimal_publisher
[0.776s] -- Up-to-date: /home/nicholas/Documents/ROS2_notes/ros2_ws/install/examples_rclcpp_minimal_publisher/share/ament_index/resource_index/parent_prefix_path/examples_rclcpp_minimal_publisher
[0.776s] -- Up-to-date: /home/nicholas/Documents/ROS2_notes/ros2_ws/install/examples_rclcpp_minimal_publisher/share/examples_rclcpp_minimal_publisher/environment/ament_prefix_path.sh
[0.776s] -- Up-to-date: /home/nicholas/Documents/ROS2_notes/ros2_ws/install/examples_rclcpp_minimal_publisher/share/examples_rclcpp_minimal_publisher/environment/ament_prefix_path.dsv
[0.776s] -- Up-to-date: /home/nicholas/Documents/ROS2_notes/ros2_ws/install/examples_rclcpp_minimal_publisher/share/examples_rclcpp_minimal_publisher/environment/path.sh
[0.778s] -- Up-to-date: /home/nicholas/Documents/ROS2_notes/ros2_ws/install/examples_rclcpp_minimal_publisher/share/examples_rclcpp_minimal_publisher/environment/path.dsv
[0.779s] -- Up-to-date: /home/nicholas/Documents/ROS2_notes/ros2_ws/install/examples_rclcpp_minimal_publisher/share/examples_rclcpp_minimal_publisher/local_setup.bash
[0.780s] -- Up-to-date: /home/nicholas/Documents/ROS2_notes/ros2_ws/install/examples_rclcpp_minimal_publisher/share/examples_rclcpp_minimal_publisher/local_setup.sh
[0.780s] -- Up-to-date: /home/nicholas/Documents/ROS2_notes/ros2_ws/install/examples_rclcpp_minimal_publisher/share/examples_rclcpp_minimal_publisher/local_setup.zsh
[0.782s] -- Up-to-date: /home/nicholas/Documents/ROS2_notes/ros2_ws/install/examples_rclcpp_minimal_publisher/share/examples_rclcpp_minimal_publisher/local_setup.dsv
[0.783s] -- Installing: /home/nicholas/Documents/ROS2_notes/ros2_ws/install/examples_rclcpp_minimal_publisher/share/examples_rclcpp_minimal_publisher/package.dsv
[0.783s] -- Up-to-date: /home/nicholas/Documents/ROS2_notes/ros2_ws/install/examples_rclcpp_minimal_publisher/share/ament_index/resource_index/packages/examples_rclcpp_minimal_publisher
[0.783s] -- Up-to-date: /home/nicholas/Documents/ROS2_notes/ros2_ws/install/examples_rclcpp_minimal_publisher/share/examples_rclcpp_minimal_publisher/cmake/examples_rclcpp_minimal_publisherConfig.cmake
[0.783s] -- Up-to-date: /home/nicholas/Documents/ROS2_notes/ros2_ws/install/examples_rclcpp_minimal_publisher/share/examples_rclcpp_minimal_publisher/cmake/examples_rclcpp_minimal_publisherConfig-version.cmake
[0.784s] -- Up-to-date: /home/nicholas/Documents/ROS2_notes/ros2_ws/install/examples_rclcpp_minimal_publisher/share/examples_rclcpp_minimal_publisher/package.xml
[1.444s] Invoked command in '/home/nicholas/Documents/ROS2_notes/ros2_ws/build/examples_rclcpp_minimal_publisher' returned '0': CMAKE_PREFIX_PATH=${CMAKE_PREFIX_PATH}:/opt/ros/jazzy DEBUGINFOD_URLS=https://debuginfod.ubuntu.com /usr/bin/cmake --install /home/nicholas/Documents/ROS2_notes/ros2_ws/build/examples_rclcpp_minimal_publisher
