[2.600s] Invoking command in '/home/nicholas/Documents/ROS2_notes/ros2_ws/src/examples/rclpy/actions/minimal_action_server': DEBUGINFOD_URLS=https://debuginfod.ubuntu.com PYTHONPATH=/home/nicholas/Documents/ROS2_notes/ros2_ws/build/examples_rclpy_minimal_action_server/prefix_override:/usr/lib/python3/dist-packages/colcon_core/task/python/colcon_distutils_commands:/home/nicholas/Documents/ROS2_notes/ros2_ws/install/examples_rclpy_minimal_action_server/lib/python3.12/site-packages:${PYTHONPATH} /usr/bin/python3 -W ignore:setup.py install is deprecated -W ignore:easy_install command is deprecated setup.py egg_info --egg-base ../../../../../build/examples_rclpy_minimal_action_server build --build-base /home/nicholas/Documents/ROS2_notes/ros2_ws/build/examples_rclpy_minimal_action_server/build install --record /home/nicholas/Documents/ROS2_notes/ros2_ws/build/examples_rclpy_minimal_action_server/install.log --install-scripts $base/lib/examples_rclpy_minimal_action_server --single-version-externally-managed install_data
[3.419s] running egg_info
[3.420s] creating ../../../../../build/examples_rclpy_minimal_action_server/examples_rclpy_minimal_action_server.egg-info
[3.458s] writing ../../../../../build/examples_rclpy_minimal_action_server/examples_rclpy_minimal_action_server.egg-info/PKG-INFO
[3.462s] writing dependency_links to ../../../../../build/examples_rclpy_minimal_action_server/examples_rclpy_minimal_action_server.egg-info/dependency_links.txt
[3.466s] writing entry points to ../../../../../build/examples_rclpy_minimal_action_server/examples_rclpy_minimal_action_server.egg-info/entry_points.txt
[3.467s] writing requirements to ../../../../../build/examples_rclpy_minimal_action_server/examples_rclpy_minimal_action_server.egg-info/requires.txt
[3.467s] writing top-level names to ../../../../../build/examples_rclpy_minimal_action_server/examples_rclpy_minimal_action_server.egg-info/top_level.txt
[3.467s] writing manifest file '../../../../../build/examples_rclpy_minimal_action_server/examples_rclpy_minimal_action_server.egg-info/SOURCES.txt'
[3.543s] reading manifest file '../../../../../build/examples_rclpy_minimal_action_server/examples_rclpy_minimal_action_server.egg-info/SOURCES.txt'
[3.550s] writing manifest file '../../../../../build/examples_rclpy_minimal_action_server/examples_rclpy_minimal_action_server.egg-info/SOURCES.txt'
[3.550s] running build
[3.551s] running build_py
[3.553s] creating /home/nicholas/Documents/ROS2_notes/ros2_ws/build/examples_rclpy_minimal_action_server/build
[3.553s] creating /home/nicholas/Documents/ROS2_notes/ros2_ws/build/examples_rclpy_minimal_action_server/build/lib
[3.553s] creating /home/nicholas/Documents/ROS2_notes/ros2_ws/build/examples_rclpy_minimal_action_server/build/lib/examples_rclpy_minimal_action_server
[3.554s] copying examples_rclpy_minimal_action_server/server_queue_goals.py -> /home/nicholas/Documents/ROS2_notes/ros2_ws/build/examples_rclpy_minimal_action_server/build/lib/examples_rclpy_minimal_action_server
[3.554s] copying examples_rclpy_minimal_action_server/server_not_composable.py -> /home/nicholas/Documents/ROS2_notes/ros2_ws/build/examples_rclpy_minimal_action_server/build/lib/examples_rclpy_minimal_action_server
[3.554s] copying examples_rclpy_minimal_action_server/server.py -> /home/nicholas/Documents/ROS2_notes/ros2_ws/build/examples_rclpy_minimal_action_server/build/lib/examples_rclpy_minimal_action_server
[3.554s] copying examples_rclpy_minimal_action_server/server_defer.py -> /home/nicholas/Documents/ROS2_notes/ros2_ws/build/examples_rclpy_minimal_action_server/build/lib/examples_rclpy_minimal_action_server
[3.554s] copying examples_rclpy_minimal_action_server/__init__.py -> /home/nicholas/Documents/ROS2_notes/ros2_ws/build/examples_rclpy_minimal_action_server/build/lib/examples_rclpy_minimal_action_server
[3.554s] copying examples_rclpy_minimal_action_server/server_single_goal.py -> /home/nicholas/Documents/ROS2_notes/ros2_ws/build/examples_rclpy_minimal_action_server/build/lib/examples_rclpy_minimal_action_server
[3.554s] running install
[3.560s] running install_lib
[3.591s] creating /home/nicholas/Documents/ROS2_notes/ros2_ws/install/examples_rclpy_minimal_action_server/lib/python3.12/site-packages/examples_rclpy_minimal_action_server
[3.591s] copying /home/nicholas/Documents/ROS2_notes/ros2_ws/build/examples_rclpy_minimal_action_server/build/lib/examples_rclpy_minimal_action_server/server_queue_goals.py -> /home/nicholas/Documents/ROS2_notes/ros2_ws/install/examples_rclpy_minimal_action_server/lib/python3.12/site-packages/examples_rclpy_minimal_action_server
[3.593s] copying /home/nicholas/Documents/ROS2_notes/ros2_ws/build/examples_rclpy_minimal_action_server/build/lib/examples_rclpy_minimal_action_server/server_not_composable.py -> /home/nicholas/Documents/ROS2_notes/ros2_ws/install/examples_rclpy_minimal_action_server/lib/python3.12/site-packages/examples_rclpy_minimal_action_server
[3.594s] copying /home/nicholas/Documents/ROS2_notes/ros2_ws/build/examples_rclpy_minimal_action_server/build/lib/examples_rclpy_minimal_action_server/server.py -> /home/nicholas/Documents/ROS2_notes/ros2_ws/install/examples_rclpy_minimal_action_server/lib/python3.12/site-packages/examples_rclpy_minimal_action_server
[3.594s] copying /home/nicholas/Documents/ROS2_notes/ros2_ws/build/examples_rclpy_minimal_action_server/build/lib/examples_rclpy_minimal_action_server/server_defer.py -> /home/nicholas/Documents/ROS2_notes/ros2_ws/install/examples_rclpy_minimal_action_server/lib/python3.12/site-packages/examples_rclpy_minimal_action_server
[3.594s] copying /home/nicholas/Documents/ROS2_notes/ros2_ws/build/examples_rclpy_minimal_action_server/build/lib/examples_rclpy_minimal_action_server/__init__.py -> /home/nicholas/Documents/ROS2_notes/ros2_ws/install/examples_rclpy_minimal_action_server/lib/python3.12/site-packages/examples_rclpy_minimal_action_server
[3.594s] copying /home/nicholas/Documents/ROS2_notes/ros2_ws/build/examples_rclpy_minimal_action_server/build/lib/examples_rclpy_minimal_action_server/server_single_goal.py -> /home/nicholas/Documents/ROS2_notes/ros2_ws/install/examples_rclpy_minimal_action_server/lib/python3.12/site-packages/examples_rclpy_minimal_action_server
[3.599s] byte-compiling /home/nicholas/Documents/ROS2_notes/ros2_ws/install/examples_rclpy_minimal_action_server/lib/python3.12/site-packages/examples_rclpy_minimal_action_server/server_queue_goals.py to server_queue_goals.cpython-312.pyc
[3.599s] byte-compiling /home/nicholas/Documents/ROS2_notes/ros2_ws/install/examples_rclpy_minimal_action_server/lib/python3.12/site-packages/examples_rclpy_minimal_action_server/server_not_composable.py to server_not_composable.cpython-312.pyc
[3.601s] byte-compiling /home/nicholas/Documents/ROS2_notes/ros2_ws/install/examples_rclpy_minimal_action_server/lib/python3.12/site-packages/examples_rclpy_minimal_action_server/server.py to server.cpython-312.pyc
[3.603s] byte-compiling /home/nicholas/Documents/ROS2_notes/ros2_ws/install/examples_rclpy_minimal_action_server/lib/python3.12/site-packages/examples_rclpy_minimal_action_server/server_defer.py to server_defer.cpython-312.pyc
[3.605s] byte-compiling /home/nicholas/Documents/ROS2_notes/ros2_ws/install/examples_rclpy_minimal_action_server/lib/python3.12/site-packages/examples_rclpy_minimal_action_server/__init__.py to __init__.cpython-312.pyc
[3.606s] byte-compiling /home/nicholas/Documents/ROS2_notes/ros2_ws/install/examples_rclpy_minimal_action_server/lib/python3.12/site-packages/examples_rclpy_minimal_action_server/server_single_goal.py to server_single_goal.cpython-312.pyc
[3.608s] running install_data
[3.609s] creating /home/nicholas/Documents/ROS2_notes/ros2_ws/install/examples_rclpy_minimal_action_server/share/ament_index
[3.609s] creating /home/nicholas/Documents/ROS2_notes/ros2_ws/install/examples_rclpy_minimal_action_server/share/ament_index/resource_index
[3.610s] creating /home/nicholas/Documents/ROS2_notes/ros2_ws/install/examples_rclpy_minimal_action_server/share/ament_index/resource_index/packages
[3.611s] copying resource/examples_rclpy_minimal_action_server -> /home/nicholas/Documents/ROS2_notes/ros2_ws/install/examples_rclpy_minimal_action_server/share/ament_index/resource_index/packages
[3.612s] copying package.xml -> /home/nicholas/Documents/ROS2_notes/ros2_ws/install/examples_rclpy_minimal_action_server/share/examples_rclpy_minimal_action_server
[3.612s] running install_egg_info
[3.648s] Copying ../../../../../build/examples_rclpy_minimal_action_server/examples_rclpy_minimal_action_server.egg-info to /home/nicholas/Documents/ROS2_notes/ros2_ws/install/examples_rclpy_minimal_action_server/lib/python3.12/site-packages/examples_rclpy_minimal_action_server-0.19.7-py3.12.egg-info
[3.658s] running install_scripts
[3.968s] Installing server script to /home/nicholas/Documents/ROS2_notes/ros2_ws/install/examples_rclpy_minimal_action_server/lib/examples_rclpy_minimal_action_server
[3.971s] Installing server_defer script to /home/nicholas/Documents/ROS2_notes/ros2_ws/install/examples_rclpy_minimal_action_server/lib/examples_rclpy_minimal_action_server
[3.971s] Installing server_not_composable script to /home/nicholas/Documents/ROS2_notes/ros2_ws/install/examples_rclpy_minimal_action_server/lib/examples_rclpy_minimal_action_server
[3.972s] Installing server_queue_goals script to /home/nicholas/Documents/ROS2_notes/ros2_ws/install/examples_rclpy_minimal_action_server/lib/examples_rclpy_minimal_action_server
[3.973s] Installing server_single_goal script to /home/nicholas/Documents/ROS2_notes/ros2_ws/install/examples_rclpy_minimal_action_server/lib/examples_rclpy_minimal_action_server
[3.973s] writing list of installed files to '/home/nicholas/Documents/ROS2_notes/ros2_ws/build/examples_rclpy_minimal_action_server/install.log'
[4.184s] Invoked command in '/home/nicholas/Documents/ROS2_notes/ros2_ws/src/examples/rclpy/actions/minimal_action_server' returned '0': DEBUGINFOD_URLS=https://debuginfod.ubuntu.com PYTHONPATH=/home/nicholas/Documents/ROS2_notes/ros2_ws/build/examples_rclpy_minimal_action_server/prefix_override:/usr/lib/python3/dist-packages/colcon_core/task/python/colcon_distutils_commands:/home/nicholas/Documents/ROS2_notes/ros2_ws/install/examples_rclpy_minimal_action_server/lib/python3.12/site-packages:${PYTHONPATH} /usr/bin/python3 -W ignore:setup.py install is deprecated -W ignore:easy_install command is deprecated setup.py egg_info --egg-base ../../../../../build/examples_rclpy_minimal_action_server build --build-base /home/nicholas/Documents/ROS2_notes/ros2_ws/build/examples_rclpy_minimal_action_server/build install --record /home/nicholas/Documents/ROS2_notes/ros2_ws/build/examples_rclpy_minimal_action_server/install.log --install-scripts $base/lib/examples_rclpy_minimal_action_server --single-version-externally-managed install_data
