[0.065s] Invoking command in '/home/nicholas/Documents/ROS2_notes/ros2_ws/build/examples_rclcpp_minimal_service': CMAKE_PREFIX_PATH=${CMAKE_PREFIX_PATH}:/opt/ros/jazzy DEBUGINFOD_URLS=https://debuginfod.ubuntu.com /usr/bin/cmake /home/nicholas/Documents/ROS2_notes/ros2_ws/src/examples/rclcpp/services/minimal_service -DCMAKE_INSTALL_PREFIX=/home/nicholas/Documents/ROS2_notes/ros2_ws/install/examples_rclcpp_minimal_service
[2.720s] -- The C compiler identification is GNU 13.3.0
[2.720s] -- The CXX compiler identification is GNU 13.3.0
[2.720s] -- Detecting C compiler ABI info
[2.720s] -- Detecting C compiler ABI info - done
[2.720s] -- Check for working C compiler: /usr/bin/cc - skipped
[2.721s] -- Detecting C compile features
[2.721s] -- Detecting C compile features - done
[2.721s] -- Detecting CXX compiler ABI info
[2.721s] -- Detecting CXX compiler ABI info - done
[2.721s] -- Check for working CXX compiler: /usr/bin/c++ - skipped
[2.721s] -- Detecting CXX compile features
[2.721s] -- Detecting CXX compile features - done
[2.721s] -- Found ament_cmake: 2.5.6 (/opt/ros/jazzy/share/ament_cmake/cmake)
[2.721s] -- Found Python3: /usr/bin/python3 (found version "3.12.3") found components: Interpreter 
[2.722s] -- Found example_interfaces: 0.12.1 (/opt/ros/jazzy/share/example_interfaces/cmake)
[2.722s] -- Found rosidl_generator_c: 4.6.9 (/opt/ros/jazzy/share/rosidl_generator_c/cmake)
[2.722s] -- Found rosidl_generator_cpp: 4.6.9 (/opt/ros/jazzy/share/rosidl_generator_cpp/cmake)
[2.722s] -- Using all available rosidl_typesupport_c: rosidl_typesupport_fastrtps_c;rosidl_typesupport_introspection_c
[2.722s] -- Using all available rosidl_typesupport_cpp: rosidl_typesupport_fastrtps_cpp;rosidl_typesupport_introspection_cpp
[2.722s] -- Found rclcpp: 28.1.21 (/opt/ros/jazzy/share/rclcpp/cmake)
[2.722s] -- Found rmw_implementation_cmake: 7.3.3 (/opt/ros/jazzy/share/rmw_implementation_cmake/cmake)
[2.723s] -- Found rmw_cyclonedds_cpp: 2.2.3 (/opt/ros/jazzy/share/rmw_cyclonedds_cpp/cmake)
[2.723s] -- Using RMW implementation 'rmw_cyclonedds_cpp' as default
[2.733s] -- Found ament_lint_auto: 0.17.5 (/opt/ros/jazzy/share/ament_lint_auto/cmake)
[3.499s] -- Added test 'copyright' to check source files copyright and LICENSE
[3.515s] -- Added test 'cppcheck' to perform static code analysis on C / C++ code
[3.517s] -- Configured cppcheck include dirs: 
[3.517s] -- Configured cppcheck exclude dirs and/or files: 
[3.517s] -- Added test 'cpplint' to check C / C++ code against the Google style
[3.520s] -- Configured cpplint exclude dirs and/or files: 
[3.527s] -- Added test 'lint_cmake' to check CMake code style
[3.527s] -- Added test 'uncrustify' to check C / C++ code style
[3.546s] -- Configured uncrustify additional arguments: 
[3.546s] -- Added test 'xmllint' to check XML markup files
[3.559s] -- Configuring done (3.5s)
[3.673s] -- Generating done (0.1s)
[3.714s] -- Build files have been written to: /home/nicholas/Documents/ROS2_notes/ros2_ws/build/examples_rclcpp_minimal_service
[3.820s] Invoked command in '/home/nicholas/Documents/ROS2_notes/ros2_ws/build/examples_rclcpp_minimal_service' returned '0': CMAKE_PREFIX_PATH=${CMAKE_PREFIX_PATH}:/opt/ros/jazzy DEBUGINFOD_URLS=https://debuginfod.ubuntu.com /usr/bin/cmake /home/nicholas/Documents/ROS2_notes/ros2_ws/src/examples/rclcpp/services/minimal_service -DCMAKE_INSTALL_PREFIX=/home/nicholas/Documents/ROS2_notes/ros2_ws/install/examples_rclcpp_minimal_service
[3.821s] Invoking command in '/home/nicholas/Documents/ROS2_notes/ros2_ws/build/examples_rclcpp_minimal_service': CMAKE_PREFIX_PATH=${CMAKE_PREFIX_PATH}:/opt/ros/jazzy DEBUGINFOD_URLS=https://debuginfod.ubuntu.com /usr/bin/cmake --build /home/nicholas/Documents/ROS2_notes/ros2_ws/build/examples_rclcpp_minimal_service -- -j8 -l8
[31.393s] [ 50%] [32mBuilding CXX object CMakeFiles/service_main.dir/main.cpp.o[0m
[31.393s] [100%] [32m[1mLinking CXX executable service_main[0m
[31.393s] [100%] Built target service_main
[31.394s] Invoked command in '/home/nicholas/Documents/ROS2_notes/ros2_ws/build/examples_rclcpp_minimal_service' returned '0': CMAKE_PREFIX_PATH=${CMAKE_PREFIX_PATH}:/opt/ros/jazzy DEBUGINFOD_URLS=https://debuginfod.ubuntu.com /usr/bin/cmake --build /home/nicholas/Documents/ROS2_notes/ros2_ws/build/examples_rclcpp_minimal_service -- -j8 -l8
[31.435s] Invoking command in '/home/nicholas/Documents/ROS2_notes/ros2_ws/build/examples_rclcpp_minimal_service': CMAKE_PREFIX_PATH=${CMAKE_PREFIX_PATH}:/opt/ros/jazzy DEBUGINFOD_URLS=https://debuginfod.ubuntu.com /usr/bin/cmake --install /home/nicholas/Documents/ROS2_notes/ros2_ws/build/examples_rclcpp_minimal_service
[32.642s] -- Install configuration: ""
[32.651s] -- Installing: /home/nicholas/Documents/ROS2_notes/ros2_ws/install/examples_rclcpp_minimal_service/lib/examples_rclcpp_minimal_service/service_main
[32.663s] -- Set non-toolchain portion of runtime path of "/home/nicholas/Documents/ROS2_notes/ros2_ws/install/examples_rclcpp_minimal_service/lib/examples_rclcpp_minimal_service/service_main" to ""
[32.663s] -- Installing: /home/nicholas/Documents/ROS2_notes/ros2_ws/install/examples_rclcpp_minimal_service/share/ament_index/resource_index/package_run_dependencies/examples_rclcpp_minimal_service
[32.663s] -- Installing: /home/nicholas/Documents/ROS2_notes/ros2_ws/install/examples_rclcpp_minimal_service/share/ament_index/resource_index/parent_prefix_path/examples_rclcpp_minimal_service
[32.663s] -- Installing: /home/nicholas/Documents/ROS2_notes/ros2_ws/install/examples_rclcpp_minimal_service/share/examples_rclcpp_minimal_service/environment/ament_prefix_path.sh
[32.663s] -- Installing: /home/nicholas/Documents/ROS2_notes/ros2_ws/install/examples_rclcpp_minimal_service/share/examples_rclcpp_minimal_service/environment/ament_prefix_path.dsv
[32.663s] -- Installing: /home/nicholas/Documents/ROS2_notes/ros2_ws/install/examples_rclcpp_minimal_service/share/examples_rclcpp_minimal_service/environment/path.sh
[32.664s] -- Installing: /home/nicholas/Documents/ROS2_notes/ros2_ws/install/examples_rclcpp_minimal_service/share/examples_rclcpp_minimal_service/environment/path.dsv
[32.664s] -- Installing: /home/nicholas/Documents/ROS2_notes/ros2_ws/install/examples_rclcpp_minimal_service/share/examples_rclcpp_minimal_service/local_setup.bash
[32.664s] -- Installing: /home/nicholas/Documents/ROS2_notes/ros2_ws/install/examples_rclcpp_minimal_service/share/examples_rclcpp_minimal_service/local_setup.sh
[32.664s] -- Installing: /home/nicholas/Documents/ROS2_notes/ros2_ws/install/examples_rclcpp_minimal_service/share/examples_rclcpp_minimal_service/local_setup.zsh
[32.664s] -- Installing: /home/nicholas/Documents/ROS2_notes/ros2_ws/install/examples_rclcpp_minimal_service/share/examples_rclcpp_minimal_service/local_setup.dsv
[32.664s] -- Installing: /home/nicholas/Documents/ROS2_notes/ros2_ws/install/examples_rclcpp_minimal_service/share/examples_rclcpp_minimal_service/package.dsv
[32.664s] -- Installing: /home/nicholas/Documents/ROS2_notes/ros2_ws/install/examples_rclcpp_minimal_service/share/ament_index/resource_index/packages/examples_rclcpp_minimal_service
[32.665s] -- Installing: /home/nicholas/Documents/ROS2_notes/ros2_ws/install/examples_rclcpp_minimal_service/share/examples_rclcpp_minimal_service/cmake/examples_rclcpp_minimal_serviceConfig.cmake
[32.665s] -- Installing: /home/nicholas/Documents/ROS2_notes/ros2_ws/install/examples_rclcpp_minimal_service/share/examples_rclcpp_minimal_service/cmake/examples_rclcpp_minimal_serviceConfig-version.cmake
[32.665s] -- Installing: /home/nicholas/Documents/ROS2_notes/ros2_ws/install/examples_rclcpp_minimal_service/share/examples_rclcpp_minimal_service/package.xml
[32.694s] Invoked command in '/home/nicholas/Documents/ROS2_notes/ros2_ws/build/examples_rclcpp_minimal_service' returned '0': CMAKE_PREFIX_PATH=${CMAKE_PREFIX_PATH}:/opt/ros/jazzy DEBUGINFOD_URLS=https://debuginfod.ubuntu.com /usr/bin/cmake --install /home/nicholas/Documents/ROS2_notes/ros2_ws/build/examples_rclcpp_minimal_service
