[0.053s] Invoking command in '/home/nicholas/Documents/ROS2_notes/ros2_ws/build/examples_rclcpp_multithreaded_executor': CMAKE_PREFIX_PATH=${CMAKE_PREFIX_PATH}:/opt/ros/jazzy DEBUGINFOD_URLS=https://debuginfod.ubuntu.com /usr/bin/cmake /home/nicholas/Documents/ROS2_notes/ros2_ws/src/examples/rclcpp/executors/multithreaded_executor -DCMAKE_INSTALL_PREFIX=/home/nicholas/Documents/ROS2_notes/ros2_ws/install/examples_rclcpp_multithreaded_executor
[3.712s] -- The C compiler identification is GNU 13.3.0
[3.712s] -- The CXX compiler identification is GNU 13.3.0
[3.712s] -- Detecting C compiler ABI info
[3.713s] -- Detecting C compiler ABI info - done
[3.713s] -- Check for working C compiler: /usr/bin/cc - skipped
[3.713s] -- Detecting C compile features
[3.713s] -- Detecting C compile features - done
[3.713s] -- Detecting CXX compiler ABI info
[3.713s] -- Detecting CXX compiler ABI info - done
[3.714s] -- Check for working CXX compiler: /usr/bin/c++ - skipped
[3.714s] -- Detecting CXX compile features
[3.714s] -- Detecting CXX compile features - done
[3.714s] -- Found ament_cmake: 2.5.6 (/opt/ros/jazzy/share/ament_cmake/cmake)
[3.714s] -- Found Python3: /usr/bin/python3 (found version "3.12.3") found components: Interpreter 
[3.714s] -- Found rclcpp: 28.1.21 (/opt/ros/jazzy/share/rclcpp/cmake)
[3.719s] -- Found rosidl_generator_c: 4.6.9 (/opt/ros/jazzy/share/rosidl_generator_c/cmake)
[3.719s] -- Found rosidl_generator_cpp: 4.6.9 (/opt/ros/jazzy/share/rosidl_generator_cpp/cmake)
[3.790s] -- Using all available rosidl_typesupport_c: rosidl_typesupport_fastrtps_c;rosidl_typesupport_introspection_c
[3.861s] -- Using all available rosidl_typesupport_cpp: rosidl_typesupport_fastrtps_cpp;rosidl_typesupport_introspection_cpp
[4.104s] -- Found rmw_implementation_cmake: 7.3.3 (/opt/ros/jazzy/share/rmw_implementation_cmake/cmake)
[4.124s] -- Found rmw_cyclonedds_cpp: 2.2.3 (/opt/ros/jazzy/share/rmw_cyclonedds_cpp/cmake)
[4.263s] -- Using RMW implementation 'rmw_cyclonedds_cpp' as default
[4.745s] -- Found std_msgs: 5.3.8 (/opt/ros/jazzy/share/std_msgs/cmake)
[4.869s] -- Found ament_lint_auto: 0.17.5 (/opt/ros/jazzy/share/ament_lint_auto/cmake)
[5.335s] -- Added test 'copyright' to check source files copyright and LICENSE
[5.339s] -- Added test 'cppcheck' to perform static code analysis on C / C++ code
[5.339s] -- Configured cppcheck include dirs: 
[5.339s] -- Configured cppcheck exclude dirs and/or files: 
[5.343s] -- Added test 'cpplint' to check C / C++ code against the Google style
[5.343s] -- Configured cpplint exclude dirs and/or files: 
[5.343s] -- Added test 'lint_cmake' to check CMake code style
[5.351s] -- Added test 'uncrustify' to check C / C++ code style
[5.351s] -- Configured uncrustify additional arguments: 
[5.351s] -- Added test 'xmllint' to check XML markup files
[5.355s] -- Configuring done (5.2s)
[5.384s] -- Generating done (0.0s)
[5.392s] -- Build files have been written to: /home/nicholas/Documents/ROS2_notes/ros2_ws/build/examples_rclcpp_multithreaded_executor
[6.181s] Invoked command in '/home/nicholas/Documents/ROS2_notes/ros2_ws/build/examples_rclcpp_multithreaded_executor' returned '0': CMAKE_PREFIX_PATH=${CMAKE_PREFIX_PATH}:/opt/ros/jazzy DEBUGINFOD_URLS=https://debuginfod.ubuntu.com /usr/bin/cmake /home/nicholas/Documents/ROS2_notes/ros2_ws/src/examples/rclcpp/executors/multithreaded_executor -DCMAKE_INSTALL_PREFIX=/home/nicholas/Documents/ROS2_notes/ros2_ws/install/examples_rclcpp_multithreaded_executor
[6.187s] Invoking command in '/home/nicholas/Documents/ROS2_notes/ros2_ws/build/examples_rclcpp_multithreaded_executor': CMAKE_PREFIX_PATH=${CMAKE_PREFIX_PATH}:/opt/ros/jazzy DEBUGINFOD_URLS=https://debuginfod.ubuntu.com /usr/bin/cmake --build /home/nicholas/Documents/ROS2_notes/ros2_ws/build/examples_rclcpp_multithreaded_executor -- -j8 -l8
[6.449s] [ 50%] [32mBuilding CXX object CMakeFiles/multithreaded_executor.dir/multithreaded_executor.cpp.o[0m
[28.931s] [100%] [32m[1mLinking CXX executable multithreaded_executor[0m
[29.733s] [100%] Built target multithreaded_executor
[29.757s] Invoked command in '/home/nicholas/Documents/ROS2_notes/ros2_ws/build/examples_rclcpp_multithreaded_executor' returned '0': CMAKE_PREFIX_PATH=${CMAKE_PREFIX_PATH}:/opt/ros/jazzy DEBUGINFOD_URLS=https://debuginfod.ubuntu.com /usr/bin/cmake --build /home/nicholas/Documents/ROS2_notes/ros2_ws/build/examples_rclcpp_multithreaded_executor -- -j8 -l8
[29.759s] Invoking command in '/home/nicholas/Documents/ROS2_notes/ros2_ws/build/examples_rclcpp_multithreaded_executor': CMAKE_PREFIX_PATH=${CMAKE_PREFIX_PATH}:/opt/ros/jazzy DEBUGINFOD_URLS=https://debuginfod.ubuntu.com /usr/bin/cmake --install /home/nicholas/Documents/ROS2_notes/ros2_ws/build/examples_rclcpp_multithreaded_executor
[29.773s] -- Install configuration: ""
[29.773s] -- Installing: /home/nicholas/Documents/ROS2_notes/ros2_ws/install/examples_rclcpp_multithreaded_executor/lib/examples_rclcpp_multithreaded_executor/multithreaded_executor
[29.781s] -- Set non-toolchain portion of runtime path of "/home/nicholas/Documents/ROS2_notes/ros2_ws/install/examples_rclcpp_multithreaded_executor/lib/examples_rclcpp_multithreaded_executor/multithreaded_executor" to ""
[29.781s] -- Installing: /home/nicholas/Documents/ROS2_notes/ros2_ws/install/examples_rclcpp_multithreaded_executor/share/ament_index/resource_index/package_run_dependencies/examples_rclcpp_multithreaded_executor
[29.782s] -- Installing: /home/nicholas/Documents/ROS2_notes/ros2_ws/install/examples_rclcpp_multithreaded_executor/share/ament_index/resource_index/parent_prefix_path/examples_rclcpp_multithreaded_executor
[29.783s] -- Installing: /home/nicholas/Documents/ROS2_notes/ros2_ws/install/examples_rclcpp_multithreaded_executor/share/examples_rclcpp_multithreaded_executor/environment/ament_prefix_path.sh
[29.783s] -- Installing: /home/nicholas/Documents/ROS2_notes/ros2_ws/install/examples_rclcpp_multithreaded_executor/share/examples_rclcpp_multithreaded_executor/environment/ament_prefix_path.dsv
[29.784s] -- Installing: /home/nicholas/Documents/ROS2_notes/ros2_ws/install/examples_rclcpp_multithreaded_executor/share/examples_rclcpp_multithreaded_executor/environment/path.sh
[29.784s] -- Installing: /home/nicholas/Documents/ROS2_notes/ros2_ws/install/examples_rclcpp_multithreaded_executor/share/examples_rclcpp_multithreaded_executor/environment/path.dsv
[29.784s] -- Installing: /home/nicholas/Documents/ROS2_notes/ros2_ws/install/examples_rclcpp_multithreaded_executor/share/examples_rclcpp_multithreaded_executor/local_setup.bash
[29.785s] -- Installing: /home/nicholas/Documents/ROS2_notes/ros2_ws/install/examples_rclcpp_multithreaded_executor/share/examples_rclcpp_multithreaded_executor/local_setup.sh
[29.785s] -- Installing: /home/nicholas/Documents/ROS2_notes/ros2_ws/install/examples_rclcpp_multithreaded_executor/share/examples_rclcpp_multithreaded_executor/local_setup.zsh
[29.786s] -- Installing: /home/nicholas/Documents/ROS2_notes/ros2_ws/install/examples_rclcpp_multithreaded_executor/share/examples_rclcpp_multithreaded_executor/local_setup.dsv
[29.786s] -- Installing: /home/nicholas/Documents/ROS2_notes/ros2_ws/install/examples_rclcpp_multithreaded_executor/share/examples_rclcpp_multithreaded_executor/package.dsv
[29.787s] -- Installing: /home/nicholas/Documents/ROS2_notes/ros2_ws/install/examples_rclcpp_multithreaded_executor/share/ament_index/resource_index/packages/examples_rclcpp_multithreaded_executor
[29.787s] -- Installing: /home/nicholas/Documents/ROS2_notes/ros2_ws/install/examples_rclcpp_multithreaded_executor/share/examples_rclcpp_multithreaded_executor/cmake/examples_rclcpp_multithreaded_executorConfig.cmake
[29.788s] -- Installing: /home/nicholas/Documents/ROS2_notes/ros2_ws/install/examples_rclcpp_multithreaded_executor/share/examples_rclcpp_multithreaded_executor/cmake/examples_rclcpp_multithreaded_executorConfig-version.cmake
[29.788s] -- Installing: /home/nicholas/Documents/ROS2_notes/ros2_ws/install/examples_rclcpp_multithreaded_executor/share/examples_rclcpp_multithreaded_executor/package.xml
[29.795s] Invoked command in '/home/nicholas/Documents/ROS2_notes/ros2_ws/build/examples_rclcpp_multithreaded_executor' returned '0': CMAKE_PREFIX_PATH=${CMAKE_PREFIX_PATH}:/opt/ros/jazzy DEBUGINFOD_URLS=https://debuginfod.ubuntu.com /usr/bin/cmake --install /home/nicholas/Documents/ROS2_notes/ros2_ws/build/examples_rclcpp_multithreaded_executor
