[2.850s] Invoking command in '/home/nicholas/Documents/ROS2_notes/ros2_ws/src/examples/rclpy/executors': DEBUGINFOD_URLS=https://debuginfod.ubuntu.com PYTHONPATH=/home/nicholas/Documents/ROS2_notes/ros2_ws/build/examples_rclpy_executors/prefix_override:/usr/lib/python3/dist-packages/colcon_core/task/python/colcon_distutils_commands:/home/nicholas/Documents/ROS2_notes/ros2_ws/install/examples_rclpy_executors/lib/python3.12/site-packages:${PYTHONPATH} /usr/bin/python3 -W ignore:setup.py install is deprecated -W ignore:easy_install command is deprecated setup.py egg_info --egg-base ../../../../build/examples_rclpy_executors build --build-base /home/nicholas/Documents/ROS2_notes/ros2_ws/build/examples_rclpy_executors/build install --record /home/nicholas/Documents/ROS2_notes/ros2_ws/build/examples_rclpy_executors/install.log --install-scripts $base/lib/examples_rclpy_executors --single-version-externally-managed install_data
[3.524s] running egg_info
[3.566s] writing ../../../../build/examples_rclpy_executors/examples_rclpy_executors.egg-info/PKG-INFO
[3.567s] writing dependency_links to ../../../../build/examples_rclpy_executors/examples_rclpy_executors.egg-info/dependency_links.txt
[3.567s] writing entry points to ../../../../build/examples_rclpy_executors/examples_rclpy_executors.egg-info/entry_points.txt
[3.569s] writing requirements to ../../../../build/examples_rclpy_executors/examples_rclpy_executors.egg-info/requires.txt
[3.569s] writing top-level names to ../../../../build/examples_rclpy_executors/examples_rclpy_executors.egg-info/top_level.txt
[3.658s] reading manifest file '../../../../build/examples_rclpy_executors/examples_rclpy_executors.egg-info/SOURCES.txt'
[3.659s] writing manifest file '../../../../build/examples_rclpy_executors/examples_rclpy_executors.egg-info/SOURCES.txt'
[3.662s] running build
[3.663s] running build_py
[3.663s] running install
[3.674s] running install_lib
[3.714s] running install_data
[3.714s] running install_egg_info
[3.750s] removing '/home/nicholas/Documents/ROS2_notes/ros2_ws/install/examples_rclpy_executors/lib/python3.12/site-packages/examples_rclpy_executors-0.19.7-py3.12.egg-info' (and everything under it)
[3.750s] Copying ../../../../build/examples_rclpy_executors/examples_rclpy_executors.egg-info to /home/nicholas/Documents/ROS2_notes/ros2_ws/install/examples_rclpy_executors/lib/python3.12/site-packages/examples_rclpy_executors-0.19.7-py3.12.egg-info
[3.757s] running install_scripts
[4.005s] Installing callback_group script to /home/nicholas/Documents/ROS2_notes/ros2_ws/install/examples_rclpy_executors/lib/examples_rclpy_executors
[4.008s] Installing composed script to /home/nicholas/Documents/ROS2_notes/ros2_ws/install/examples_rclpy_executors/lib/examples_rclpy_executors
[4.008s] Installing custom_callback_group script to /home/nicholas/Documents/ROS2_notes/ros2_ws/install/examples_rclpy_executors/lib/examples_rclpy_executors
[4.008s] Installing custom_executor script to /home/nicholas/Documents/ROS2_notes/ros2_ws/install/examples_rclpy_executors/lib/examples_rclpy_executors
[4.009s] Installing listener script to /home/nicholas/Documents/ROS2_notes/ros2_ws/install/examples_rclpy_executors/lib/examples_rclpy_executors
[4.009s] Installing talker script to /home/nicholas/Documents/ROS2_notes/ros2_ws/install/examples_rclpy_executors/lib/examples_rclpy_executors
[4.009s] writing list of installed files to '/home/nicholas/Documents/ROS2_notes/ros2_ws/build/examples_rclpy_executors/install.log'
[4.527s] Invoked command in '/home/nicholas/Documents/ROS2_notes/ros2_ws/src/examples/rclpy/executors' returned '0': DEBUGINFOD_URLS=https://debuginfod.ubuntu.com PYTHONPATH=/home/nicholas/Documents/ROS2_notes/ros2_ws/build/examples_rclpy_executors/prefix_override:/usr/lib/python3/dist-packages/colcon_core/task/python/colcon_distutils_commands:/home/nicholas/Documents/ROS2_notes/ros2_ws/install/examples_rclpy_executors/lib/python3.12/site-packages:${PYTHONPATH} /usr/bin/python3 -W ignore:setup.py install is deprecated -W ignore:easy_install command is deprecated setup.py egg_info --egg-base ../../../../build/examples_rclpy_executors build --build-base /home/nicholas/Documents/ROS2_notes/ros2_ws/build/examples_rclpy_executors/build install --record /home/nicholas/Documents/ROS2_notes/ros2_ws/build/examples_rclpy_executors/install.log --install-scripts $base/lib/examples_rclpy_executors --single-version-externally-managed install_data
