/home/nicholas/Documents/ROS2_notes/ros2_ws/install/examples_rclpy_minimal_client/lib/python3.12/site-packages/examples_rclpy_minimal_client/__init__.py
/home/nicholas/Documents/ROS2_notes/ros2_ws/install/examples_rclpy_minimal_client/lib/python3.12/site-packages/examples_rclpy_minimal_client/client_async_member_function.py
/home/nicholas/Documents/ROS2_notes/ros2_ws/install/examples_rclpy_minimal_client/lib/python3.12/site-packages/examples_rclpy_minimal_client/client_async.py
/home/nicholas/Documents/ROS2_notes/ros2_ws/install/examples_rclpy_minimal_client/lib/python3.12/site-packages/examples_rclpy_minimal_client/client.py
/home/nicholas/Documents/ROS2_notes/ros2_ws/install/examples_rclpy_minimal_client/lib/python3.12/site-packages/examples_rclpy_minimal_client/client_async_callback.py
/home/nicholas/Documents/ROS2_notes/ros2_ws/install/examples_rclpy_minimal_client/lib/python3.12/site-packages/examples_rclpy_minimal_client/__pycache__/__init__.cpython-312.pyc
/home/nicholas/Documents/ROS2_notes/ros2_ws/install/examples_rclpy_minimal_client/lib/python3.12/site-packages/examples_rclpy_minimal_client/__pycache__/client_async_member_function.cpython-312.pyc
/home/nicholas/Documents/ROS2_notes/ros2_ws/install/examples_rclpy_minimal_client/lib/python3.12/site-packages/examples_rclpy_minimal_client/__pycache__/client_async.cpython-312.pyc
/home/nicholas/Documents/ROS2_notes/ros2_ws/install/examples_rclpy_minimal_client/lib/python3.12/site-packages/examples_rclpy_minimal_client/__pycache__/client.cpython-312.pyc
/home/nicholas/Documents/ROS2_notes/ros2_ws/install/examples_rclpy_minimal_client/lib/python3.12/site-packages/examples_rclpy_minimal_client/__pycache__/client_async_callback.cpython-312.pyc
/home/nicholas/Documents/ROS2_notes/ros2_ws/install/examples_rclpy_minimal_client/share/ament_index/resource_index/packages/examples_rclpy_minimal_client
/home/nicholas/Documents/ROS2_notes/ros2_ws/install/examples_rclpy_minimal_client/share/examples_rclpy_minimal_client/package.xml
/home/nicholas/Documents/ROS2_notes/ros2_ws/install/examples_rclpy_minimal_client/lib/python3.12/site-packages/examples_rclpy_minimal_client-0.19.7-py3.12.egg-info/zip-safe
/home/nicholas/Documents/ROS2_notes/ros2_ws/install/examples_rclpy_minimal_client/lib/python3.12/site-packages/examples_rclpy_minimal_client-0.19.7-py3.12.egg-info/entry_points.txt
/home/nicholas/Documents/ROS2_notes/ros2_ws/install/examples_rclpy_minimal_client/lib/python3.12/site-packages/examples_rclpy_minimal_client-0.19.7-py3.12.egg-info/requires.txt
/home/nicholas/Documents/ROS2_notes/ros2_ws/install/examples_rclpy_minimal_client/lib/python3.12/site-packages/examples_rclpy_minimal_client-0.19.7-py3.12.egg-info/top_level.txt
/home/nicholas/Documents/ROS2_notes/ros2_ws/install/examples_rclpy_minimal_client/lib/python3.12/site-packages/examples_rclpy_minimal_client-0.19.7-py3.12.egg-info/SOURCES.txt
/home/nicholas/Documents/ROS2_notes/ros2_ws/install/examples_rclpy_minimal_client/lib/python3.12/site-packages/examples_rclpy_minimal_client-0.19.7-py3.12.egg-info/dependency_links.txt
/home/nicholas/Documents/ROS2_notes/ros2_ws/install/examples_rclpy_minimal_client/lib/python3.12/site-packages/examples_rclpy_minimal_client-0.19.7-py3.12.egg-info/PKG-INFO
/home/nicholas/Documents/ROS2_notes/ros2_ws/install/examples_rclpy_minimal_client/lib/examples_rclpy_minimal_client/client
/home/nicholas/Documents/ROS2_notes/ros2_ws/install/examples_rclpy_minimal_client/lib/examples_rclpy_minimal_client/client_async
/home/nicholas/Documents/ROS2_notes/ros2_ws/install/examples_rclpy_minimal_client/lib/examples_rclpy_minimal_client/client_async_callback
/home/nicholas/Documents/ROS2_notes/ros2_ws/install/examples_rclpy_minimal_client/lib/examples_rclpy_minimal_client/client_async_member_function
